OTHELLO
Settings: 
  Play mode:    	automatic
  Player first: 	Yes
  Clear screen: 	Yes
  Verbosity:    	0
  AI max depth: 	2 (fixed)
  AI timeout:   	30 seconds.
  AI time mode: 	Depth-limited
Enter moves in form xy (no space).

  a b c d e f g h
1 . . . . . . . .
2 . . . . . . . .
3 . . . . * . . .
4 . . . @ O * . .
5 . . * O @ . . .
6 . . . * . . . .
7 . . . . . . . .
8 . . . . . . . .
Score: 2-2

Valid moves: e3  f4  c5  d6  

Player moves: e3

  a b c d e f g h
1 . . . . . . . .
2 . . . . . . . .
3 . . . * @ * . .
4 . . . @ @ . . .
5 . . . O @ * . .
6 . . . . . . . .
7 . . . . . . . .
8 . . . . . . . .
Score: 4-1

Valid moves: d3  f3  f5  
Depth: 2

Examined 11/18 game states in 0 s.

Opponent moves: d3

  a b c d e f g h
1 . . . . . . . .
2 . . * . . . . .
3 . . * O @ . . .
4 . . * O @ . . .
5 . . * O @ . . .
6 . . * . . . . .
7 . . . . . . . .
8 . . . . . . . .
Score: 3-3

Valid moves: c2  c3  c4  c5  c6  

Player moves: c2

  a b c d e f g h
1 . . . . . . . .
2 . . @ * . * . .
3 . . . @ @ * . .
4 . . . O @ * . .
5 . . . O @ * . .
6 . . . . . * . .
7 . . . . . . . .
8 . . . . . . . .
Score: 5-2

Valid moves: d2  f2  f3  f4  f5  f6  
Depth: 2

Examined 34/42 game states in 0 s.

Opponent moves: f6

  a b c d e f g h
1 . . . . . . . .
2 . . @ . . . . .
3 . . . @ @ . . .
4 . . * O @ . . .
5 . . * O O . . .
6 . . * * * O . .
7 . . . . . . . .
8 . . . . . . . .
Score: 4-4

Valid moves: c4  c5  c6  d6  e6  

Player moves: c4

  a b c d e f g h
1 . . . . . . . .
2 . . @ * * . . .
3 . * * @ @ * . .
4 . . @ @ @ . . .
5 . . . O O . . .
6 . . . . . O . .
7 . . . . . . . .
8 . . . . . . . .
Score: 6-3

Valid moves: d2  e2  b3  c3  f3  
Depth: 2

Examined 33/38 game states in 0.016 s.

Opponent moves: c3

  a b c d e f g h
1 . . . . . . . .
2 . . @ . . . . .
3 . * O @ @ . . .
4 . . @ O @ . . .
5 . . * O O . . .
6 . . * * * O . .
7 . . . . . . . .
8 . . . . . . . .
Score: 5-5

Valid moves: b3  c5  c6  d6  e6  

Player moves: b3

  a b c d e f g h
1 . . . . . . . .
2 * * @ * * * . .
3 . @ @ @ @ * . .
4 . * @ O @ * . .
5 . . . O O . . .
6 . . . . . O . .
7 . . . . . . . .
8 . . . . . . . .
Score: 7-4

Valid moves: a2  b2  d2  e2  f2  f3  b4  f4  
Depth: 2

Examined 44/66 game states in 0 s.

Opponent moves: f4

  a b c d e f g h
1 . . . . . . . .
2 . . @ . . . . .
3 . @ @ @ @ . . .
4 . . @ O O O * .
5 . . * O O * * .
6 . . . * * O . .
7 . . . . . . * .
8 . . . . . . . .
Score: 6-6

Valid moves: g4  c5  f5  g5  d6  e6  g7  

Player moves: g4

  a b c d e f g h
1 . . . . . . . .
2 * * @ * * . . .
3 . @ @ @ @ * * .
4 . . @ @ @ @ @ .
5 . . . O O . . .
6 . . . . . O . .
7 . . . . . . . .
8 . . . . . . . .
Score: 10-3

Valid moves: a2  b2  d2  e2  f3  g3  
Depth: 2

Examined 31/51 game states in 0 s.

Opponent moves: f3

  a b c d e f g h
1 . . . . . . . .
2 . . @ . * * . .
3 . @ @ @ @ O * .
4 . . @ @ O @ @ .
5 . . . O O * . .
6 . . . * * O . .
7 . . . . . . * .
8 . . . . . . . .
Score: 9-5

Valid moves: e2  f2  g3  f5  d6  e6  g7  

Player moves: e2

  a b c d e f g h
1 . * . . * . . .
2 * * @ * @ . * .
3 . @ @ @ @ @ * .
4 . * @ @ O @ @ *
5 . . . O O . . .
6 . . . . . O . .
7 . . . . . . . .
8 . . . . . . . .
Score: 11-4

Valid moves: b1  e1  a2  b2  d2  g2  g3  b4  h4  
Depth: 2

Examined 42/81 game states in 0 s.

Opponent moves: h4

  a b c d e f g h
1 . . . . . . . .
2 . . @ . @ . . .
3 . @ @ @ @ @ . .
4 . . @ @ O O O O
5 . . . O O * * *
6 . . * * * O . .
7 . . . . . . * .
8 . . . . . . . .
Score: 9-7

Valid moves: f5  g5  h5  c6  d6  e6  g7  

Player moves: f5

  a b c d e f g h
1 . . . * * . . .
2 * * @ * @ * * .
3 . @ @ @ @ @ * .
4 . * @ @ @ @ O O
5 . . . O O @ * .
6 . . . . * O . .
7 . . . . . . . .
8 . . . . . . . .
Score: 12-5

Valid moves: d1  e1  a2  b2  d2  f2  g2  g3  b4  g5  e6  
Depth: 2

Examined 37/121 game states in 0 s.

Opponent moves: d1

  a b c d e f g h
1 . . . O * * . .
2 . . @ . O * * .
3 . @ @ @ @ O * *
4 . . @ @ @ @ O O
5 . . * O O @ . .
6 . . * * * O . .
7 . . . . . * * .
8 . . . . . . . .
Score: 10-8

Valid moves: e1  f1  f2  g2  g3  h3  c5  c6  d6  e6  f7  g7  

Player moves: e1

  a b c d e f g h
1 . . . O @ * . .
2 * * @ * @ . . .
3 * @ @ @ @ O * .
4 * * @ @ @ @ O O
5 . . . O O @ * .
6 . . . . * O . .
7 . . . . . . . .
8 . . . . . . . .
Score: 12-7

Valid moves: f1  a2  b2  d2  a3  g3  a4  b4  g5  e6  
Depth: 2

Examined 31/141 game states in 0 s.

Opponent moves: f1

  a b c d e f g h
1 . . . O O O . .
2 . . @ . @ * * .
3 . @ @ @ @ O * *
4 . . @ @ @ @ O O
5 . . * O O @ . *
6 . . * * * O . .
7 . . . . . * * .
8 . . . . . . . .
Score: 11-9

Valid moves: f2  g2  g3  h3  c5  h5  c6  d6  e6  f7  g7  

Player moves: f2

  a b c d e f g h
1 . . . O O O . .
2 * * @ * @ @ * .
3 . @ @ @ @ @ * .
4 * * @ @ @ @ O O
5 . * . O O @ * .
6 . . . . * O . .
7 . . . . . . . .
8 . . . . . . . .
Score: 13-8

Valid moves: a2  b2  d2  g2  g3  a4  b4  b5  g5  e6  
Depth: 2

Examined 63/109 game states in 0.016 s.

Opponent moves: e6

  a b c d e f g h
1 . . . O O O . .
2 . . @ . @ @ . .
3 . @ @ @ @ @ . .
4 . . @ @ @ @ O O
5 . . . O O O . *
6 . . * * O O * .
7 . . . . * * * .
8 . . . . . . . .
Score: 12-10

Valid moves: h5  c6  d6  g6  e7  f7  g7  

Player moves: h5

  a b c d e f g h
1 . * . O O O . .
2 * * @ * @ @ * .
3 . @ @ @ @ @ * *
4 * * @ @ @ @ @ O
5 . * . O O O . @
6 . . . . O O . *
7 . . . . . . . .
8 . . . . . . . .
Score: 14-9

Valid moves: b1  a2  b2  d2  g2  g3  h3  a4  b4  b5  h6  
Depth: 2

Examined 69/122 game states in 0 s.

Opponent moves: h6

  a b c d e f g h
1 . . . O O O . .
2 . . @ . @ @ . .
3 . @ @ @ @ @ . .
4 . . @ @ @ @ @ O
5 . . . O O O . O
6 . . * * O O * O
7 . . . * * * * .
8 . . . . . . . .
Score: 13-11

Valid moves: c6  d6  g6  d7  e7  f7  g7  

Player moves: c6

  a b c d e f g h
1 . * . O O O . .
2 * * @ . @ @ . .
3 . @ @ @ @ @ * *
4 * * @ @ @ @ @ O
5 . * * @ O O . O
6 . . @ . O O . O
7 . . . . . . . .
8 . . . . . . . .
Score: 15-10

Valid moves: b1  a2  b2  g3  h3  a4  b4  b5  c5  
Depth: 2

Examined 45/90 game states in 0.016 s.

Opponent moves: h3

  a b c d e f g h
1 . . . O O O . .
2 . . @ . @ @ . .
3 . @ @ @ @ @ . O
4 . . @ @ @ @ O O
5 . . . @ O O * O
6 . . @ * O O * O
7 . . . . * * * .
8 . . . . . . . .
Score: 14-12

Valid moves: g5  d6  g6  e7  f7  g7  

Player moves: g5

  a b c d e f g h
1 . . . O O O . .
2 * * @ * @ @ . .
3 . @ @ @ @ @ * O
4 * * @ @ @ @ O O
5 . * * @ @ @ @ O
6 . . @ . O O * O
7 . . . . . . . .
8 . . . . . . . .
Score: 17-10

Valid moves: a2  b2  d2  g3  a4  b4  b5  c5  g6  
Depth: 2

Examined 47/78 game states in 0 s.

Opponent moves: b4

  a b c d e f g h
1 . . . O O O . .
2 . . @ . @ @ . .
3 . @ @ @ @ @ * O
4 . O O O O O O O
5 * * * @ @ @ @ O
6 . . @ . O O . O
7 . . . * * * * .
8 . . . . . . . .
Score: 13-15

Valid moves: g3  a5  b5  c5  d7  e7  f7  g7  

Player moves: g3

  a b c d e f g h
1 . * * O O O * .
2 * * @ * @ @ * .
3 * @ @ @ @ @ @ O
4 * O O O O @ @ O
5 . . * @ @ @ @ O
6 . . @ * O O * O
7 . * . . . . . .
8 . . . . . . . .
Score: 16-13

Valid moves: b1  c1  g1  a2  b2  d2  g2  a3  a4  c5  d6  g6  b7  
Depth: 2

Examined 58/144 game states in 0.015 s.

Opponent moves: a3

  a b c d e f g h
1 . . . O O O . .
2 * * @ * @ @ * *
3 O O O O O O O O
4 * O O O O @ @ O
5 . * * @ @ @ @ O
6 . . @ . O O . O
7 . . . * * * * .
8 . . . . . . . .
Score: 10-20

Valid moves: a2  b2  d2  g2  h2  a4  b5  c5  d7  e7  f7  g7  

Player moves: a2

  a b c d e f g h
1 * * * O O O * .
2 @ * @ . @ @ . .
3 O @ O O O O O O
4 * O @ O O @ @ O
5 . * * @ @ @ @ O
6 . . @ * O O * O
7 . * . . . . . .
8 . . . . . . . .
Score: 13-18

Valid moves: a1  b1  c1  g1  b2  a4  b5  c5  d6  g6  b7  
Depth: 2

Examined 33/133 game states in 0 s.

Opponent moves: a1

  a b c d e f g h
1 O . . O O O . .
2 O * @ * @ @ * *
3 O @ O O O O O O
4 * O @ O O @ @ O
5 . * * @ @ @ @ O
6 . . @ . O O . O
7 . . . * * * * .
8 . . . . . . . .
Score: 12-20

Valid moves: b2  d2  g2  h2  a4  b5  c5  d7  e7  f7  g7  

Player moves: b2

  a b c d e f g h
1 O * * O O O * .
2 O @ @ * @ @ . .
3 O @ @ O O O O O
4 * O @ @ O @ @ O
5 . * * @ @ @ @ O
6 . . @ * O O * O
7 . * . . . . . .
8 . . . . . . . .
Score: 15-18

Valid moves: b1  c1  g1  d2  a4  b5  c5  d6  g6  b7  
Depth: 2

Examined 48/121 game states in 0.015 s.

Opponent moves: c1

  a b c d e f g h
1 O * O O O O . .
2 O O @ * @ @ * *
3 O @ @ O O O O O
4 * O @ @ O @ @ O
5 * * . @ @ @ @ O
6 . . @ . O O . O
7 . . . * * * * .
8 . . . . . . . .
Score: 14-20

Valid moves: b1  d2  g2  h2  a4  a5  b5  d7  e7  f7  g7  

Player moves: b1

  a b c d e f g h
1 O @ O O O O * .
2 O @ @ * @ @ . .
3 O @ @ O O O O O
4 * O @ @ O @ @ O
5 . * * @ @ @ @ O
6 . . @ * O O * O
7 . * . . . . . .
8 . . . . . . . .
Score: 16-19

Valid moves: g1  d2  a4  b5  c5  d6  g6  b7  
Depth: 2

Examined 44/101 game states in 0 s.

Opponent moves: a4

  a b c d e f g h
1 O @ O O O O * .
2 O @ O * @ @ * *
3 O O @ O O O O O
4 O O @ @ O @ @ O
5 * * . @ @ @ @ O
6 . . @ . O O . O
7 . . . * * * * .
8 . . . . . . . .
Score: 14-22

Valid moves: g1  d2  g2  h2  a5  b5  d7  e7  f7  g7  

Player moves: g1

  a b c d e f g h
1 O @ @ @ @ @ @ *
2 O @ O * @ @ . .
3 O O @ O O O O O
4 O O @ @ O @ @ O
5 . * * @ @ @ @ O
6 . . @ * O O * O
7 . * . . . . . .
8 . . . . . . . .
Score: 19-18

Valid moves: h1  d2  b5  c5  d6  g6  b7  
Depth: 2

Examined 23/77 game states in 0 s.

Opponent moves: h1

  a b c d e f g h
1 O O O O O O O O
2 O @ O * @ @ * *
3 O O @ O O O O O
4 O O @ @ O @ @ O
5 * * . @ @ @ @ O
6 . . @ . O O . O
7 . . . * * * * .
8 . . . . . . . .
Score: 13-25

Valid moves: d2  g2  h2  a5  b5  d7  e7  f7  g7  

Player moves: d2

  a b c d e f g h
1 O O O O O O O O
2 O @ @ @ @ @ * .
3 O O @ @ @ O O O
4 O O @ @ O @ @ O
5 . * * @ @ @ @ O
6 . . @ * O O * O
7 . * . . . . . .
8 . . . . . . . .
Score: 17-22

Valid moves: g2  b5  c5  d6  g6  b7  
Depth: 2

Examined 23/59 game states in 0 s.

Opponent moves: g2

  a b c d e f g h
1 O O O O O O O O
2 O O O O O O O *
3 O O @ @ @ O O O
4 O O @ @ O @ @ O
5 * . . @ @ @ @ O
6 . . @ . O O . O
7 . . . * * * * .
8 . . . . . . . .
Score: 12-28

Valid moves: h2  a5  d7  e7  f7  g7  

Player moves: h2

  a b c d e f g h
1 O O O O O O O O
2 O O O O O O O @
3 O O @ @ @ O @ O
4 O O @ @ O @ @ O
5 . * * @ @ @ @ O
6 . . @ * O O * O
7 . * . . . . . .
8 . . . . . . . .
Score: 14-27

Valid moves: b5  c5  d6  g6  b7  
Depth: 2

Examined 41/41 game states in 0.016 s.

Opponent moves: b7

  a b c d e f g h
1 O O O O O O O O
2 O O O O O O O @
3 O O @ @ @ O @ O
4 O O @ @ O @ @ O
5 * . * O @ @ @ O
6 . . O * O O . O
7 . O . * * * * *
8 . . . . . . . .
Score: 12-30

Valid moves: a5  c5  d6  d7  e7  f7  g7  h7  

Player moves: a5

  a b c d e f g h
1 O O O O O O O O
2 O O O O O O O @
3 O O @ @ @ O @ O
4 O @ @ @ O @ @ O
5 @ * * O @ @ @ O
6 * . O . O O * O
7 . O . . . . . .
8 . . . . . . . .
Score: 14-29

Valid moves: b5  c5  a6  g6  
Depth: 2

Examined 32/32 game states in 0 s.

Opponent moves: a6

  a b c d e f g h
1 O O O O O O O O
2 O O O O O O O @
3 O O @ @ @ O @ O
4 O @ @ @ O @ @ O
5 O . * O @ @ @ O
6 O . O * O O . O
7 . O . * * * * *
8 . . . . . . . .
Score: 13-31

Valid moves: c5  d6  d7  e7  f7  g7  h7  

Player moves: c5

  a b c d e f g h
1 O O O O O O O O
2 O O O O O O O @
3 O O @ @ @ O @ O
4 O @ @ @ O @ @ O
5 O * @ @ @ @ @ O
6 O * O * O O * O
7 . O . . . . . .
8 . . . . . . . .
Score: 15-30

Valid moves: b5  b6  d6  g6  
Depth: 2

Examined 35/37 game states in 0 s.

Opponent moves: b5

  a b c d e f g h
1 O O O O O O O O
2 O O O O O O O @
3 O O @ O @ O @ O
4 O O O @ O @ @ O
5 O O O O O O O O
6 O * O * O O * O
7 . O * * * * * *
8 . . . . . . . .
Score: 7-39

Valid moves: b6  d6  g6  c7  d7  e7  f7  g7  h7  

Player moves: b6

  a b c d e f g h
1 O O O O O O O O
2 O O O O O O O @
3 O O @ O @ O @ O
4 O O O @ O @ @ O
5 O O @ O O O O O
6 O @ O * O O . O
7 * O * . . . . .
8 . . . . . . . .
Score: 9-38

Valid moves: d6  a7  c7  
Depth: 2

Examined 27/28 game states in 0 s.

Opponent moves: a7

  a b c d e f g h
1 O O O O O O O O
2 O O O O O O O @
3 O O @ O O O @ O
4 O O O O O @ @ O
5 O O O O O O O O
6 O O O * O O * O
7 O O * * . * * *
8 . . . . . . . .
Score: 5-43

Valid moves: d6  g6  c7  d7  f7  g7  h7  

Player moves: d6

  a b c d e f g h
1 O O O O O O O O
2 O O O O O O O @
3 O O @ O O O @ O
4 O O O O O @ @ O
5 O O O O @ O O O
6 O O O @ O O . O
7 O O . * * . . .
8 . . . . . . . .
Score: 7-42

Valid moves: d7  e7  
Depth: 2

Examined 16/17 game states in 0 s.

Opponent moves: d7

  a b c d e f g h
1 O O O O O O O O
2 O O O O O O O @
3 O O @ O O O @ O
4 O O O O O @ @ O
5 O O O O @ O O O
6 O O O O O O * O
7 O O * O * * * *
8 . . * . . . . .
Score: 6-44

Valid moves: g6  c7  e7  f7  g7  h7  c8  

Player moves: g6

  a b c d e f g h
1 O O O O O O O O
2 O O O O O O O @
3 O O @ O O O @ O
4 O O O O O @ @ O
5 O O O O @ O @ O
6 O O O O O O @ O
7 O O . O . * * *
8 . . . . . . . .
Score: 8-43

Valid moves: f7  g7  h7  
Depth: 2

Examined 20/21 game states in 0 s.

Opponent moves: f7

  a b c d e f g h
1 O O O O O O O O
2 O O O O O O O @
3 O O @ O O O @ O
4 O O O O O @ @ O
5 O O O O @ O @ O
6 O O O O O O O O
7 O O * O * O * *
8 . . * . . * . .
Score: 7-45

Valid moves: c7  e7  g7  h7  c8  f8  

Player moves: c7

  a b c d e f g h
1 O O O O O O O O
2 O O O O O O O @
3 O O @ O O O @ O
4 O O @ O O @ @ O
5 O O @ O @ O @ O
6 O O @ @ O O O O
7 O O @ O * O . .
8 . . * * . . . .
Score: 12-41

Valid moves: e7  c8  d8  
Depth: 2

Examined 21/27 game states in 0 s.

Opponent moves: c8

  a b c d e f g h
1 O O O O O O O O
2 O O O O O O O @
3 O O O O O O @ O
4 O O O O O @ @ O
5 O O O O @ O @ O
6 O O O @ O O O O
7 O O O O * O * *
8 . * O * . * . .
Score: 7-47

Valid moves: e7  g7  h7  b8  d8  f8  

Player moves: e7

  a b c d e f g h
1 O O O O O O O O
2 O O O O O O O @
3 O O O O O O @ O
4 O O O O O @ @ O
5 O O O O @ O @ O
6 O O O @ @ @ O O
7 O O O O @ O * .
8 . . O * * * . .
Score: 10-45

Valid moves: g7  d8  e8  f8  
Depth: 2

Examined 16/27 game states in 0 s.

Opponent moves: g7

  a b c d e f g h
1 O O O O O O O O
2 O O O O O O O @
3 O O O O O O @ O
4 O O O O O @ @ O
5 O O O O O O @ O
6 O O O @ @ O O O
7 O O O O @ O O *
8 . * O * . * * .
Score: 8-48

Valid moves: h7  b8  d8  f8  g8  

Player moves: h7

  a b c d e f g h
1 O O O O O O O O
2 O O O O O O O @
3 O O O O O O @ @
4 O O O O O @ @ @
5 O O O O O O @ @
6 O O O @ @ O O @
7 O O O O @ @ @ @
8 . . O * * * * *
Score: 15-42

Valid moves: d8  e8  f8  g8  h8  
Depth: 2

Examined 19/23 game states in 0 s.

Opponent moves: h8

  a b c d e f g h
1 O O O O O O O O
2 O O O O O O O O
3 O O O O O O @ O
4 O O O O O @ @ O
5 O O O O O O @ O
6 O O O @ @ O O O
7 O O O O @ @ O O
8 . * O * . . * O
Score: 8-50

Valid moves: b8  d8  g8  

Player moves: b8

  a b c d e f g h
1 O O O O O O O O
2 O O O O O O O O
3 O O O O O O @ O
4 O O O O O @ @ O
5 O O O O O O @ O
6 O O O @ @ O O O
7 O O @ O @ @ O O
8 * @ O * * * * O
Score: 10-49

Valid moves: a8  d8  e8  f8  g8  
Depth: 2

Examined 12/19 game states in 0 s.

Opponent moves: a8

  a b c d e f g h
1 O O O O O O O O
2 O O O O O O O O
3 O O O O O O @ O
4 O O O O O @ @ O
5 O O O O O O @ O
6 O O O @ @ O O O
7 O O @ O @ @ O O
8 O O O * . . * O
Score: 9-51

Valid moves: d8  g8  

Player moves: d8

  a b c d e f g h
1 O O O O O O O O
2 O O O O O O O O
3 O O O O O O @ O
4 O O O O O @ @ O
5 O O O O O O @ O
6 O O O @ @ O O O
7 O O @ @ @ @ O O
8 O O O @ * * * O
Score: 11-50

Valid moves: e8  f8  g8  
Depth: 2

Examined 8/9 game states in 0 s.

Opponent moves: e8

  a b c d e f g h
1 O O O O O O O O
2 O O O O O O O O
3 O O O O O O @ O
4 O O O O O @ @ O
5 O O O O O O @ O
6 O O O @ O O O O
7 O O @ O O O O O
8 O O O O O * * O
Score: 6-56

Valid moves: f8  g8  

Player moves: f8

  a b c d e f g h
1 O O O O O O O O
2 O O O O O O O O
3 O O O O O O @ O
4 O O O O O @ @ O
5 O O O O O @ @ O
6 O O O @ O @ O O
7 O O @ O @ @ O O
8 O O O O O @ * O
Score: 11-52

Valid moves: g8  
Depth: 2

Examined 3/3 game states in 0 s.

Opponent moves: g8

  a b c d e f g h
1 O O O O O O O O
2 O O O O O O O O
3 O O O O O O @ O
4 O O O O O @ @ O
5 O O O O O @ @ O
6 O O O @ O @ O O
7 O O @ O @ O O O
8 O O O O O O O O
Score: 9-55

Score: 9-55
Game over.

Game took 1.171 s.
