  Play mode:    	automatic
  Player first: 	No
  Clear screen: 	Yes
  Verbosity:    	0
  AI max depth: 	4 (fixed)
  AI timeout:   	30 seconds.
Enter moves in form xy (no space).

  a b c d e f g h
1 . . . . . . . .
2 . . . . . . . .
3 . . . * . . . .
4 . . * @ O . . .
5 . . . O @ * . .
6 . . . . * . . .
7 . . . . . . . .
8 . . . . . . . .
Score: 2-2

Valid moves: d3  c4  f5  e6  
Depth: 4

Examined 135/205 game states in 0.01 s.

Opponent moves: e6

  a b c d e f g h
1 . . . . . . . .
2 . . . . . . . .
3 . . . . . . . .
4 . . . @ O * . .
5 . . . O O . . .
6 . . . * O * . .
7 . . . . . . . .
8 . . . . . . . .
Score: 1-4

Valid moves: f4  d6  f6  

Player moves: f4

  a b c d e f g h
1 . . . . . . . .
2 . . . . . . . .
3 . . * * * * * .
4 . . . @ @ @ . .
5 . . . O O . . .
6 . . . . O . . .
7 . . . . . . . .
8 . . . . . . . .
Score: 3-3

Valid moves: c3  d3  e3  f3  g3  
Depth: 4

Examined 317/530 game states in 0.031 s.

Opponent moves: f3

  a b c d e f g h
1 . . . . . . . .
2 . . . . . * . .
3 . . . . . O . .
4 . . . @ O @ . .
5 . . . O O . . .
6 . . . * O * . .
7 . . . . . . . .
8 . . . . . . . .
Score: 2-5

Valid moves: f2  d6  f6  

Player moves: f2

  a b c d e f g h
1 . . . . . . . .
2 . . . . . @ * .
3 . . * * . @ * .
4 . . * @ O @ * .
5 . . . O O . . .
6 . . . . O . . .
7 . . . . . . . .
8 . . . . . . . .
Score: 4-4

Valid moves: g2  c3  d3  g3  c4  g4  
Depth: 4

Examined 218/421 game states in 0.021 s.

Opponent moves: c3

  a b c d e f g h
1 . . . . . . . .
2 . . . . . @ . .
3 . . O . . @ . .
4 . . * O O @ . .
5 . . . O O . . .
6 . . * * O . . .
7 . . . . . . . .
8 . . . . . . . .
Score: 3-6

Valid moves: c4  c6  d6  

Player moves: c4

  a b c d e f g h
1 . . . . . . . .
2 . . . . . @ * .
3 . * O * * @ * .
4 . . @ @ @ @ . .
5 . . * O O . . .
6 . . . . O . . .
7 . . . . . . . .
8 . . . . . . . .
Score: 6-4

Valid moves: g2  b3  d3  e3  g3  c5  
Depth: 4

Examined 692/1519 game states in 0.073 s.

Opponent moves: d3

  a b c d e f g h
1 . . . . . . . .
2 . . * . * @ . .
3 . . O O . @ . .
4 . . @ O @ @ . .
5 . . . O O . . .
6 . . * * O . . .
7 . . . . * * . .
8 . . . . . . . .
Score: 5-6

Valid moves: c2  e2  c6  d6  e7  f7  

Player moves: c2

  a b c d e f g h
1 . . . . . . . .
2 . * @ * . @ * .
3 . * @ @ * @ * .
4 . * @ O @ @ * .
5 . . . O O . . .
6 . . . . O . . .
7 . . . . . . . .
8 . . . . . . . .
Score: 8-4

Valid moves: b2  d2  g2  b3  e3  g3  b4  g4  
Depth: 4

Examined 858/2080 game states in 0.092 s.

Opponent moves: e3

  a b c d e f g h
1 . . . . . . . .
2 . . @ * . @ . .
3 . . @ @ O @ . .
4 . . @ O O @ . .
5 . . * O O * . .
6 . . * * O * . .
7 . . . . . * . .
8 . . . . . . . .
Score: 7-6

Valid moves: d2  c5  f5  c6  d6  f6  f7  

Player moves: d2

  a b c d e f g h
1 . * . * . . * .
2 . * @ @ * @ * .
3 . * @ @ @ @ * .
4 . * @ O O @ * .
5 . . . O O . . .
6 . . . . O . . .
7 . . . . . . . .
8 . . . . . . . .
Score: 9-5

Valid moves: b1  d1  g1  b2  e2  g2  b3  g3  b4  g4  
Depth: 4

Examined 1009/3235 game states in 0.14 s.

Opponent moves: d1

  a b c d e f g h
1 . . * O * . . .
2 . . @ O * @ . .
3 . . @ O @ @ . .
4 . . @ O O @ . .
5 . . * O O * . .
6 . . * * O * . .
7 . . . . * * . .
8 . . . . . . . .
Score: 7-8

Valid moves: c1  e1  e2  c5  f5  c6  d6  f6  e7  f7  

Player moves: c1

  a b c d e f g h
1 . * @ O . . * .
2 . * @ @ * @ * .
3 . * @ O @ @ * .
4 . * @ O O @ * .
5 . * . O O . . .
6 . . . . O . . .
7 . . . . . . . .
8 . . . . . . . .
Score: 9-7

Valid moves: b1  g1  b2  e2  g2  b3  g3  b4  g4  b5  
Depth: 4

Examined 632/1707 game states in 0.071 s.

Opponent moves: b1

  a b c d e f g h
1 . O O O . . . .
2 . * O @ * @ . .
3 . . @ O @ @ . .
4 . . @ O O @ . .
5 . . * O O . . .
6 . . * * O * . .
7 . . . . * * . .
8 . . . . . . . .
Score: 7-10

Valid moves: b2  e2  c5  c6  d6  f6  e7  f7  

Player moves: b2

  a b c d e f g h
1 * O O O . . * .
2 . @ @ @ * @ * .
3 * * @ O @ @ * .
4 . * @ O O @ * .
5 . * * O O . * .
6 . . . . O . . .
7 . . . . . . . .
8 . . . . . . . .
Score: 9-9

Valid moves: a1  g1  e2  g2  a3  b3  g3  b4  g4  b5  c5  g5  
Depth: 4

Examined 515/1908 game states in 0.081 s.

Opponent moves: a1

  a b c d e f g h
1 O O O O . . . .
2 * O @ @ * @ . .
3 . * O O @ @ . .
4 . * @ O O @ . .
5 . . * O O * . .
6 . . * * O . . .
7 . . . . * * . .
8 . . . . . . . .
Score: 7-12

Valid moves: a2  e2  b3  b4  c5  f5  c6  d6  e7  f7  

Player moves: a2

  a b c d e f g h
1 O O O O * . * .
2 @ @ @ @ * @ * .
3 * * O O @ @ * .
4 . * @ O O @ * .
5 . * * O O . * .
6 . . . . O . . .
7 . . . . . . . .
8 . . . . . . . .
Score: 9-11

Valid moves: e1  g1  e2  g2  a3  b3  g3  b4  g4  b5  c5  g5  
Depth: 4

Examined 466/1738 game states in 0.072 s.

Opponent moves: e1

  a b c d e f g h
1 O O O O O . . .
2 @ @ @ O * @ . .
3 . * O O @ @ . .
4 . . @ O O @ . .
5 . . * O O * . .
6 . . * * O * . .
7 . . . . * * . .
8 . . . . . . . .
Score: 8-13

Valid moves: e2  b3  c5  f5  c6  d6  f6  e7  f7  

Player moves: e2

  a b c d e f g h
1 O O O O O . * .
2 @ @ @ @ @ @ * .
3 * * O @ @ @ * .
4 . * @ O O @ * .
5 . . * O O . * .
6 . . . . O . . .
7 . . . . . . . .
8 . . . . . . . .
Score: 11-11

Valid moves: g1  g2  a3  b3  g3  b4  g4  c5  g5  
Depth: 4

Examined 979/2411 game states in 0.097 s.

Opponent moves: a3

  a b c d e f g h
1 O O O O O . . .
2 O O @ @ @ @ . .
3 O * O @ @ @ . .
4 . * @ O O @ . .
5 . . * O O * . .
6 . . * * O . . .
7 . . . . * * . .
8 . . . . . . . .
Score: 9-14

Valid moves: b3  b4  c5  f5  c6  d6  e7  f7  

Player moves: b3

  a b c d e f g h
1 O O O O O . * .
2 O O @ @ @ @ * .
3 O @ @ @ @ @ * .
4 * * @ O O @ * .
5 . . * O O . * .
6 . . . . O . . .
7 . . . . . . . .
8 . . . . . . . .
Score: 11-13

Valid moves: g1  g2  g3  a4  b4  g4  c5  g5  
Depth: 4

Examined 1093/2320 game states in 0.087 s.

Opponent moves: c5

  a b c d e f g h
1 O O O O O . . .
2 O O O @ @ @ . .
3 O @ O @ @ @ . .
4 . * O O O @ . .
5 . * O O O * . .
6 . * * * O . . .
7 . . . . * * . .
8 . . . . . . . .
Score: 8-17

Valid moves: b4  b5  f5  b6  c6  d6  e7  f7  

Player moves: b4

  a b c d e f g h
1 O O O O O . * .
2 O O O @ @ @ * .
3 O @ @ @ @ @ * .
4 * @ @ @ @ @ * .
5 * * O O O * * .
6 . . . . O . . .
7 . . . . . . . .
8 . . . . . . . .
Score: 13-13

Valid moves: g1  g2  g3  a4  g4  a5  b5  f5  g5  
Depth: 4

Examined 962/2233 game states in 0.091 s.

Opponent moves: a4

  a b c d e f g h
1 O O O O O . . .
2 O O O @ @ @ . .
3 O O @ @ @ @ . .
4 O @ @ @ @ @ . .
5 . . O O O . . .
6 . * * * O * . .
7 . . . . * * . .
8 . . . . . . . .
Score: 12-15

Valid moves: b6  c6  d6  f6  e7  f7  

Player moves: b6

  a b c d e f g h
1 O O O O O . . .
2 O O O @ @ @ * .
3 O O @ @ @ @ * .
4 O @ @ @ @ @ * .
5 * * @ O O * * .
6 . @ * * O . . .
7 . . . . . . . .
8 . . . . . . . .
Score: 14-14

Valid moves: g2  g3  g4  a5  b5  f5  g5  c6  d6  
Depth: 4

Examined 908/2198 game states in 0.086 s.

Opponent moves: c6

  a b c d e f g h
1 O O O O O . . .
2 O O O @ @ @ . .
3 O O O @ @ @ . .
4 O @ O @ @ @ . .
5 . * O O O . . .
6 . @ O * O * . .
7 . * . . * . . .
8 . . . . . . . .
Score: 11-18

Valid moves: b5  d6  f6  b7  e7  

Player moves: b5

  a b c d e f g h
1 O O O O O . * .
2 O O O @ @ @ * .
3 O O O @ @ @ * .
4 O @ @ @ @ @ * .
5 * @ O O O * * .
6 * @ O . O . . .
7 * * . . . . . .
8 . . . . . . . .
Score: 13-17

Valid moves: g1  g2  g3  g4  a5  f5  g5  a6  a7  b7  
Depth: 4

Examined 995/2670 game states in 0.098 s.

Opponent moves: a6

  a b c d e f g h
1 O O O O O . . .
2 O O O @ @ @ . .
3 O O O @ @ @ . .
4 O @ @ @ @ @ . .
5 . @ O O O * . .
6 O O O * O * . .
7 * * * * * * . .
8 . . . . . . . .
Score: 12-19

Valid moves: f5  d6  f6  a7  b7  c7  d7  e7  f7  

Player moves: f5

  a b c d e f g h
1 O O O O O * * .
2 O O O @ @ @ * .
3 O O O @ @ @ * .
4 O @ @ @ @ @ * .
5 * @ @ @ @ @ * .
6 O O O * O * * .
7 . . . . . . . .
8 . . . . . . . .
Score: 16-16

Valid moves: f1  g1  g2  g3  g4  a5  g5  d6  f6  g6  
Depth: 4

Examined 753/2350 game states in 0.08 s.

Opponent moves: a5

  a b c d e f g h
1 O O O O O . . .
2 O O O @ @ @ . .
3 O O O @ @ @ . .
4 O O @ @ @ @ . .
5 O @ @ @ @ @ . .
6 O O O . O . . .
7 * * * * * * . .
8 . . . . . . . .
Score: 15-18

Valid moves: a7  b7  c7  d7  e7  f7  

Player moves: a7

  a b c d e f g h
1 O O O O O * . .
2 O O O @ @ @ * .
3 O O O @ @ @ * .
4 O O @ @ @ @ * .
5 O @ @ @ @ @ * .
6 O @ O * O * * .
7 @ * * . . . . .
8 * . . . . . . .
Score: 17-17

Valid moves: f1  g2  g3  g4  g5  d6  f6  g6  b7  c7  a8  
Depth: 4

Examined 516/1437 game states in 0.053 s.

Opponent moves: f1

  a b c d e f g h
1 O O O O O O . .
2 O O O @ O @ . .
3 O O O O @ @ . .
4 O O O @ @ @ . .
5 O O @ @ @ @ . .
6 O @ O * O . . .
7 @ * * * * * . .
8 . . . . . . . .
Score: 13-22

Valid moves: d6  b7  c7  d7  e7  f7  

Player moves: d6

  a b c d e f g h
1 O O O O O O . .
2 O O O @ O @ * .
3 O O O O @ @ * .
4 O O O @ @ @ * .
5 O O @ @ @ @ * .
6 O @ @ @ O * * .
7 @ * * * * . . .
8 * . . . . . . .
Score: 15-21

Valid moves: g2  g3  g4  g5  f6  g6  b7  c7  d7  e7  a8  
Depth: 4

Examined 1250/3300 game states in 0.108 s.

Opponent moves: a8

  a b c d e f g h
1 O O O O O O . .
2 O O O @ O @ . .
3 O O O O @ @ . .
4 O O O @ @ @ . .
5 O O @ @ @ @ . .
6 O @ @ @ O * . .
7 O . . * * * . .
8 O . . . . . . .
Score: 14-23

Valid moves: f6  d7  e7  f7  

Player moves: f6

  a b c d e f g h
1 O O O O O O * .
2 O O O @ O @ * .
3 O O O O @ @ * .
4 O O O @ @ @ * .
5 O O @ @ @ @ * .
6 O @ @ @ @ @ * .
7 O * * * * * * .
8 O . . . . . . .
Score: 16-22

Valid moves: g1  g2  g3  g4  g5  g6  b7  c7  d7  e7  f7  g7  
Depth: 4

Examined 455/1311 game states in 0.046 s.

Opponent moves: g3

  a b c d e f g h
1 O O O O O O * .
2 O O O @ O O * *
3 O O O O O O O .
4 O O O @ @ @ . .
5 O O @ @ @ @ . .
6 O @ @ @ @ @ . .
7 O . . . . . . .
8 O . . . . . . .
Score: 13-26

Valid moves: g1  g2  h2  

Player moves: g1

  a b c d e f g h
1 O O O O O O @ *
2 O O O @ O @ * .
3 O O O O @ O O .
4 O O O @ @ @ * .
5 O O @ @ @ @ * .
6 O @ @ @ @ @ * .
7 O * * * * * * .
8 O . . . . . . .
Score: 16-24

Valid moves: h1  g2  g4  g5  g6  b7  c7  d7  e7  f7  g7  
Depth: 4

Examined 379/1187 game states in 0.038 s.

Opponent moves: h1

  a b c d e f g h
1 O O O O O O O O
2 O O O @ O @ * *
3 O O O O @ O O *
4 O O O @ @ @ . *
5 O O @ @ @ @ . .
6 O @ @ @ @ @ . .
7 O . . . . . . .
8 O . . . . . . .
Score: 15-26

Valid moves: g2  h2  h3  h4  

Player moves: g2

  a b c d e f g h
1 O O O O O O O O
2 O O O @ O @ @ *
3 O O O O @ @ O *
4 O O O @ @ @ * .
5 O O @ @ @ @ * .
6 O @ @ @ @ @ * .
7 O * * * * * * .
8 O . . . . . . .
Score: 17-25

Valid moves: h2  h3  g4  g5  g6  b7  c7  d7  e7  f7  g7  
Depth: 4

Examined 222/692 game states in 0.028 s.

Opponent moves: h2

  a b c d e f g h
1 O O O O O O O O
2 O O O @ O O O O
3 O O O O @ @ O *
4 O O O @ @ @ . .
5 O O @ @ @ @ . .
6 O @ @ @ @ @ . .
7 O . . . . . . .
8 O . . . . . . .
Score: 15-28

Valid moves: h3  

Player moves: h3

  a b c d e f g h
1 O O O O O O O O
2 O O O @ O O O O
3 O O O O @ @ @ @
4 O O O @ @ @ * *
5 O O @ @ @ @ * .
6 O @ @ @ @ @ * .
7 O * * * * * * .
8 O . . . . . . .
Score: 17-27

Valid moves: g4  h4  g5  g6  b7  c7  d7  e7  f7  g7  
Depth: 4

Examined 202/568 game states in 0.02 s.

Opponent moves: g4

  a b c d e f g h
1 O O O O O O O O
2 O O O @ O O O O
3 O O O O @ O O @
4 O O O O O O O .
5 O O @ @ @ @ * .
6 O @ @ @ @ @ . .
7 O . . . . . . .
8 O . . . . . . .
Score: 12-33

Valid moves: g5  

Player moves: g5

  a b c d e f g h
1 O O O O O O O O
2 O O O @ O O O O
3 O O O O @ O O @
4 O O O O O @ O *
5 O O @ @ @ @ @ *
6 O @ @ @ @ @ * *
7 O * * * * * * .
8 O . . . . . . .
Score: 14-32

Valid moves: h4  h5  g6  h6  b7  c7  d7  e7  f7  g7  
Depth: 4

Examined 178/449 game states in 0.019 s.

Opponent moves: h6

  a b c d e f g h
1 O O O O O O O O
2 O O O O O O O O
3 O O O O O O O @
4 O O O O O O O *
5 O O @ @ @ @ O *
6 O @ @ @ @ @ . O
7 O . . . . . . .
8 O . . . . . . .
Score: 10-37

Valid moves: h4  h5  

Player moves: h4

  a b c d e f g h
1 O O O O O O O O
2 O O O O O O O O
3 O O O O O O O @
4 O O O O O O O @
5 O O @ @ @ @ @ *
6 O @ @ @ @ @ * O
7 O * * * * * * .
8 O . . . . . . .
Score: 12-36

Valid moves: h5  g6  b7  c7  d7  e7  f7  g7  
Depth: 4

Examined 135/276 game states in 0.016 s.

Opponent moves: h5

  a b c d e f g h
1 O O O O O O O O
2 O O O O O O O O
3 O O O O O O O O
4 O O O O O O O O
5 O O O O O O O O
6 O @ @ @ @ @ . O
7 O . . . . . . .
8 O . . . . . . .
Score: 5-44

  a b c d e f g h
1 O O O O O O O O
2 O O O O O O O O
3 O O O O O O O O
4 O O O O O O O O
5 O O O O O O O O
6 O @ @ @ @ @ * O
7 O * * * * * * .
8 O . . . . . . .
Score: 5-44

Valid moves: g6  b7  c7  d7  e7  f7  g7  
Depth: 4

Examined 90/102 game states in 0.009 s.

Opponent moves: g7

  a b c d e f g h
1 O O O O O O O O
2 O O O O O O O O
3 O O O O O O O O
4 O O O O O O O O
5 O O O O O O O O
6 O @ @ @ @ O * O
7 O . . . . . O .
8 O . . . . . . .
Score: 4-46

Valid moves: g6  

Player moves: g6

  a b c d e f g h
1 O O O O O O O O
2 O O O O O O O O
3 O O O O O O O O
4 O O O O O O O O
5 O O O O O O O O
6 O @ @ @ @ @ @ O
7 O * * * * * O *
8 O . . . . . . .
Score: 6-45

Valid moves: b7  c7  d7  e7  f7  h7  
Depth: 4

Examined 132/135 game states in 0.006 s.

Opponent moves: e7

  a b c d e f g h
1 O O O O O O O O
2 O O O O O O O O
3 O O O O O O O O
4 O O O O O O O O
5 O O O O O O O O
6 O @ @ O O O @ O
7 O . . . O . O .
8 O . . . . . * .
Score: 3-49

Valid moves: g8  

Player moves: g8

  a b c d e f g h
1 O O O O O O O O
2 O O O O O O O O
3 O O O O O O O O
4 O O O O O O O O
5 O O O O O O O O
6 O @ @ O O O @ O
7 O * * * O * @ *
8 O . . . . * @ *
Score: 5-48

Valid moves: b7  c7  d7  f7  h7  f8  h8  
Depth: 4

Examined 94/94 game states in 0.004 s.

Opponent moves: h8

  a b c d e f g h
1 O O O O O O O O
2 O O O O O O O O
3 O O O O O O O O
4 O O O O O O O O
5 O O O O O O O O
6 O @ @ O O O @ O
7 O . . . O . O .
8 O . . . . . @ O
Score: 4-50

  a b c d e f g h
1 O O O O O O O O
2 O O O O O O O O
3 O O O O O O O O
4 O O O O O O O O
5 O O O O O O O O
6 O @ @ O O O @ O
7 O * * * O * O *
8 O . . . . * @ O
Score: 4-50

Valid moves: b7  c7  d7  f7  h7  f8  
Depth: 4

Examined 61/61 game states in 0.002 s.

Opponent moves: b7

  a b c d e f g h
1 O O O O O O O O
2 O O O O O O O O
3 O O O O O O O O
4 O O O O O O O O
5 O O O O O O O O
6 O O O O O O @ O
7 O O . . O . O .
8 O . . . . . @ O
Score: 2-53

  a b c d e f g h
1 O O O O O O O O
2 O O O O O O O O
3 O O O O O O O O
4 O O O O O O O O
5 O O O O O O O O
6 O O O O O O @ O
7 O O . . O * O *
8 O . . . . * @ O
Score: 2-53

Valid moves: f7  h7  f8  
Depth: 4

Examined 15/15 game states in 0 s.

Opponent moves: f7

  a b c d e f g h
1 O O O O O O O O
2 O O O O O O O O
3 O O O O O O O O
4 O O O O O O O O
5 O O O O O O O O
6 O O O O O O O O
7 O O . . O O O .
8 O . . . . . @ O
Score: 1-55

  a b c d e f g h
1 O O O O O O O O
2 O O O O O O O O
3 O O O O O O O O
4 O O O O O O O O
5 O O O O O O O O
6 O O O O O O O O
7 O O . . O O O .
8 O . . . . * @ O
Score: 1-55

Valid moves: f8  
Depth: 4

Examined 5/5 game states in 0 s.

Opponent moves: f8

  a b c d e f g h
1 O O O O O O O O
2 O O O O O O O O
3 O O O O O O O O
4 O O O O O O O O
5 O O O O O O O O
6 O O O O O O O O
7 O O . . O O O .
8 O . . . . O O O
Score: 0-57
Game over.

Game took 2.455 s.
