OTHELLO
Settings: 
  Play mode:    	automatic
  Player first: 	No
  Clear screen: 	Yes
  Verbosity:    	0
  AI max depth: 	1 (fixed)
  AI timeout:   	30 seconds.
  AI time mode: 	Depth-limited
Enter moves in form xy (no space).

  a b c d e f g h
1 . . . . . . . .
2 . . . . . . . .
3 . . . * . . . .
4 . . * @ O . . .
5 . . . O @ * . .
6 . . . . * . . .
7 . . . . . . . .
8 . . . . . . . .
Score: 2-2

Valid moves: d3  c4  f5  e6  
Depth: 1

Examined 5/5 game states in 0 s.

Opponent moves: d3

  a b c d e f g h
1 . . . . . . . .
2 . . . . . . . .
3 . . * O * . . .
4 . . . O O . . .
5 . . * O @ . . .
6 . . . . . . . .
7 . . . . . . . .
8 . . . . . . . .
Score: 1-4

Valid moves: c3  e3  c5  

Player moves: c3

  a b c d e f g h
1 . . . . . . . .
2 . . . . . . . .
3 . * @ O . . . .
4 . . * @ O . . .
5 . . . O @ * . .
6 . . . . * . . .
7 . . . . . . . .
8 . . . . . . . .
Score: 3-3

Valid moves: b3  c4  f5  e6  
Depth: 1

Examined 5/5 game states in 0 s.

Opponent moves: c4

  a b c d e f g h
1 . . . . . . . .
2 . . . . . . . .
3 . . @ O * . . .
4 . . O O O . . .
5 . . * O @ . . .
6 . . . . . . . .
7 . . . . . . . .
8 . . . . . . . .
Score: 2-5

Valid moves: e3  c5  

Player moves: e3

  a b c d e f g h
1 . . . . . . . .
2 . * * * * * . .
3 . . @ @ @ * . .
4 . . O O @ * . .
5 . . . O @ * . .
6 . . . . . * . .
7 . . . . . . . .
8 . . . . . . . .
Score: 5-3

Valid moves: b2  c2  d2  e2  f2  f3  f4  f5  f6  
Depth: 1

Examined 10/10 game states in 0 s.

Opponent moves: f3

  a b c d e f g h
1 . . . . . . . .
2 . . . . . . . .
3 . . @ @ @ O * .
4 . . O O O . . .
5 . * * O @ * . .
6 . . . * . . . .
7 . . . . . . . .
8 . . . . . . . .
Score: 4-5

Valid moves: g3  b5  c5  f5  d6  

Player moves: g3

  a b c d e f g h
1 . . . . . . . .
2 . * * * * * * .
3 . . @ @ @ @ @ .
4 . . O O O . . .
5 . . . O @ * . .
6 . . . . * * . .
7 . . . . . . . .
8 . . . . . . . .
Score: 6-4

Valid moves: b2  c2  d2  e2  f2  g2  f5  e6  f6  
Depth: 1

Examined 10/10 game states in 0 s.

Opponent moves: f6

  a b c d e f g h
1 . . . . . . . .
2 . . . . . . . .
3 . . @ @ @ @ @ .
4 . . O O O . . .
5 . * * O O * . .
6 . . * * * O . .
7 . . . . . . * .
8 . . . . . . . .
Score: 5-6

Valid moves: b5  c5  f5  c6  d6  e6  g7  

Player moves: b5

  a b c d e f g h
1 . . . . . . . .
2 . * * * * * * .
3 . * @ @ @ @ @ .
4 . * @ O O . . .
5 . @ . O O . . .
6 . . . . . O . .
7 . . . . . . . .
8 . . . . . . . .
Score: 7-5

Valid moves: b2  c2  d2  e2  f2  g2  b3  b4  
Depth: 1

Examined 9/9 game states in 0 s.

Opponent moves: f2

  a b c d e f g h
1 . . . . * * . .
2 . . . . . O . .
3 . . @ @ O @ @ .
4 . . @ O O * . .
5 . @ . O O * . .
6 . . * * * O . .
7 . . . . . . * .
8 . . . . . . . .
Score: 6-7

Valid moves: e1  f1  f4  f5  c6  d6  e6  g7  

Player moves: e1

  a b c d e f g h
1 . . . . @ . * .
2 . * * * . @ * .
3 . * @ @ O @ @ *
4 . * @ O O . . .
5 . @ . O O . . .
6 . . . . . O . .
7 . . . . . . . .
8 . . . . . . . .
Score: 8-6

Valid moves: g1  b2  c2  d2  g2  b3  h3  b4  
Depth: 1

Examined 9/9 game states in 0 s.

Opponent moves: h3

  a b c d e f g h
1 . . . . @ . . .
2 . . . . . @ . .
3 . . @ @ O O O O
4 . . @ O O * . *
5 . @ * O O * . .
6 . . . * * O . .
7 . . . . . . * .
8 . . . . . . . .
Score: 6-9

Valid moves: f4  h4  c5  f5  d6  e6  g7  

Player moves: f4

  a b c d e f g h
1 . . . . @ . * .
2 . * . * . @ * .
3 . * @ @ O @ O O
4 . . @ @ @ @ . .
5 . @ * O O . * .
6 . . . . . O . .
7 . . . . . . . .
8 . . . . . . . .
Score: 10-6

Valid moves: g1  b2  d2  g2  b3  c5  g5  
Depth: 1

Examined 8/8 game states in 0 s.

Opponent moves: g1

  a b c d e f g h
1 . . . . @ * O .
2 . . . * * O . *
3 . . @ @ O @ O O
4 . . @ @ @ @ . *
5 . @ . O O . . .
6 . . * * * O . .
7 . . . . . . * .
8 . . . . . . . .
Score: 9-8

Valid moves: f1  d2  e2  h2  h4  c6  d6  e6  g7  

Player moves: f1

  a b c d e f g h
1 . . . * @ @ O .
2 . * . * . @ * .
3 . * @ @ O @ O O
4 . . @ @ @ @ . .
5 . @ * O O . * .
6 . . . . . O . .
7 . . . . . . . .
8 . . . . . . . .
Score: 11-7

Valid moves: d1  b2  d2  g2  b3  c5  g5  
Depth: 1

Examined 8/8 game states in 0 s.

Opponent moves: d1

  a b c d e f g h
1 . . . O O O O .
2 . . . * * @ . *
3 . . @ @ O @ O O
4 . . @ @ @ @ . *
5 . @ . O O . . .
6 . . * * * O . .
7 . . . . . . * .
8 . . . . . . . .
Score: 9-10

Valid moves: d2  e2  h2  h4  c6  d6  e6  g7  

Player moves: d2

  a b c d e f g h
1 . . . O O O O .
2 . * . @ * @ * .
3 . * @ @ @ @ O O
4 . * @ @ @ @ . .
5 . @ * O O * . .
6 . . . . . O . .
7 . . . . . . . .
8 . . . . . . . .
Score: 11-9

Valid moves: b2  e2  g2  b3  b4  c5  f5  
Depth: 1

Examined 8/8 game states in 0 s.

Opponent moves: f5

  a b c d e f g h
1 . . . O O O O .
2 . . . @ . O * .
3 . . @ @ @ O O O
4 . . @ @ @ O * .
5 . @ . O O O * .
6 . . * * * O * .
7 . . . . . . * .
8 . . . . . . . .
Score: 8-13

Valid moves: g2  g4  g5  c6  d6  e6  g6  g7  

Player moves: g2

  a b c d e f g h
1 . . * O O O O *
2 . * * @ * O @ *
3 . * @ @ @ @ O O
4 . * @ @ @ O . .
5 . @ * O O O . .
6 . . . . . O . .
7 . . . . . . . .
8 . . . . . . . .
Score: 10-12

Valid moves: c1  h1  b2  c2  e2  h2  b3  b4  c5  
Depth: 1

Examined 10/10 game states in 0 s.

Opponent moves: h1

  a b c d e f g h
1 . . . O O O O O
2 . . . @ . O O .
3 . . @ @ @ O O O
4 . . @ @ O O * .
5 . @ . O O O * .
6 . . . * * O * .
7 . . . . . . * .
8 . . . . . . . .
Score: 7-16

Valid moves: g4  g5  d6  e6  g6  g7  

Player moves: g4

  a b c d e f g h
1 . . . O O O O O
2 . * * @ * O O .
3 . * @ @ @ O O O
4 . * @ @ @ @ @ .
5 . @ * O O O * *
6 . . . . . O . .
7 . . . . . . . .
8 . . . . . . . .
Score: 10-14

Valid moves: b2  c2  e2  b3  b4  c5  g5  h5  
Depth: 1

Examined 9/9 game states in 0 s.

Opponent moves: b4

  a b c d e f g h
1 . . * O O O O O
2 . * * O * O O *
3 . * O @ @ O O O
4 * O @ @ @ @ @ .
5 . @ . O O O . .
6 . . * * * O * .
7 . . . . . * * .
8 . . . . . . . .
Score: 8-17

Valid moves: c1  b2  c2  e2  h2  b3  a4  c6  d6  e6  g6  f7  g7  

Player moves: c1

  a b c d e f g h
1 . * @ O O O O O
2 . . * @ * O O .
3 . * O @ @ O O O
4 . O @ @ @ @ @ *
5 . @ * O O O * *
6 . * . . . O . .
7 . . . . . . . .
8 . . . . . . . .
Score: 10-16

Valid moves: b1  c2  e2  b3  h4  c5  g5  h5  b6  
Depth: 1

Examined 10/10 game states in 0.015 s.

Opponent moves: b1

  a b c d e f g h
1 . O O O O O O O
2 . * * @ * O O *
3 . * O @ @ O O O
4 * O @ @ @ @ @ .
5 * @ . O O O . .
6 . . * * * O * .
7 . . . . . * * .
8 . . . . . . . .
Score: 9-18

Valid moves: b2  c2  e2  h2  b3  a4  a5  c6  d6  e6  g6  f7  g7  

Player moves: b2

  a b c d e f g h
1 * O O O O O O O
2 . @ * @ * O O .
3 * * @ @ @ O O O
4 . O @ @ @ @ @ *
5 . @ * O O O * *
6 . * . . . O . .
7 . . . . . . . .
8 . . . . . . . .
Score: 11-17

Valid moves: a1  c2  e2  a3  b3  h4  c5  g5  h5  b6  
Depth: 1

Examined 11/11 game states in 0 s.

Opponent moves: a1

  a b c d e f g h
1 O O O O O O O O
2 . O * @ * O O *
3 . * O @ @ O O O
4 * O @ O @ @ @ .
5 * @ * O O O . .
6 . . * * * O * .
7 . . . . . * . .
8 . . . . . . . .
Score: 8-21

Valid moves: c2  e2  h2  b3  a4  a5  c5  c6  d6  e6  g6  f7  

Player moves: c2

  a b c d e f g h
1 O O O O O O O O
2 . O @ @ * O O .
3 . * @ @ @ O O O
4 . O @ O @ @ @ *
5 . @ * O O O * *
6 . * . . . O . .
7 . . . . . . . .
8 . . . . . . . .
Score: 10-20

Valid moves: e2  b3  h4  c5  g5  h5  b6  
Depth: 1

Examined 8/8 game states in 0 s.

Opponent moves: h4

  a b c d e f g h
1 O O O O O O O O
2 * O @ @ . O O .
3 . * @ @ @ O O O
4 * O @ O O O O O
5 * @ * O O O * .
6 . . . * * O * .
7 . . . . . . * .
8 . . . . . . . .
Score: 7-24

Valid moves: a2  b3  a4  a5  c5  g5  d6  e6  g6  g7  

Player moves: a2

  a b c d e f g h
1 O O O O O O O O
2 @ @ @ @ * O O .
3 * * @ @ @ O O O
4 . O @ O O O O O
5 . @ * O O O . .
6 . * . . . O . .
7 . . . . . . . .
8 . . . . . . . .
Score: 9-23

Valid moves: e2  a3  b3  c5  b6  
Depth: 1

Examined 6/6 game states in 0 s.

Opponent moves: a3

  a b c d e f g h
1 O O O O O O O O
2 O O @ @ . O O .
3 O * @ @ @ O O O
4 * O @ O O O O O
5 * @ * O O O * .
6 . . . * * O * .
7 . . . . . . * .
8 . . . . . . . .
Score: 7-26

Valid moves: b3  a4  a5  c5  g5  d6  e6  g6  g7  

Player moves: b3

  a b c d e f g h
1 O O O O O O O O
2 O O @ @ * O O .
3 O @ @ @ @ O O O
4 * @ @ O O O O O
5 * @ * O O O . .
6 . * . . . O . .
7 . . . . . . . .
8 . . . . . . . .
Score: 9-25

Valid moves: e2  a4  a5  c5  b6  
Depth: 1

Examined 6/6 game states in 0 s.

Opponent moves: a5

  a b c d e f g h
1 O O O O O O O O
2 O O @ O * O O .
3 O @ O @ @ O O O
4 * O @ O O O O O
5 O @ * O O O * .
6 . . . * * O * .
7 . . . . . . . .
8 . . . . . . . .
Score: 6-29

Valid moves: e2  a4  c5  g5  d6  e6  g6  

Player moves: e2

  a b c d e f g h
1 O O O O O O O O
2 O O @ @ @ O O .
3 O @ O @ @ O O O
4 * O @ O O O O O
5 O @ * O O O . .
6 * * . . . O . .
7 . . . . . . . .
8 . . . . . . . .
Score: 8-28

Valid moves: a4  c5  a6  b6  
Depth: 1

Examined 5/5 game states in 0 s.

Opponent moves: a6

  a b c d e f g h
1 O O O O O O O O
2 O O @ @ O O O *
3 O @ O O @ O O O
4 . O O O O O O O
5 O O * O O O * .
6 O * . * * O * .
7 . . . . . . . .
8 . . . . . . . .
Score: 4-33

Valid moves: h2  c5  g5  b6  d6  e6  g6  

Player moves: h2

  a b c d e f g h
1 O O O O O O O O
2 O O @ @ @ @ @ @
3 O @ O O @ O O O
4 * O O O O O O O
5 O O . O O O . .
6 O . . . . O . .
7 . . . . . . . .
8 . . . . . . . .
Score: 8-30

Valid moves: a4  
Depth: 1

Examined 2/2 game states in 0 s.

Opponent moves: a4

  a b c d e f g h
1 O O O O O O O O
2 O O O @ @ @ @ @
3 O O O O @ O O O
4 O O O O O O O O
5 O O * O O O * *
6 O . * * * O . .
7 . . . . . * . .
8 . . . . . . . .
Score: 6-33

Valid moves: c5  g5  h5  c6  d6  e6  f7  

Player moves: c5

  a b c d e f g h
1 O O O O O O O O
2 O O O @ @ @ @ @
3 O O O O @ O O O
4 O O O @ O O O O
5 O O @ O O O . .
6 O * * * . O . .
7 . . . . . . . .
8 . . . . . . . .
Score: 8-32

Valid moves: b6  c6  d6  
Depth: 1

Examined 4/4 game states in 0 s.

Opponent moves: c6

  a b c d e f g h
1 O O O O O O O O
2 O O O @ @ @ @ @
3 O O O O @ O O O
4 O O O @ O O O O
5 O O O O O O * *
6 O * O * * O . .
7 . * . . . * * .
8 . . . . . . . .
Score: 7-34

Valid moves: g5  h5  b6  d6  e6  b7  f7  g7  

Player moves: g5

  a b c d e f g h
1 O O O O O O O O
2 O O O @ @ @ @ @
3 O O O O @ O @ O
4 O O O @ O @ @ O
5 O O O O O O @ *
6 O . O . . O * *
7 . . . . . . . .
8 . . . . . . . .
Score: 11-31

Valid moves: h5  g6  h6  
Depth: 1

Examined 4/4 game states in 0 s.

Opponent moves: h6

  a b c d e f g h
1 O O O O O O O O
2 O O O O @ @ @ @
3 O O O O O O @ O
4 O O O @ O O @ O
5 O O O O O O O *
6 O * O * * O * O
7 . * . . . * * .
8 . . . . . . . .
Score: 7-36

Valid moves: h5  b6  d6  e6  g6  b7  f7  g7  

Player moves: h5

  a b c d e f g h
1 O O O O O O O O
2 O O O O @ @ @ @
3 O O O O O O @ @
4 O O O @ O O @ @
5 O O O O O O O @
6 O . O . . O . O
7 . . . . . . . .
8 . . . . . . . .
Score: 10-34

  a b c d e f g h
1 O O O O O O O O
2 O O O O @ @ @ @
3 O O O O O O @ @
4 O O O @ O O @ @
5 O O O O O O O @
6 O * O * * O * O
7 . * . . * * * *
8 . . . . . . . .
Score: 10-34

Valid moves: b6  d6  e6  g6  b7  e7  f7  g7  h7  

Player moves: b6

  a b c d e f g h
1 O O O O O O O O
2 O O O O @ @ @ @
3 O O O O O O @ @
4 O O O @ O O @ @
5 O O @ O O O O @
6 O @ O * . O . O
7 * * * . . . . .
8 . . . . . . . .
Score: 12-33

Valid moves: d6  a7  b7  c7  
Depth: 1

Examined 5/5 game states in 0 s.

Opponent moves: a7

  a b c d e f g h
1 O O O O O O O O
2 O O O O @ @ @ @
3 O O O O O O @ @
4 O O O O O O @ @
5 O O O O O O O @
6 O O O * * O * O
7 O * . . * * . *
8 . . . . . . . .
Score: 9-37

Valid moves: d6  e6  g6  b7  e7  f7  h7  

Player moves: d6

  a b c d e f g h
1 O O O O O O O O
2 O O O O @ @ @ @
3 O O O O O O @ @
4 O O O O O @ @ @
5 O O O O @ O O @
6 O O O @ * O . O
7 O . . * * . . .
8 . . . . . . . .
Score: 12-35

Valid moves: e6  d7  e7  
Depth: 1

Examined 4/4 game states in 0 s.

Opponent moves: e6

  a b c d e f g h
1 O O O O O O O O
2 O O O O @ @ @ @
3 O O O O O O @ @
4 O O O O O @ @ @
5 O O O O O O O @
6 O O O O O O * O
7 O * * * * * . *
8 . . . . . . . .
Score: 10-38

Valid moves: g6  b7  c7  d7  e7  f7  h7  

Player moves: g6

  a b c d e f g h
1 O O O O O O O O
2 O O O O @ @ @ @
3 O O O O O O @ @
4 O O O O O @ @ @
5 O O O O O O @ @
6 O O O O O O @ O
7 O . . . . . * *
8 . . . . . . . .
Score: 12-37

Valid moves: g7  h7  
Depth: 1

Examined 3/3 game states in 0 s.

Opponent moves: h7

  a b c d e f g h
1 O O O O O O O O
2 O O O O @ @ @ @
3 O O O O O O @ @
4 O O O O O @ @ @
5 O O O O O O @ @
6 O O O O O O O O
7 O * * * * * * O
8 . . . . . . . *
Score: 11-39

Valid moves: b7  c7  d7  e7  f7  g7  h8  

Player moves: b7

  a b c d e f g h
1 O O O O O O O O
2 O O O O @ @ @ @
3 O O O O O @ @ @
4 O O O O @ @ @ @
5 O O O @ O O @ @
6 O O @ O O O O O
7 O @ * * . . . O
8 * * * . . . . .
Score: 16-35

Valid moves: c7  d7  a8  b8  c8  
Depth: 1

Examined 6/6 game states in 0 s.

Opponent moves: a8

  a b c d e f g h
1 O O O O O O O O
2 O O O O @ @ O @
3 O O O O O O @ @
4 O O O O O @ @ @
5 O O O O O O @ @
6 O O O O O O O O
7 O O * * * * * O
8 O . . . . . . *
Score: 10-42

Valid moves: c7  d7  e7  f7  g7  h8  

Player moves: c7

  a b c d e f g h
1 O O O O O O O O
2 O O O O @ @ O @
3 O O O O O O @ @
4 O O O O O @ @ @
5 O O O O @ O @ @
6 O O O @ O O O O
7 O O @ * * . . O
8 O . * * . . . .
Score: 13-40

Valid moves: d7  e7  c8  d8  
Depth: 1

Examined 5/5 game states in 0 s.

Opponent moves: c8

  a b c d e f g h
1 O O O O O O O O
2 O O O O @ @ O @
3 O O O O O O @ @
4 O O O O O @ @ @
5 O O O O @ O @ @
6 O O O @ O O O O
7 O O O * * * * O
8 O * O . . . . *
Score: 12-42

Valid moves: d7  e7  f7  g7  b8  h8  

Player moves: d7

  a b c d e f g h
1 O O O O O O O O
2 O O O O @ @ O @
3 O O O O O O @ @
4 O O O O O @ @ @
5 O O O O @ @ @ @
6 O O O @ @ O O O
7 O O O @ * * . O
8 O . O * * . . .
Score: 15-40

Valid moves: e7  f7  d8  e8  
Depth: 1

Examined 5/5 game states in 0 s.

Opponent moves: d8

  a b c d e f g h
1 O O O O O O O O
2 O O O O @ @ O @
3 O O O O O O @ @
4 O O O O O @ @ @
5 O O O O @ @ @ @
6 O O O O @ O O O
7 O O O O * * * O
8 O * O O . . . *
Score: 13-43

Valid moves: e7  f7  g7  b8  h8  

Player moves: e7

  a b c d e f g h
1 O O O O O O O O
2 O O O O @ @ O @
3 O O O O O O @ @
4 O O O O O @ @ @
5 O O O O @ @ @ @
6 O O O O @ @ O O
7 O O O O @ * * O
8 O . O O * * . .
Score: 15-42

Valid moves: f7  g7  e8  f8  
Depth: 1

Examined 5/5 game states in 0 s.

Opponent moves: f8

  a b c d e f g h
1 O O O O O O O O
2 O O O O @ @ O @
3 O O O O O O @ @
4 O O O O O @ @ @
5 O O O O @ @ @ @
6 O O O O @ @ O O
7 O O O O O * * O
8 O * O O * O . *
Score: 14-44

Valid moves: f7  g7  b8  e8  h8  

Player moves: f7

  a b c d e f g h
1 O O O O O O O O
2 O O O O @ @ O @
3 O O O O O O @ @
4 O O O O O @ @ @
5 O O O O @ @ @ @
6 O O O O @ @ @ O
7 O O O O O @ * O
8 O . O O . O * .
Score: 16-43

Valid moves: g7  g8  
Depth: 1

Examined 3/3 game states in 0 s.

Opponent moves: g8

  a b c d e f g h
1 O O O O O O O O
2 O O O O @ @ O @
3 O O O O O O @ @
4 O O O O O @ @ @
5 O O O O @ @ @ @
6 O O O O O @ @ O
7 O O O O O O . O
8 O * O O * O O *
Score: 14-46

Valid moves: b8  e8  h8  

Player moves: b8

  a b c d e f g h
1 O O O O O O O O
2 O O O O @ @ O @
3 O O O O O O @ @
4 O O O O O @ @ @
5 O O O O @ @ @ @
6 O O O @ O @ @ O
7 O O @ O O O * O
8 O @ O O . O O .
Score: 17-44

Valid moves: g7  
Depth: 1

Examined 2/2 game states in 0 s.

Opponent moves: g7

  a b c d e f g h
1 O O O O O O O O
2 O O O O @ @ O @
3 O O O O O O O @
4 O O O O O @ O @
5 O O O O O @ O @
6 O O O @ O O O O
7 O O @ O O O O O
8 O @ O O * O O *
Score: 11-51

Valid moves: e8  h8  

Player moves: e8

  a b c d e f g h
1 O O O O O O O O
2 O O O O @ @ O @
3 O O O O @ O O @
4 O O O O @ @ O @
5 O O O O @ @ O @
6 O O O @ @ O @ O
7 O O @ O @ @ O O
8 O @ @ @ @ O O .
Score: 21-42

  a b c d e f g h
1 O O O O O O O O
2 O O O O @ @ O @
3 O O O O @ O O @
4 O O O O @ @ O @
5 O O O O @ @ O @
6 O O O @ @ O @ O
7 O O @ O @ @ O O
8 O @ @ @ @ O O *
Score: 21-42

Valid moves: h8  

Player moves: h8

  a b c d e f g h
1 O O O O O O O O
2 O O O O @ @ O @
3 O O O O @ O O @
4 O O O O @ @ O @
5 O O O O @ @ O @
6 O O O @ @ @ @ @
7 O O @ O @ @ @ @
8 O @ @ @ @ @ @ @
Score: 28-36

Score: 28-36
Game over.

Game took 1.171 s.
