OTHELLO
Settings: 
  Play mode:    	automatic
  Player first: 	No
  Clear screen: 	Yes
  Verbosity:    	0
  AI max depth: 	2 (fixed)
  AI timeout:   	30 seconds.
  AI time mode: 	Depth-limited
Enter moves in form xy (no space).

  a b c d e f g h
1 . . . . . . . .
2 . . . . . . . .
3 . . . * . . . .
4 . . * @ O . . .
5 . . . O @ * . .
6 . . . . * . . .
7 . . . . . . . .
8 . . . . . . . .
Score: 2-2

Valid moves: d3  c4  f5  e6  
Depth: 2

Examined 15/17 game states in 0 s.

Opponent moves: d3

  a b c d e f g h
1 . . . . . . . .
2 . . . . . . . .
3 . . * O * . . .
4 . . . O O . . .
5 . . * O @ . . .
6 . . . . . . . .
7 . . . . . . . .
8 . . . . . . . .
Score: 1-4

Valid moves: c3  e3  c5  

Player moves: c3

  a b c d e f g h
1 . . . . . . . .
2 . . . . . . . .
3 . * @ O . . . .
4 . . * @ O . . .
5 . . . O @ * . .
6 . . . . * . . .
7 . . . . . . . .
8 . . . . . . . .
Score: 3-3

Valid moves: b3  c4  f5  e6  
Depth: 2

Examined 15/23 game states in 0 s.

Opponent moves: c4

  a b c d e f g h
1 . . . . . . . .
2 . . . . . . . .
3 . . @ O * . . .
4 . . O O O . . .
5 . . * O @ . . .
6 . . . . . . . .
7 . . . . . . . .
8 . . . . . . . .
Score: 2-5

Valid moves: e3  c5  

Player moves: e3

  a b c d e f g h
1 . . . . . . . .
2 . * * * * * . .
3 . . @ @ @ * . .
4 . . O O @ * . .
5 . . . O @ * . .
6 . . . . . * . .
7 . . . . . . . .
8 . . . . . . . .
Score: 5-3

Valid moves: b2  c2  d2  e2  f2  f3  f4  f5  f6  
Depth: 2

Examined 47/69 game states in 0 s.

Opponent moves: f4

  a b c d e f g h
1 . . . . . . . .
2 . . . . . . . .
3 . . @ @ @ . * .
4 . . O O O O . .
5 . * * O @ * * .
6 . . . * . . . .
7 . . . . . . . .
8 . . . . . . . .
Score: 4-5

Valid moves: g3  b5  c5  f5  g5  d6  

Player moves: g3

  a b c d e f g h
1 . . . . . . . .
2 . * * * * * . .
3 . . @ @ @ . @ .
4 . . O O O @ * .
5 . . . O @ * . .
6 . . . . * * . .
7 . . . . . . . .
8 . . . . . . . .
Score: 6-4

Valid moves: b2  c2  d2  e2  f2  g4  f5  e6  f6  
Depth: 2

Examined 46/65 game states in 0 s.

Opponent moves: f6

  a b c d e f g h
1 . . . . . . . .
2 . . . . . . . .
3 . . @ @ @ . @ .
4 . * O O O @ . .
5 . * * O O * . .
6 . . . * * O . .
7 . . . . . . * .
8 . . . . . . . .
Score: 5-6

Valid moves: b4  b5  c5  f5  d6  e6  g7  

Player moves: b4

  a b c d e f g h
1 . . . . . . . .
2 . * . * * . . *
3 . * @ @ @ * @ .
4 . @ @ @ @ @ . .
5 . . . O O . . .
6 . . . . . O . .
7 . . . . . . . .
8 . . . . . . . .
Score: 9-3

Valid moves: b2  d2  e2  h2  b3  f3  
Depth: 2

Examined 33/50 game states in 0 s.

Opponent moves: h2

  a b c d e f g h
1 . . . . . . . .
2 . . . . . . . O
3 . . @ @ @ . O .
4 . @ @ @ @ O * .
5 . . . O O . * .
6 . . * * * O . .
7 . . . . . . * .
8 . . . . . . . .
Score: 7-6

Valid moves: g4  g5  c6  d6  e6  g7  

Player moves: g4

  a b c d e f g h
1 . . . . . . . .
2 . * . * * . . O
3 . * @ @ @ * O .
4 . @ @ @ @ @ @ .
5 . . . O O . * .
6 . . . . . O . .
7 . . . . . . . .
8 . . . . . . . .
Score: 9-5

Valid moves: b2  d2  e2  b3  f3  g5  
Depth: 2

Examined 34/57 game states in 0 s.

Opponent moves: d2

  a b c d e f g h
1 . . * . * . . .
2 . . * O * . * O
3 . . @ O @ . O .
4 . @ @ O @ @ @ .
5 . . * O O . . .
6 . . * * * O . .
7 . . . . . . * .
8 . . . . . . . .
Score: 7-8

Valid moves: c1  e1  c2  e2  g2  c5  c6  d6  e6  g7  

Player moves: c1

  a b c d e f g h
1 . . @ * . . . .
2 . * . @ * * . O
3 . * @ O @ * O .
4 * @ @ O @ @ @ *
5 . * . O O * * .
6 . . . . . O . .
7 . . . . . . . .
8 . . . . . . . .
Score: 9-7

Valid moves: d1  b2  e2  f2  b3  f3  a4  h4  b5  f5  g5  
Depth: 2

Examined 57/98 game states in 0.016 s.

Opponent moves: h4

  a b c d e f g h
1 . . @ . . . . .
2 . . . @ * . . O
3 . . @ O @ . O .
4 . @ @ O O O O O
5 . . * O O . * .
6 . . . * * O . .
7 . . . . . . * .
8 . . . . . . . .
Score: 6-11

Valid moves: e2  c5  g5  d6  e6  g7  

Player moves: e2

  a b c d e f g h
1 . . @ * * . . .
2 . * * @ @ * . O
3 . * @ @ @ . O .
4 * @ @ O O O O O
5 . . . O O . . .
6 . . . . . O . .
7 . . . . . . . .
8 . . . . . . . .
Score: 8-10

Valid moves: d1  e1  b2  c2  f2  b3  a4  
Depth: 2

Examined 37/60 game states in 0 s.

Opponent moves: a4

  a b c d e f g h
1 . . @ . . . . .
2 . . . @ @ . . O
3 . . @ @ @ . O .
4 O O O O O O O O
5 * * * O O * * .
6 . . . * * O . .
7 . . . . . . * .
8 . . . . . . . .
Score: 6-13

Valid moves: a5  b5  c5  f5  g5  d6  e6  g7  

Player moves: a5

  a b c d e f g h
1 . . @ * * * . .
2 . * * @ @ * . O
3 . . @ @ @ . O .
4 O @ O O O O O O
5 @ . . O O . . .
6 * . . . . O . .
7 . . . . . . . .
8 . . . . . . . .
Score: 8-12

Valid moves: d1  e1  f1  b2  c2  f2  a6  
Depth: 2

Examined 34/67 game states in 0 s.

Opponent moves: a6

  a b c d e f g h
1 . . @ . . . . .
2 . . . @ @ . . O
3 . . @ @ @ . O .
4 O @ O O O O O O
5 O * * O O * * .
6 O . . * * O . .
7 . . . . . . * .
8 . . . . . . . .
Score: 7-14

Valid moves: b5  c5  f5  g5  d6  e6  g7  

Player moves: b5

  a b c d e f g h
1 . . @ * * * . .
2 . * * @ @ * . O
3 . * @ @ @ . O .
4 O @ @ O O O O O
5 O @ * O O . . .
6 O . * . . O . .
7 . . . . . . . .
8 . . . . . . . .
Score: 9-13

Valid moves: d1  e1  f1  b2  c2  f2  b3  c5  c6  
Depth: 2

Examined 40/76 game states in 0 s.

Opponent moves: f1

  a b c d e f g h
1 . . @ . * O . .
2 . . . @ O * . O
3 . . @ O @ . O .
4 O @ O O O O O O
5 O O * O O . * .
6 O * . * * O . .
7 . . . . . . * .
8 . . . . . . . .
Score: 5-18

Valid moves: e1  f2  c5  g5  b6  d6  e6  g7  

Player moves: e1

  a b c d e f g h
1 . . @ * @ O . .
2 . * * @ @ * . O
3 . * @ O @ * O .
4 O @ O O O O O O
5 O O . O O . . .
6 O . . . . O . .
7 . . . . . . . .
8 . . . . . . . .
Score: 7-17

Valid moves: d1  b2  c2  f2  b3  f3  
Depth: 2

Examined 26/54 game states in 0 s.

Opponent moves: c2

  a b c d e f g h
1 . . @ . @ O * .
2 . * O @ @ . . O
3 . * O O @ . O .
4 O @ O O O O O O
5 O O * O O . * .
6 O * . * * O . .
7 . . . . . . . .
8 . . . . . . . .
Score: 6-19

Valid moves: g1  b2  b3  c5  g5  b6  d6  e6  

Player moves: g1

  a b c d e f g h
1 . . @ * @ @ @ .
2 . . O @ @ * . O
3 . * O O @ * O .
4 O @ O O O O O O
5 O O . O O . . .
6 O . . . . O . .
7 . . . . . . . .
8 . . . . . . . .
Score: 8-18

Valid moves: d1  f2  b3  f3  
Depth: 2

Examined 14/29 game states in 0 s.

Opponent moves: d1

  a b c d e f g h
1 . . @ O @ @ @ .
2 . * O O @ . . O
3 . * O O @ . O .
4 O @ O O O O O O
5 O O * O O . * .
6 O * . . * O . .
7 . . . . . . . .
8 . . . . . . . .
Score: 7-20

Valid moves: b2  b3  c5  g5  b6  e6  

Player moves: b2

  a b c d e f g h
1 * * @ O @ @ @ *
2 . @ @ @ @ * . O
3 . * O O @ * O .
4 O @ O O O O O O
5 O O . O O . . .
6 O . . . . O . .
7 . . . . . . . .
8 . . . . . . . .
Score: 10-18

Valid moves: a1  b1  h1  f2  b3  f3  
Depth: 2

Examined 28/56 game states in 0 s.

Opponent moves: h1

  a b c d e f g h
1 . . @ O O O O O
2 . @ @ @ @ . . O
3 . * O O @ . O .
4 O @ O O O O O O
5 O O * O O * * .
6 O * . * * O . .
7 . . . . . . * .
8 . . . . . . . .
Score: 7-22

Valid moves: b3  c5  f5  g5  b6  d6  e6  g7  

Player moves: b3

  a b c d e f g h
1 * * @ O O O O O
2 * @ @ @ @ * . O
3 . @ @ @ @ * O .
4 O @ O O O O O O
5 O O . O O . . .
6 O . . . . O . .
7 . . . . . . . .
8 . . . . . . . .
Score: 10-20

Valid moves: a1  b1  a2  f2  f3  
Depth: 2

Examined 19/49 game states in 0 s.

Opponent moves: a1

  a b c d e f g h
1 O * @ O O O O O
2 * O @ @ @ . . O
3 * @ O @ @ . O .
4 O @ O O O O O O
5 O O * O O * * .
6 O * . * * O . .
7 . . . . . . . .
8 . . . . . . . .
Score: 8-23

Valid moves: b1  a2  a3  c5  f5  g5  b6  d6  e6  

Player moves: b1

  a b c d e f g h
1 O @ @ O O O O O
2 * @ @ @ @ * . O
3 * @ O @ @ * O .
4 O @ O O O O O O
5 O O . O O . . .
6 O . . . . O . .
7 . . . . . . . .
8 . . . . . . . .
Score: 10-22

Valid moves: a2  f2  a3  f3  
Depth: 2

Examined 30/38 game states in 0 s.

Opponent moves: a3

  a b c d e f g h
1 O @ @ O O O O O
2 . @ @ @ @ . . O
3 O O O @ @ . O .
4 O @ O O O O O O
5 O O * O O * * .
6 O * . * * O . .
7 . . . . . . * .
8 . . . . . . . .
Score: 9-24

Valid moves: c5  f5  g5  b6  d6  e6  g7  

Player moves: c5

  a b c d e f g h
1 O @ @ O O O O O
2 . @ @ @ @ . . O
3 O O @ @ @ * O .
4 O @ @ @ O O O O
5 O O @ O O . . .
6 O . . * . O . .
7 . . . . . . . .
8 . . . . . . . .
Score: 13-21

Valid moves: f3  d6  
Depth: 2

Examined 12/19 game states in 0 s.

Opponent moves: f3

  a b c d e f g h
1 O @ @ O O O O O
2 * @ @ @ O * . O
3 O O O O O O O .
4 O @ @ @ O O O O
5 O O @ O O * * .
6 O * . * * O . .
7 . . . . . . * .
8 . . . . . . . .
Score: 9-26

Valid moves: a2  f2  f5  g5  b6  d6  e6  g7  

Player moves: a2

  a b c d e f g h
1 O @ @ O O O O O
2 @ @ @ @ O . . O
3 O @ O O O O O .
4 O @ @ @ O O O O
5 O O @ O O . . .
6 O * * * . O . .
7 . . . . . . . .
8 . . . . . . . .
Score: 11-25

Valid moves: b6  c6  d6  
Depth: 2

Examined 32/34 game states in 0 s.

Opponent moves: c6

  a b c d e f g h
1 O @ @ O O O O O
2 @ @ @ @ O * . O
3 O @ O O O O O *
4 O @ O @ O O O O
5 O O O O O * * .
6 O * O * * O . .
7 * . * . . . * .
8 . . . . . . . .
Score: 9-28

Valid moves: f2  h3  f5  g5  b6  d6  e6  a7  c7  g7  

Player moves: f2

  a b c d e f g h
1 O @ @ O O O O O
2 @ @ @ @ @ @ . O
3 O @ O O @ O O .
4 O @ O @ O O O O
5 O O O O O . . .
6 O . O . . O . .
7 . . . . . . . .
8 . . . . . . . .
Score: 12-26

  a b c d e f g h
1 O @ @ O O O O O
2 @ @ @ @ @ @ . O
3 O @ O O @ O O *
4 O @ O @ O O O O
5 O O O O O * * *
6 O * O * * O . .
7 * . * . . . * .
8 . . . . . . . .
Score: 12-26

Valid moves: h3  f5  g5  h5  b6  d6  e6  a7  c7  g7  

Player moves: h3

  a b c d e f g h
1 O @ @ O O O O O
2 @ @ @ @ @ @ * O
3 O @ O O @ @ @ @
4 O @ O @ O O O O
5 O O O O O . . .
6 O . O . . O . .
7 . . . . . . . .
8 . . . . . . . .
Score: 15-24

Valid moves: g2  
Depth: 2

Examined 11/11 game states in 0 s.

Opponent moves: g2

  a b c d e f g h
1 O @ @ O O O O O
2 @ @ @ @ @ @ O O
3 O @ O O @ O O @
4 O @ O @ O O O O
5 O O O O O * * *
6 O * O * * O . .
7 * . * . . . * .
8 . . . . . . . .
Score: 13-27

Valid moves: f5  g5  h5  b6  d6  e6  a7  c7  g7  

Player moves: f5

  a b c d e f g h
1 O @ @ O O O O O
2 @ @ @ @ @ @ O O
3 O @ O @ @ @ O @
4 O @ O @ @ @ @ O
5 O O O O O @ * *
6 O . O . . O . .
7 . . . . . . . .
8 . . . . . . . .
Score: 19-22

Valid moves: g5  h5  
Depth: 2

Examined 23/23 game states in 0 s.

Opponent moves: h5

  a b c d e f g h
1 O @ @ O O O O O
2 @ @ @ @ O @ O O
3 O @ O @ @ O O @
4 O @ O @ @ @ O O
5 O O O O O @ . O
6 O * O * * O . *
7 * * * . . * * .
8 . . . . . . . .
Score: 16-26

Valid moves: b6  d6  e6  h6  a7  b7  c7  f7  g7  

Player moves: b6

  a b c d e f g h
1 O @ @ O O O O O
2 @ @ @ @ O @ O O
3 O @ O @ @ O O @
4 O @ O @ @ @ O O
5 O @ @ O O @ * O
6 O @ O * * O . .
7 * . * . . . . .
8 . . . . . . . .
Score: 19-24

Valid moves: g5  d6  e6  a7  c7  
Depth: 2

Examined 37/53 game states in 0 s.

Opponent moves: g5

  a b c d e f g h
1 O @ @ O O O O O
2 @ @ @ @ O @ O O
3 O @ O @ @ O O @
4 O @ O @ @ @ O O
5 O @ @ O O O O O
6 O @ O * * O * *
7 * * * * . * * .
8 . . . . . . . .
Score: 18-26

Valid moves: d6  e6  g6  h6  a7  b7  c7  d7  f7  g7  

Player moves: d6

  a b c d e f g h
1 O @ @ O O O O O
2 @ @ @ @ O @ O O
3 O @ O @ @ O O @
4 O @ O @ @ @ O O
5 O @ @ @ @ O O O
6 O @ @ @ * O . .
7 * * * * * . . .
8 . . . . . . . .
Score: 22-23

Valid moves: e6  a7  b7  c7  d7  e7  
Depth: 2

Examined 39/59 game states in 0 s.

Opponent moves: e6

  a b c d e f g h
1 O @ @ O O O O O
2 @ @ @ @ O @ O O
3 O @ O @ O O O @
4 O @ O @ O @ O O
5 O @ @ O O O O O
6 O O O O O O * *
7 * * * * * * * .
8 . . . . . . . .
Score: 15-31

Valid moves: g6  h6  a7  b7  c7  d7  e7  f7  g7  

Player moves: g6

  a b c d e f g h
1 O @ @ O O O O O
2 @ @ @ @ O @ O O
3 O @ O @ O O O @
4 O @ O @ @ @ O O
5 O @ @ O O @ O O
6 O O O O O O @ *
7 . . . . . * * .
8 . . . . . . . .
Score: 18-29

Valid moves: h6  f7  g7  
Depth: 2

Examined 16/31 game states in 0 s.

Opponent moves: h6

  a b c d e f g h
1 O @ @ O O O O O
2 @ @ @ @ O @ O O
3 O @ O @ O O O @
4 O @ O @ @ @ O O
5 O @ @ O O @ O O
6 O O O O O O O O
7 * * * * * * * *
8 . . . . . . . .
Score: 17-31

Valid moves: a7  b7  c7  d7  e7  f7  g7  h7  

Player moves: a7

  a b c d e f g h
1 O @ @ O O O O O
2 @ @ @ @ O @ O O
3 @ @ O @ O O O @
4 @ @ O @ @ @ O O
5 @ @ @ O O @ O O
6 @ @ O O O O O O
7 @ . . . . . . .
8 * . . . . . . .
Score: 23-26

Valid moves: a8  
Depth: 2

Examined 9/9 game states in 0 s.

Opponent moves: a8

  a b c d e f g h
1 O @ @ O O O O O
2 O @ @ @ O @ O O
3 O @ O @ O O O @
4 O @ O @ @ @ O O
5 O @ @ O O @ O O
6 O @ O O O O O O
7 O * * * * * * *
8 O . . . . . . .
Score: 17-33

Valid moves: b7  c7  d7  e7  f7  g7  h7  

Player moves: b7

  a b c d e f g h
1 O @ @ O O O O O
2 O @ @ @ O @ O O
3 O @ O @ O O O @
4 O @ O @ @ @ O O
5 O @ @ @ O @ O O
6 O @ @ O O O O O
7 O @ * * . . . .
8 O . * . . . . .
Score: 20-31

Valid moves: c7  d7  c8  
Depth: 2

Examined 23/25 game states in 0 s.

Opponent moves: c8

  a b c d e f g h
1 O @ @ O O O O O
2 O @ @ @ O @ O O
3 O @ O @ O O O @
4 O @ O @ @ @ O O
5 O @ @ @ O @ O O
6 O @ @ O O O O O
7 O O * * * * * *
8 O * O . . . . .
Score: 19-33

Valid moves: c7  d7  e7  f7  g7  h7  b8  

Player moves: c7

  a b c d e f g h
1 O @ @ O O O O O
2 O @ @ @ O @ O O
3 O @ O @ O O O @
4 O @ O @ @ @ O O
5 O @ @ @ @ @ O O
6 O @ @ @ O O O O
7 O O @ * * . . .
8 O * O * . . . .
Score: 22-31

Valid moves: d7  e7  b8  d8  
Depth: 2

Examined 27/29 game states in 0 s.

Opponent moves: d8

  a b c d e f g h
1 O @ @ O O O O O
2 O @ @ @ O @ O O
3 O @ O @ O O O @
4 O @ O @ @ @ O O
5 O @ @ @ @ @ O O
6 O O @ @ O O O O
7 O O O * * * * *
8 O * O O . . . .
Score: 20-34

Valid moves: d7  e7  f7  g7  h7  b8  

Player moves: d7

  a b c d e f g h
1 O @ @ O O O O O
2 O @ @ @ O @ O O
3 O @ O @ O O O @
4 O @ O @ @ @ O O
5 O @ @ @ @ @ O O
6 O O @ @ @ O O O
7 O O O @ * * . .
8 O . O O * . . .
Score: 22-33

Valid moves: e7  f7  e8  
Depth: 2

Examined 19/19 game states in 0 s.

Opponent moves: e8

  a b c d e f g h
1 O @ @ O O O O O
2 O @ @ @ O @ O O
3 O @ O @ O O O @
4 O @ O @ @ @ O O
5 O O @ @ @ @ O O
6 O O O @ @ O O O
7 O O O O . * * *
8 O * O O O . . .
Score: 19-37

Valid moves: f7  g7  h7  b8  

Player moves: f7

  a b c d e f g h
1 O @ @ O O O O O
2 O @ @ @ O @ O O
3 O @ O @ O O O @
4 O @ O @ @ @ O O
5 O O @ @ @ @ O O
6 O O O @ @ @ O O
7 O O O O * @ * .
8 O . O O O * * .
Score: 21-36

Valid moves: e7  g7  f8  g8  
Depth: 2

Examined 17/19 game states in 0 s.

Opponent moves: f8

  a b c d e f g h
1 O @ @ O O O O O
2 O @ @ @ O @ O O
3 O @ O @ O O O @
4 O @ O @ @ O O O
5 O O @ @ @ O O O
6 O O O @ @ O O O
7 O O O O . O * *
8 O * O O O O * .
Score: 17-41

Valid moves: g7  h7  b8  g8  

Player moves: g7

  a b c d e f g h
1 O @ @ O O O O O
2 O @ @ @ O @ O O
3 O @ O @ O O O @
4 O @ O @ @ O O O
5 O O @ @ @ O O O
6 O O O @ @ @ O O
7 O O O O * O @ *
8 O . O O O O * *
Score: 19-40

Valid moves: e7  h7  g8  h8  
Depth: 2

Examined 15/17 game states in 0 s.

Opponent moves: h8

  a b c d e f g h
1 O @ @ O O O O O
2 O @ @ @ O @ O O
3 O @ O @ O O O @
4 O @ O O @ O O O
5 O O @ @ O O O O
6 O O O @ @ O O O
7 O O O O . O O *
8 O * O O O O * O
Score: 15-45

Valid moves: h7  b8  g8  

Player moves: h7

  a b c d e f g h
1 O @ @ O O O O O
2 O @ @ @ O @ O O
3 O @ O @ O O O @
4 O @ O O @ O O @
5 O O @ @ O @ O @
6 O O O @ @ O @ @
7 O O O O * O O @
8 O . O O O O . O
Score: 21-40

Valid moves: e7  
Depth: 2

Examined 4/4 game states in 0 s.

Opponent moves: e7

  a b c d e f g h
1 O @ @ O O O O O
2 O @ @ @ O @ O O
3 O @ O @ O O O @
4 O O O O @ O O @
5 O O O @ O @ O @
6 O O O O O O @ @
7 O O O O O O O @
8 O * O O O O * O
Score: 17-45

Valid moves: b8  g8  

Player moves: b8

  a b c d e f g h
1 O @ @ O O O O O
2 O @ @ @ O @ O O
3 O @ O @ O O O @
4 O @ O O @ O O @
5 O @ O @ O @ O @
6 O @ O O O O @ @
7 O @ O O O O O @
8 O @ O O O O . O
Score: 22-41

  a b c d e f g h
1 O @ @ O O O O O
2 O @ @ @ O @ O O
3 O @ O @ O O O @
4 O @ O O @ O O @
5 O @ O @ O @ O @
6 O @ O O O O @ @
7 O @ O O O O O @
8 O @ O O O O * O
Score: 22-41

Valid moves: g8  

Player moves: g8

  a b c d e f g h
1 O @ @ O O O O O
2 O @ @ @ O @ O O
3 O @ O @ O O O @
4 O @ O O @ O O @
5 O @ O @ O @ O @
6 O @ O O @ O @ @
7 O @ O O O @ @ @
8 O @ @ @ @ @ @ O
Score: 30-34

Score: 30-34
Game over.

Game took 1.234 s.
