OTHELLO
Settings: 
  Play mode:    	automatic
  Player color: 	black(@)
  Clear screen: 	Yes
  Verbosity:    	0
  AI max depth: 	1 (fixed)
  AI timeout:   	30 seconds.
Enter moves in form xy (no space).

  a b c d e f g h
1 . . . . . . . .
2 . . . . . . . .
3 . . . . * . . .
4 . . . @ O * . .
5 . . * O @ . . .
6 . . . * . . . .
7 . . . . . . . .
8 . . . . . . . .
Score: 2-2

Valid moves: e3  f4  c5  d6  

  a b c d e f g h
1 . . . . . . . .
2 . . . . . . . .
3 . . . * @ * . .
4 . . . @ @ . . .
5 . . . O @ * . .
6 . . . . . . . .
7 . . . . . . . .
8 . . . . . . . .
Score: 4-1

Valid moves: d3  f3  f5  
Depth: 1

Examined 4/4 game states in 0 s.

Opponent moves: d3

  a b c d e f g h
1 . . . . . . . .
2 . . * . . . . .
3 . . * O @ . . .
4 . . * O @ . . .
5 . . * O @ . . .
6 . . * . . . . .
7 . . . . . . . .
8 . . . . . . . .
Score: 3-3

Valid moves: c2  c3  c4  c5  c6  

  a b c d e f g h
1 . . . . . . . .
2 . . @ * . * . .
3 . . . @ @ * . .
4 . . . O @ * . .
5 . . . O @ * . .
6 . . . . . * . .
7 . . . . . . . .
8 . . . . . . . .
Score: 5-2

Valid moves: d2  f2  f3  f4  f5  f6  
Depth: 1

Examined 7/7 game states in 0 s.

Opponent moves: d2

  a b c d e f g h
1 . . * . . . . .
2 . . @ O * . . .
3 . . * O @ . . .
4 . . * O @ . . .
5 . . * O @ . . .
6 . . * . . . . .
7 . . . . . . . .
8 . . . . . . . .
Score: 4-4

Valid moves: c1  e2  c3  c4  c5  c6  

  a b c d e f g h
1 . * @ * . . . .
2 . . @ @ . * . .
3 . . . O @ * . .
4 . . . O @ * . .
5 . . . O @ * . .
6 . . . . . * . .
7 . . . . . . . .
8 . . . . . . . .
Score: 6-3

Valid moves: b1  d1  f2  f3  f4  f5  f6  
Depth: 1

Examined 8/8 game states in 0 s.

Opponent moves: f2

  a b c d e f g h
1 . . @ . . . . .
2 . . @ @ * O . .
3 . . * O O . . .
4 . . * O @ * . .
5 . . * O @ . . .
6 . . * * . . . .
7 . . . . . . . .
8 . . . . . . . .
Score: 5-5

Valid moves: e2  c3  c4  f4  c5  c6  d6  

  a b c d e f g h
1 . * @ * . * . .
2 . * @ @ @ O . .
3 . . . O @ * . .
4 . . . O @ * . .
5 . . . O @ * . .
6 . . . . . * . .
7 . . . . . . . .
8 . . . . . . . .
Score: 7-4

Valid moves: b1  d1  f1  b2  f3  f4  f5  f6  
Depth: 1

Examined 9/9 game states in 0 s.

Opponent moves: b2

  a b c d e f g h
1 . * @ . * . * .
2 . O O O O O . .
3 * . * O @ . . .
4 . . * O @ . . .
5 . . * O @ . . .
6 . . * . . . . .
7 . . . . . . . .
8 . . . . . . . .
Score: 4-8

Valid moves: b1  e1  g1  a3  c3  c4  c5  c6  

  a b c d e f g h
1 . @ @ . . . . .
2 . O @ O O O . .
3 . . . @ @ * . .
4 . . * O @ * . .
5 . . . O @ * . .
6 . . . . * * . .
7 . . . . . . . .
8 . . . . . . . .
Score: 7-6

Valid moves: f3  c4  f4  f5  e6  f6  
Depth: 1

Examined 7/7 game states in 0 s.

Opponent moves: c4

  a b c d e f g h
1 . @ @ . * . * .
2 * O @ O O O * .
3 * * * O @ . . .
4 . * O O @ . . .
5 . . * O @ . . .
6 . . * . . . . .
7 . . . . . . . .
8 . . . . . . . .
Score: 6-8

Valid moves: e1  g1  a2  g2  a3  b3  c3  b4  c5  c6  

  a b c d e f g h
1 . @ @ . @ * . .
2 . O @ O @ O . .
3 . . . O @ * . .
4 . . O O @ * . .
5 . . . O @ * . .
6 . . . . . * . .
7 . . . . . . . .
8 . . . . . . . .
Score: 8-7

Valid moves: f1  f3  f4  f5  f6  
Depth: 1

Examined 6/6 game states in 0 s.

Opponent moves: f4

  a b c d e f g h
1 . @ @ . @ . . .
2 * O @ O @ O * .
3 * * * O O . * .
4 . . O O O O . .
5 . * * O @ * * .
6 . . . . . . . .
7 . . . . . . . .
8 . . . . . . . .
Score: 6-10

Valid moves: a2  g2  a3  b3  c3  g3  b5  c5  f5  g5  

  a b c d e f g h
1 . @ @ . @ * . .
2 @ @ @ O @ O . .
3 . . . O O . . .
4 . . O O O O . .
5 . . . O @ * . .
6 . . . * * * . .
7 . . . . . . . .
8 . . . . . . . .
Score: 8-9

Valid moves: f1  f5  d6  e6  f6  
Depth: 1

Examined 6/6 game states in 0 s.

Opponent moves: f5

  a b c d e f g h
1 . @ @ . @ . . .
2 @ @ @ O @ O * .
3 . . * O O . * .
4 . . O O O O . .
5 . * . O O O * .
6 . . . . * . * .
7 . . . . . . . .
8 . . . . . . . .
Score: 7-11

Valid moves: g2  c3  g3  b5  g5  e6  g6  

  a b c d e f g h
1 . @ @ . @ * * .
2 @ @ @ O @ @ @ *
3 . . . O O . . .
4 . . O O O O . .
5 . . . O O O . .
6 . . . . . . . .
7 . . . . . . . .
8 . . . . . . . .
Score: 9-10

Valid moves: f1  g1  h2  
Depth: 1

Examined 4/4 game states in 0 s.

Opponent moves: h2

  a b c d e f g h
1 . @ @ . @ . . .
2 @ @ @ O O O O O
3 . . * O O . * .
4 . . O O O O . .
5 . . . O O O * .
6 . . . . * . * .
7 . . . . . . . .
8 . . . . . . . .
Score: 6-14

Valid moves: c3  g3  g5  e6  g6  

  a b c d e f g h
1 * @ @ * @ . . .
2 @ @ @ @ O O O O
3 . * @ O O . . .
4 . . O O O O . .
5 . . . O O O . .
6 . . . . . . . .
7 . . . . . . . .
8 . . . . . . . .
Score: 8-13

Valid moves: a1  d1  b3  
Depth: 1

Examined 4/4 game states in 0 s.

Opponent moves: b3

  a b c d e f g h
1 . @ @ . @ . . .
2 @ @ @ @ O O O O
3 . O O O O . * .
4 * * O O O O . .
5 . . * O O O * .
6 . . . * * * * .
7 . . . . . . . .
8 . . . . . . . .
Score: 7-15

Valid moves: g3  a4  b4  c5  g5  d6  e6  f6  g6  

  a b c d e f g h
1 * @ @ * @ . * .
2 @ @ @ @ O @ O O
3 . O O O O . @ .
4 . . O O O O * .
5 . . . O O O . .
6 . . . . . . . .
7 . . . . . . . .
8 . . . . . . . .
Score: 9-14

Valid moves: a1  d1  g1  g4  
Depth: 1

Examined 5/5 game states in 0 s.

Opponent moves: g4

  a b c d e f g h
1 . @ @ . @ . . .
2 @ @ @ @ O @ O O
3 . O O O O . O .
4 * * O O O O O *
5 . . * O O O * .
6 . . . * * * * .
7 . . . . . . . .
8 . . . . . . . .
Score: 8-16

Valid moves: a4  b4  h4  c5  g5  d6  e6  f6  g6  

  a b c d e f g h
1 * @ @ * @ . * .
2 @ @ @ @ O @ O O
3 * @ O O O . O .
4 @ . O O O O O .
5 . . . O O O . .
6 . . . . . . . .
7 . . . . . . . .
8 . . . . . . . .
Score: 10-15

Valid moves: a1  d1  g1  a3  
Depth: 1

Examined 5/5 game states in 0 s.

Opponent moves: g1

  a b c d e f g h
1 . @ @ . @ . O .
2 @ @ @ @ O O O O
3 . @ O O O * O .
4 @ * O O O O O *
5 . . * O O O * .
6 . . . * * * * .
7 . . . . . . . .
8 . . . . . . . .
Score: 9-17

Valid moves: f3  b4  h4  c5  g5  d6  e6  f6  g6  

  a b c d e f g h
1 * @ @ * @ . O .
2 @ @ @ @ O O O O
3 * @ @ @ @ @ O .
4 @ . O O O O O .
5 . . . O O O . .
6 . . . . . . . .
7 . . . . . . . .
8 . . . . . . . .
Score: 13-14

Valid moves: a1  d1  a3  
Depth: 1

Examined 4/4 game states in 0 s.

Opponent moves: d1

  a b c d e f g h
1 . @ @ O @ * O *
2 @ @ @ O O O O O
3 . @ @ O @ @ O *
4 @ . O O O O O *
5 . . * O O O * *
6 . . * . * * * .
7 . . . . . . . .
8 . . . . . . . .
Score: 11-17

Valid moves: f1  h1  h3  h4  c5  g5  h5  c6  e6  f6  g6  

  a b c d e f g h
1 * @ @ O @ @ O .
2 @ @ @ O O @ O O
3 * @ @ O @ @ O .
4 @ * O O O O O .
5 . . . O O O . .
6 . . . . . . . .
7 . . . . . . . .
8 . . . . . . . .
Score: 13-16

Valid moves: a1  a3  b4  
Depth: 1

Examined 4/4 game states in 0 s.

Opponent moves: b4

  a b c d e f g h
1 . @ @ O @ @ O *
2 @ @ @ O O @ O O
3 . @ O O @ @ O *
4 @ O O O O O O *
5 * * * O O O * *
6 . . * . * * * .
7 . . . . . . . .
8 . . . . . . . .
Score: 12-18

Valid moves: h1  h3  h4  a5  b5  c5  g5  h5  c6  e6  f6  g6  

  a b c d e f g h
1 * @ @ O @ @ @ @
2 @ @ @ O O @ @ O
3 * @ O O @ @ O .
4 @ O O O O O O .
5 . . . O O O . .
6 . . . . . . . .
7 . . . . . . . .
8 . . . . . . . .
Score: 15-16

Valid moves: a1  a3  
Depth: 1

Examined 3/3 game states in 0 s.

Opponent moves: a3

  a b c d e f g h
1 . @ @ O @ @ @ @
2 @ @ @ O O @ @ O
3 O O O O @ @ O *
4 @ O O O O O O *
5 * * * O O O * *
6 . . * . * * * .
7 . . . . . . . .
8 . . . . . . . .
Score: 14-18

Valid moves: h3  h4  a5  b5  c5  g5  h5  c6  e6  f6  g6  

  a b c d e f g h
1 * @ @ O @ @ @ @
2 @ @ @ O O @ @ @
3 O O O O @ @ @ @
4 @ O O O O O O .
5 * . . O O O . .
6 . . . . . . . .
7 . . . . . . . .
8 . . . . . . . .
Score: 17-16

Valid moves: a1  a5  
Depth: 1

Examined 3/3 game states in 0 s.

Opponent moves: a5

  a b c d e f g h
1 . @ @ O @ @ @ @
2 @ @ @ O O @ @ @
3 O O O O @ @ @ @
4 O O O O O O O .
5 O * * O O O * *
6 * . * * * * * .
7 . . . . . . . .
8 . . . . . . . .
Score: 16-18

Valid moves: b5  c5  g5  h5  a6  c6  d6  e6  f6  g6  

  a b c d e f g h
1 * @ @ O @ @ @ @
2 @ @ @ O @ @ @ @
3 O @ O @ @ @ @ @
4 O @ @ O O O O .
5 O @ * O O O . .
6 . . * . . . . .
7 . . . . . . . .
8 . . . . . . . .
Score: 22-13

Valid moves: a1  c5  c6  
Depth: 1

Examined 4/4 game states in 0 s.

Opponent moves: c5

  a b c d e f g h
1 . @ @ O @ @ @ @
2 @ @ @ O @ @ @ @
3 O @ O @ @ @ @ @
4 O O O O O O O .
5 O O O O O O * *
6 * * * * * * * .
7 . . . . . . . .
8 . . . . . . . .
Score: 19-17

Valid moves: g5  h5  a6  b6  c6  d6  e6  f6  g6  

  a b c d e f g h
1 * @ @ O @ @ @ @
2 @ @ @ O @ @ @ @
3 O @ O @ @ @ @ @
4 O O O O O @ @ *
5 O O O O O O @ *
6 . . . . . . . *
7 . . . . . . . .
8 . . . . . . . .
Score: 22-15

Valid moves: a1  h4  h5  h6  
Depth: 1

Examined 5/5 game states in 0 s.

Opponent moves: h5

  a b c d e f g h
1 . @ @ O @ @ @ @
2 @ @ @ O O @ @ @
3 O @ O @ @ O @ @
4 O O O O O @ O *
5 O O O O O O O O
6 * * * * * * * *
7 . . . . . . . .
8 . . . . . . . .
Score: 18-20

Valid moves: h4  a6  b6  c6  d6  e6  f6  g6  h6  

  a b c d e f g h
1 * @ @ O @ @ @ @
2 @ @ @ O O @ @ @
3 O @ O @ @ O @ @
4 O O O O O @ @ @
5 O O O O O O O O
6 . . . . . . . .
7 . . . . . . . .
8 . . . . . . . .
Score: 20-19

Valid moves: a1  
Depth: 1

Examined 2/2 game states in 0 s.

Opponent moves: a1

  a b c d e f g h
1 O O O O @ @ @ @
2 O O @ O O @ @ @
3 O @ O @ @ O @ @
4 O O O O O @ @ @
5 O O O O O O O O
6 * * * * * * * *
7 . . . . . . . .
8 . . . . . . . .
Score: 16-24

Valid moves: a6  b6  c6  d6  e6  f6  g6  h6  

  a b c d e f g h
1 O O O O @ @ @ @
2 O O @ O O @ @ @
3 O @ O @ @ O @ @
4 O O @ O O @ @ @
5 O @ O O O O O O
6 @ * * . . . . .
7 * . . . . . . .
8 . . . . . . . .
Score: 19-22

Valid moves: b6  c6  a7  
Depth: 1

Examined 4/4 game states in 0 s.

Opponent moves: b6

  a b c d e f g h
1 O O O O @ @ @ @
2 O O @ O O @ @ @
3 O @ O @ @ O @ @
4 O O @ O O @ @ @
5 O O O O O O O O
6 @ O * * * * * *
7 * * . . . . . .
8 . . . . . . . .
Score: 18-24

Valid moves: c6  d6  e6  f6  g6  h6  a7  b7  

  a b c d e f g h
1 O O O O @ @ @ @
2 O O @ O O @ @ @
3 O @ O @ @ @ @ @
4 O O @ O @ @ @ @
5 O O @ @ O O O O
6 @ @ @ * * . . .
7 * * * * . . . .
8 . . . . . . . .
Score: 24-19

Valid moves: d6  e6  a7  b7  c7  d7  
Depth: 1

Examined 7/7 game states in 0 s.

Opponent moves: b7

  a b c d e f g h
1 O O O O @ @ @ @
2 O O @ O O @ @ @
3 O @ O @ @ @ @ @
4 O O @ O @ @ @ @
5 O O @ @ O O O O
6 @ O @ * * * * *
7 * O . . . . . .
8 * * * . . . . .
Score: 23-21

Valid moves: d6  e6  f6  g6  h6  a7  a8  b8  c8  

  a b c d e f g h
1 O O O O @ @ @ @
2 O O @ O O @ @ @
3 O @ O @ @ @ @ @
4 O O @ O @ @ @ @
5 O O @ @ @ O O O
6 @ O @ @ * * . .
7 * O * * * . . .
8 . . . . . . . .
Score: 25-20

Valid moves: e6  f6  a7  c7  d7  e7  
Depth: 1

Examined 7/7 game states in 0 s.

Opponent moves: e7

  a b c d e f g h
1 O O O O @ @ @ @
2 O O @ O O @ @ @
3 O @ O @ @ @ @ @
4 O O @ O @ @ @ @
5 O O O @ @ O O O
6 @ O @ O * * * *
7 * O * * O . . .
8 * * * . . . . .
Score: 23-23

Valid moves: e6  f6  g6  h6  a7  c7  d7  a8  b8  c8  

  a b c d e f g h
1 O O O O @ @ @ @
2 O O @ O O @ @ @
3 O @ O @ @ @ @ @
4 O O @ O @ @ @ @
5 O O O @ @ @ O O
6 @ O @ @ @ * * .
7 * O * * O * . .
8 . . . . . . . .
Score: 26-21

Valid moves: f6  g6  a7  c7  d7  f7  
Depth: 1

Examined 7/7 game states in 0 s.

Opponent moves: f7

  a b c d e f g h
1 O O O O @ @ @ @
2 O O @ O O @ @ @
3 O O O @ @ @ @ @
4 O O O O @ @ @ @
5 O O O O @ @ O O
6 @ O @ @ O * * *
7 * O . * O O . .
8 * . * . * * . .
Score: 22-26

Valid moves: f6  g6  h6  a7  d7  a8  c8  e8  f8  

  a b c d e f g h
1 O O O O @ @ @ @
2 O O @ O O @ @ @
3 O O O @ @ @ @ @
4 O O O O @ @ @ @
5 O O O O @ @ @ O
6 @ O @ @ @ @ * *
7 * O * * O O * .
8 . . . . . . . .
Score: 25-24

Valid moves: g6  h6  a7  c7  d7  g7  
Depth: 1

Examined 7/7 game states in 0 s.

Opponent moves: g7

  a b c d e f g h
1 O O O O @ @ @ @
2 O O @ O O @ @ @
3 O O O @ @ @ @ @
4 O O O O @ @ @ @
5 O O O O O @ @ O
6 @ O @ @ @ O * *
7 * O . . O O O .
8 * . * * * * * .
Score: 23-27

Valid moves: g6  h6  a7  a8  c8  d8  e8  f8  g8  

  a b c d e f g h
1 O O O O @ @ @ @
2 O O @ O O @ @ @
3 O O O @ @ @ @ @
4 O O O O @ @ @ @
5 O O O O O @ @ O
6 @ O @ @ @ @ @ *
7 * O * * O O O *
8 . . . . . . . .
Score: 25-26

Valid moves: h6  a7  c7  d7  h7  
Depth: 1

Examined 6/6 game states in 0 s.

Opponent moves: h7

  a b c d e f g h
1 O O O O @ @ @ @
2 O O O O O @ @ @
3 O O O O @ @ @ @
4 O O O O O @ @ @
5 O O O O O O @ O
6 @ O @ @ @ @ O *
7 * O . . O O O O
8 * . * * * * * *
Score: 20-32

Valid moves: h6  a7  a8  c8  d8  e8  f8  g8  h8  

  a b c d e f g h
1 O O O O @ @ @ @
2 O O O O O @ @ @
3 O O O O @ @ @ @
4 O O O O O @ @ @
5 O O O O O O @ @
6 @ O @ @ @ @ @ @
7 * O * * O O O O
8 . . . . . . . .
Score: 23-30

Valid moves: a7  c7  d7  
Depth: 1

Examined 4/4 game states in 0 s.

Opponent moves: d7

  a b c d e f g h
1 O O O O @ @ @ @
2 O O O O O @ @ @
3 O O O O @ @ @ @
4 O O O O O @ @ @
5 O O O O O O @ @
6 @ O O O O @ @ @
7 * O * O O O O O
8 * . * * * * * *
Score: 20-34

Valid moves: a7  c7  a8  c8  d8  e8  f8  g8  h8  

  a b c d e f g h
1 O O O O @ @ @ @
2 O O O O O @ @ @
3 O O O O @ @ @ @
4 O O O @ O @ @ @
5 O O @ O O O @ @
6 @ @ O O O @ @ @
7 @ O * O O O O O
8 * . . . . . . .
Score: 24-31

Valid moves: c7  a8  
Depth: 1

Examined 3/3 game states in 0 s.

Opponent moves: c7

  a b c d e f g h
1 O O O O @ @ @ @
2 O O O O O @ @ @
3 O O O O @ @ @ @
4 O O O @ O @ @ @
5 O O @ O O O @ @
6 @ O O O O @ @ @
7 @ O O O O O O O
8 * * * * * * * *
Score: 23-33

Valid moves: a8  b8  c8  d8  e8  f8  g8  h8  

  a b c d e f g h
1 O O O O @ @ @ @
2 O O O O O @ @ @
3 O O O O @ @ @ @
4 O O O @ @ @ @ @
5 O O @ @ O O @ @
6 @ O @ O O @ @ @
7 @ @ O O O O O O
8 @ * . . . . . .
Score: 28-29

Valid moves: b8  
Depth: 1

Examined 2/2 game states in 0 s.

Opponent moves: b8

  a b c d e f g h
1 O O O O @ @ @ @
2 O O O O O @ @ @
3 O O O O @ @ @ @
4 O O O @ @ @ @ @
5 O O @ @ O O @ @
6 @ O @ O O @ @ @
7 @ O O O O O O O
8 @ O * * * * * *
Score: 27-31

Valid moves: c8  d8  e8  f8  g8  h8  

  a b c d e f g h
1 O O O O @ @ @ @
2 O O O O O @ @ @
3 O O O O @ @ @ @
4 O O O @ @ @ @ @
5 O O @ @ O @ @ @
6 @ O @ O @ @ @ @
7 @ @ @ @ O O O O
8 @ @ @ * * . . .
Score: 34-25

Valid moves: d8  e8  
Depth: 1

Examined 3/3 game states in 0 s.

Opponent moves: d8

  a b c d e f g h
1 O O O O @ @ @ @
2 O O O O O @ @ @
3 O O O O @ @ @ @
4 O O O @ @ @ @ @
5 O O @ @ O @ @ @
6 @ O @ O @ @ @ @
7 @ @ O O O O O O
8 @ @ @ O * * * *
Score: 32-28

Valid moves: e8  f8  g8  h8  

  a b c d e f g h
1 O O O O @ @ @ @
2 O O O O O @ @ @
3 O O O O @ @ @ @
4 O O O @ @ @ @ @
5 O O @ @ O @ @ @
6 @ O @ O @ @ @ @
7 @ @ O @ @ @ O O
8 @ @ @ @ @ * * .
Score: 37-24

Valid moves: f8  g8  
Depth: 1

Examined 3/3 game states in 0 s.

Opponent moves: g8

  a b c d e f g h
1 O O O O @ @ @ @
2 O O O O O @ @ @
3 O O O O @ @ @ @
4 O O O @ @ @ @ @
5 O O @ O O @ @ @
6 @ O @ O O @ @ @
7 @ @ O @ @ O O O
8 @ @ @ @ @ * O *
Score: 34-28

Valid moves: f8  h8  

  a b c d e f g h
1 O O O O @ @ @ @
2 O O O O O @ @ @
3 O O O O @ @ @ @
4 O O O @ @ @ @ @
5 O O @ O O @ @ @
6 @ O @ O O @ @ @
7 @ @ O @ @ @ @ O
8 @ @ @ @ @ @ O *
Score: 37-26

Valid moves: h8  
Depth: 1

Examined 2/2 game states in 0 s.

Opponent moves: h8

  a b c d e f g h
1 O O O O @ @ @ @
2 O O O O O @ @ @
3 O O O O @ @ @ @
4 O O O @ @ @ @ @
5 O O @ O O @ @ @
6 @ O @ O O O @ @
7 @ @ O @ @ @ O O
8 @ @ @ @ @ @ O O
Score: 35-29
YOU WIN. EXCELLENT.
Game over.

Game took 1.156 s.
