  Play mode:    	automatic
  Player first: 	Yes
  Clear screen: 	Yes
  Verbosity:    	0
  AI max depth: 	1 (fixed)
  AI timeout:   	10 seconds.
Enter moves in form xy (no space).

  a b c d e f g h
1 . . . . . . . .
2 . . . . . . . .
3 . . . . * . . .
4 . . . @ O * . .
5 . . * O @ . . .
6 . . . * . . . .
7 . . . . . . . .
8 . . . . . . . .
Score: 2-2

Valid moves: e3  f4  c5  d6  

Player moves: e3

  a b c d e f g h
1 . . . . . . . .
2 . . . . . . . .
3 . . . * @ * . .
4 . . . @ @ . . .
5 . . . O @ * . .
6 . . . . . . . .
7 . . . . . . . .
8 . . . . . . . .
Score: 4-1

Valid moves: d3  f3  f5  
Time remaining. Increasing depth to 2
Time remaining. Increasing depth to 3
Time remaining. Increasing depth to 4
Time remaining. Increasing depth to 5
Time remaining. Increasing depth to 6
Time remaining. Increasing depth to 7
Time remaining. Increasing depth to 8

Examined 100591/214388 game states in 10.001 s (timed out).

Opponent moves: f3

  a b c d e f g h
1 . . . . . . . .
2 . . . . . . . .
3 . . . . @ O * .
4 . . . @ O * . .
5 . . * O @ . . .
6 . . . * . . . .
7 . . . . . . . .
8 . . . . . . . .
Score: 3-3

Valid moves: g3  f4  c5  d6  

Player moves: g3

  a b c d e f g h
1 . . . . . . . .
2 . . . . * . * .
3 . . . * @ @ @ .
4 . . * @ O . . .
5 . . . O @ * . .
6 . . . . * . . .
7 . . . . . . . .
8 . . . . . . . .
Score: 5-2

Valid moves: e2  g2  d3  c4  f5  e6  
Time remaining. Increasing depth to 2
Time remaining. Increasing depth to 3
Time remaining. Increasing depth to 4
Time remaining. Increasing depth to 5
Time remaining. Increasing depth to 6
Time remaining. Increasing depth to 7
Time remaining. Increasing depth to 8

Examined 102725/245832 game states in 10.001 s (timed out).

Opponent moves: d3

  a b c d e f g h
1 . . . . . . . .
2 . . . . . . . .
3 . . * O @ @ @ .
4 . . . O O . . .
5 . . * O @ . . .
6 . . * . . . . .
7 . . . . . . . .
8 . . . . . . . .
Score: 4-4

Valid moves: c3  c5  c6  

Player moves: c3

  a b c d e f g h
1 . . . . . . . .
2 . . * * * . * .
3 . . @ @ @ @ @ .
4 . . * @ O . . .
5 . . . O @ * . .
6 . . . . * . . .
7 . . . . . . . .
8 . . . . . . . .
Score: 7-2

Valid moves: c2  d2  e2  g2  c4  f5  e6  
Time remaining. Increasing depth to 2
Time remaining. Increasing depth to 3
Time remaining. Increasing depth to 4
Time remaining. Increasing depth to 5
Time remaining. Increasing depth to 6
Time remaining. Increasing depth to 7

Examined 96681/245349 game states in 10.001 s (timed out).

Opponent moves: d2

  a b c d e f g h
1 . . * . * . . .
2 . . . O . . . .
3 . . @ O @ @ @ .
4 . . . O O . . .
5 . . * O @ . . .
6 . . * . . . . .
7 . . . . . . . .
8 . . . . . . . .
Score: 5-5

Valid moves: c1  e1  c5  c6  

Player moves: c1

  a b c d e f g h
1 . . @ * . . . .
2 . * . @ * * * .
3 . * @ O @ @ @ *
4 . . . O O . . .
5 . . . O @ * . .
6 . . . . * * . .
7 . . . . . . . .
8 . . . . . . . .
Score: 7-4

Valid moves: d1  b2  e2  f2  g2  b3  h3  f5  e6  f6  
Time remaining. Increasing depth to 2
Time remaining. Increasing depth to 3
Time remaining. Increasing depth to 4
Time remaining. Increasing depth to 5
Time remaining. Increasing depth to 6
Time remaining. Increasing depth to 7

Examined 106998/254678 game states in 10.001 s (timed out).

Opponent moves: h3

  a b c d e f g h
1 . . @ . . . . .
2 . . . @ * . . .
3 . . @ O O O O O
4 . . . O O * . .
5 . . * O @ . . .
6 . . . * . . . .
7 . . . . . . . .
8 . . . . . . . .
Score: 4-8

Valid moves: e2  f4  c5  d6  

Player moves: e2

  a b c d e f g h
1 . . @ * . * . .
2 . * . @ @ * . .
3 . * @ O @ O O O
4 . . . O @ * . .
5 . . . O @ * . .
6 . . . . . * . .
7 . . . . . . . .
8 . . . . . . . .
Score: 7-6

Valid moves: d1  f1  b2  f2  b3  f4  f5  f6  
Time remaining. Increasing depth to 2
Time remaining. Increasing depth to 3
Time remaining. Increasing depth to 4
Time remaining. Increasing depth to 5
Time remaining. Increasing depth to 6
Time remaining. Increasing depth to 7

Examined 100793/257437 game states in 10.001 s (timed out).

Opponent moves: f4

  a b c d e f g h
1 . . @ . . . . .
2 . . . @ @ . . *
3 . . @ O @ O O O
4 . . * O O O * .
5 . . * O @ . * .
6 . . . * . . . .
7 . . . . . . . .
8 . . . . . . . .
Score: 6-8

Valid moves: h2  c4  g4  c5  g5  d6  

Player moves: h2

  a b c d e f g h
1 . . @ * * * . *
2 . * . @ @ * . @
3 . * @ O @ O @ O
4 . . . O O @ * .
5 . . . O @ * . .
6 . . . . * * . .
7 . . . . . . . .
8 . . . . . . . .
Score: 9-6

Valid moves: d1  e1  f1  h1  b2  f2  b3  g4  f5  e6  f6  
Time remaining. Increasing depth to 2
Time remaining. Increasing depth to 3
Time remaining. Increasing depth to 4
Time remaining. Increasing depth to 5
Time remaining. Increasing depth to 6
Time remaining. Increasing depth to 7

Examined 99616/261500 game states in 10.001 s (timed out).

Opponent moves: h1

  a b c d e f g h
1 . . @ . . . . O
2 . . . @ @ * . O
3 . . @ O @ O @ O
4 . . * O O @ * .
5 . . * O @ . . .
6 . . . * . . . .
7 . . . . . . . .
8 . . . . . . . .
Score: 8-8

Valid moves: f2  c4  g4  c5  d6  

Player moves: f2

  a b c d e f g h
1 . . @ * * * * O
2 . * . @ @ @ * O
3 . * @ O @ @ @ O
4 . . . O O @ * .
5 . . . O @ * . .
6 . . . * * * . .
7 . . . . . . . .
8 . . . . . . . .
Score: 10-7

Valid moves: d1  e1  f1  g1  b2  g2  b3  g4  f5  d6  e6  f6  
Time remaining. Increasing depth to 2
Time remaining. Increasing depth to 3
Time remaining. Increasing depth to 4
Time remaining. Increasing depth to 5
Time remaining. Increasing depth to 6
Time remaining. Increasing depth to 7

Examined 80228/261807 game states in 10.001 s (timed out).

Opponent moves: d1

  a b c d e f g h
1 . . @ O * . . O
2 . . * O @ @ . O
3 . . @ O @ @ @ O
4 . . * O O @ . .
5 . . * O @ . . .
6 . . * . . . . .
7 . . . . . . . .
8 . . . . . . . .
Score: 9-9

Valid moves: e1  c2  c4  c5  c6  

Player moves: e1

  a b c d e f g h
1 . . @ @ @ * * O
2 . * . @ @ @ * O
3 . * @ O @ @ @ O
4 . . . O O @ * .
5 . . . O @ * . .
6 . . . * * * . .
7 . . . . . . . .
8 . . . . . . . .
Score: 12-7

Valid moves: f1  g1  b2  g2  b3  g4  f5  d6  e6  f6  
Time remaining. Increasing depth to 2
Time remaining. Increasing depth to 3
Time remaining. Increasing depth to 4
Time remaining. Increasing depth to 5
Time remaining. Increasing depth to 6
Time remaining. Increasing depth to 7
Time remaining. Increasing depth to 8

Examined 93151/277645 game states in 10.002 s (timed out).

Opponent moves: f1

  a b c d e f g h
1 . . @ @ @ O * O
2 . . . @ O @ . O
3 . . @ O @ @ @ O
4 . . * O O @ . .
5 . . * O @ . . .
6 . . * * . . . .
7 . . . . . . . .
8 . . . . . . . .
Score: 11-9

Valid moves: g1  c4  c5  c6  d6  

Player moves: g1

  a b c d e f g h
1 . * @ @ @ @ @ O
2 . * * @ O @ * O
3 . * @ O @ @ @ O
4 . . . O O @ * .
5 . . . O @ * . .
6 . . . * * * . .
7 . . . . . . . .
8 . . . . . . . .
Score: 13-8

Valid moves: b1  b2  c2  g2  b3  g4  f5  d6  e6  f6  
Time remaining. Increasing depth to 2
Time remaining. Increasing depth to 3
Time remaining. Increasing depth to 4
Time remaining. Increasing depth to 5
Time remaining. Increasing depth to 6
Time remaining. Increasing depth to 7

Examined 89452/275101 game states in 10.001 s (timed out).

Opponent moves: b1

  a b c d e f g h
1 . O O O O O O O
2 . . . @ O @ . O
3 . . @ O @ @ @ O
4 . . * O O @ . .
5 . . * O @ . . .
6 . . * * . . . .
7 . . . . . . . .
8 . . . . . . . .
Score: 8-14

Valid moves: c4  c5  c6  d6  

Player moves: c4

  a b c d e f g h
1 . O O O O O O O
2 . . * @ O @ * O
3 . * @ O @ @ @ O
4 . * @ @ @ @ * *
5 . * * O @ * * .
6 . . . * * . . .
7 . . . . . . . .
8 . . . . . . . .
Score: 11-12

Valid moves: c2  g2  b3  b4  g4  h4  b5  c5  f5  g5  d6  e6  
Time remaining. Increasing depth to 2
Time remaining. Increasing depth to 3
Time remaining. Increasing depth to 4
Time remaining. Increasing depth to 5
Time remaining. Increasing depth to 6
Time remaining. Increasing depth to 7

Examined 112501/284013 game states in 10.001 s (timed out).

Opponent moves: g2

  a b c d e f g h
1 . O O O O O O O
2 . . . @ O O O O
3 . . @ O @ O @ O
4 . . @ @ O @ . .
5 . . * O @ . . .
6 . . . * * . . .
7 . . . . . . . .
8 . . . . . . . .
Score: 8-16

Valid moves: c5  d6  e6  

Player moves: c5

  a b c d e f g h
1 . O O O O O O O
2 . . * @ O O O O
3 . * @ O @ O @ O
4 . * @ @ O @ * *
5 . * @ @ @ * * .
6 . * * * * . . .
7 . . . . . . . .
8 . . . . . . . .
Score: 10-15

Valid moves: c2  b3  b4  g4  h4  b5  f5  g5  b6  c6  d6  e6  
Time remaining. Increasing depth to 2
Time remaining. Increasing depth to 3
Time remaining. Increasing depth to 4
Time remaining. Increasing depth to 5
Time remaining. Increasing depth to 6
Time remaining. Increasing depth to 7

Examined 119697/289073 game states in 10.001 s (timed out).

Opponent moves: g4

  a b c d e f g h
1 . O O O O O O O
2 . . . @ O O O O
3 . . @ O @ O O O
4 . . @ @ O O O *
5 . . @ @ @ . * .
6 . . . . . . . .
7 . . . . . . . .
8 . . . . . . . .
Score: 8-18

Valid moves: h4  g5  

Player moves: h4

  a b c d e f g h
1 . O O O O O O O
2 . . * @ O O O O
3 . * @ O @ O O O
4 . * @ @ @ @ @ @
5 . * @ @ @ * * *
6 . * * * * . . .
7 . . . . . . . .
8 . . . . . . . .
Score: 12-15

Valid moves: c2  b3  b4  b5  f5  g5  h5  b6  c6  d6  e6  
Time remaining. Increasing depth to 2
Time remaining. Increasing depth to 3
Time remaining. Increasing depth to 4
Time remaining. Increasing depth to 5
Time remaining. Increasing depth to 6
Time remaining. Increasing depth to 7

Examined 120203/297138 game states in 10.001 s (timed out).

Opponent moves: h5

  a b c d e f g h
1 . O O O O O O O
2 . . * @ O O O O
3 . . @ O @ O O O
4 . . @ @ @ @ O O
5 . . @ @ @ . . O
6 . . . . . . . .
7 . . . . . . . .
8 . . . . . . . .
Score: 10-18

Valid moves: c2  

Player moves: c2

  a b c d e f g h
1 . O O O O O O O
2 . * @ @ O O O O
3 . * @ @ @ O O O
4 . * @ @ @ @ O O
5 . * @ @ @ * * O
6 . * * * * . . .
7 . . . . . . . .
8 . . . . . . . .
Score: 12-17

Valid moves: b2  b3  b4  b5  f5  g5  b6  c6  d6  e6  
Time remaining. Increasing depth to 2
Time remaining. Increasing depth to 3
Time remaining. Increasing depth to 4
Time remaining. Increasing depth to 5
Time remaining. Increasing depth to 6
Time remaining. Increasing depth to 7

Examined 117494/293225 game states in 10.001 s (timed out).

Opponent moves: b3

  a b c d e f g h
1 . O O O O O O O
2 * * O @ O O O O
3 . O O O O O O O
4 . * @ @ @ @ O O
5 . . @ @ @ . . O
6 . . . . . . . .
7 . . . . . . . .
8 . . . . . . . .
Score: 8-22

Valid moves: a2  b2  b4  

Player moves: a2

  a b c d e f g h
1 . O O O O O O O
2 @ . O @ O O O O
3 * @ O O O O O O
4 * * @ @ @ @ O O
5 . * @ @ @ * * O
6 . * * * * * . .
7 . . . . . . . .
8 . . . . . . . .
Score: 10-21

Valid moves: a3  a4  b4  b5  f5  g5  b6  c6  d6  e6  f6  
Time remaining. Increasing depth to 2
Time remaining. Increasing depth to 3
Time remaining. Increasing depth to 4
Time remaining. Increasing depth to 5
Time remaining. Increasing depth to 6
Time remaining. Increasing depth to 7
Time remaining. Increasing depth to 8

Examined 123922/317503 game states in 10.001 s (timed out).

Opponent moves: a4

  a b c d e f g h
1 . O O O O O O O
2 @ * O @ O O O O
3 . O O O O O O O
4 O * @ @ @ @ O O
5 . . @ @ @ . . O
6 . . . . . . . .
7 . . . . . . . .
8 . . . . . . . .
Score: 9-23

Valid moves: b2  b4  

Player moves: b2

  a b c d e f g h
1 . O O O O O O O
2 @ @ @ @ O O O O
3 * O @ O O O O O
4 O * @ @ @ @ O O
5 . * @ @ @ * * O
6 . * * * * . . .
7 . . . . . . . .
8 . . . . . . . .
Score: 12-21

Valid moves: a3  b4  b5  f5  g5  b6  c6  d6  e6  
Time remaining. Increasing depth to 2
Time remaining. Increasing depth to 3
Time remaining. Increasing depth to 4
Time remaining. Increasing depth to 5
Time remaining. Increasing depth to 6
Time remaining. Increasing depth to 7
Time remaining. Increasing depth to 8

Examined 122774/315688 game states in 10.001 s (timed out).

Opponent moves: b6

  a b c d e f g h
1 . O O O O O O O
2 @ @ @ @ O O O O
3 * O @ O O O O O
4 O * @ O @ @ O O
5 . * O @ @ . . O
6 . O * . . . . .
7 . . . . . . . .
8 . . . . . . . .
Score: 10-24

Valid moves: a3  b4  b5  c6  

Player moves: a3

  a b c d e f g h
1 * O O O O O O O
2 @ @ @ @ O O O O
3 @ @ @ O O O O O
4 O * @ O @ @ O O
5 . * O @ @ * * O
6 . O * * * * . .
7 . . . . . . . .
8 . . . . . . . .
Score: 12-23

Valid moves: a1  b4  b5  f5  g5  c6  d6  e6  f6  
Time remaining. Increasing depth to 2
Time remaining. Increasing depth to 3
Time remaining. Increasing depth to 4
Time remaining. Increasing depth to 5
Time remaining. Increasing depth to 6
Time remaining. Increasing depth to 7
Time remaining. Increasing depth to 8

Examined 142940/330237 game states in 10.001 s (timed out).

Opponent moves: a1

  a b c d e f g h
1 O O O O O O O O
2 O O @ @ O O O O
3 O @ O O O O O O
4 O * @ O @ @ O O
5 . * O @ @ . . O
6 . O * . . . . .
7 . . . . . . . .
8 . . . . . . . .
Score: 8-28

Valid moves: b4  b5  c6  

Player moves: b4

  a b c d e f g h
1 O O O O O O O O
2 O O @ @ O O O O
3 O @ @ O O O O O
4 O @ @ O @ @ O O
5 * * O @ @ * * O
6 . O * * * * . .
7 . . . . . . . .
8 . . . . . . . .
Score: 10-27

Valid moves: a5  b5  f5  g5  c6  d6  e6  f6  
Time remaining. Increasing depth to 2
Time remaining. Increasing depth to 3
Time remaining. Increasing depth to 4
Time remaining. Increasing depth to 5
Time remaining. Increasing depth to 6
Time remaining. Increasing depth to 7
Time remaining. Increasing depth to 8

Examined 182064/337931 game states in 10.001 s (timed out).

Opponent moves: a5

  a b c d e f g h
1 O O O O O O O O
2 O O @ O O O O O
3 O @ O O O O O O
4 O O @ O @ @ O O
5 O * O @ @ . . O
6 . O * . . . . .
7 . . . . . . . .
8 . . . . . . . .
Score: 7-31

Valid moves: b5  c6  

Player moves: b5

  a b c d e f g h
1 O O O O O O O O
2 O O @ O O O O O
3 O @ O O O O O O
4 O @ @ O @ @ O O
5 O @ @ @ @ * * O
6 * O * * * * . .
7 . . . . . . . .
8 . . . . . . . .
Score: 10-29

Valid moves: f5  g5  a6  c6  d6  e6  f6  
Time remaining. Increasing depth to 2
Time remaining. Increasing depth to 3
Time remaining. Increasing depth to 4
Time remaining. Increasing depth to 5
Time remaining. Increasing depth to 6
Time remaining. Increasing depth to 7
Time remaining. Increasing depth to 8

Examined 195751/310900 game states in 10.001 s (timed out).

Opponent moves: a6

  a b c d e f g h
1 O O O O O O O O
2 O O @ O O O O O
3 O @ O O O O O O
4 O @ O O @ @ O O
5 O O @ @ @ . . O
6 O O . . . . . .
7 * * . . . . . .
8 . . . . . . . .
Score: 8-32

Valid moves: a7  b7  

Player moves: a7

  a b c d e f g h
1 O O O O O O O O
2 O O @ O O O O O
3 O @ O O O O O O
4 O @ O O @ @ O O
5 O O @ @ @ * * O
6 O @ * * * * . .
7 @ * * . . . . .
8 * . . . . . . .
Score: 10-31

Valid moves: f5  g5  c6  d6  e6  f6  b7  c7  a8  
Time remaining. Increasing depth to 2
Time remaining. Increasing depth to 3
Time remaining. Increasing depth to 4
Time remaining. Increasing depth to 5
Time remaining. Increasing depth to 6
Time remaining. Increasing depth to 7
Time remaining. Increasing depth to 8

Examined 179271/270947 game states in 10.001 s (timed out).

Opponent moves: b7

  a b c d e f g h
1 O O O O O O O O
2 O O @ O O O O O
3 O @ O O O O O O
4 O @ O O @ @ O O
5 O O @ @ @ . . O
6 O O . . . . . .
7 @ O * . . . . .
8 . * . . . . . .
Score: 9-33

Valid moves: c7  b8  

Player moves: c7

  a b c d e f g h
1 O O O O O O O O
2 O O @ O O O O O
3 O @ O O O O O O
4 O @ O O @ @ O O
5 O O @ @ @ * * O
6 O O * * * * . .
7 @ @ @ . . . . .
8 * * * * . . . .
Score: 11-32

Valid moves: f5  g5  c6  d6  e6  f6  a8  b8  c8  d8  
Time remaining. Increasing depth to 2
Time remaining. Increasing depth to 3
Time remaining. Increasing depth to 4
Time remaining. Increasing depth to 5
Time remaining. Increasing depth to 6
Time remaining. Increasing depth to 7
Time remaining. Increasing depth to 8

Examined 198478/288887 game states in 10.001 s (timed out).

Opponent moves: c8

  a b c d e f g h
1 O O O O O O O O
2 O O @ O O O O O
3 O @ O O O O O O
4 O @ O O @ @ O O
5 O O @ @ @ . . O
6 O O . . . . . .
7 @ O @ . . . . .
8 . * O . . . . .
Score: 10-34

Valid moves: b8  

Player moves: b8

  a b c d e f g h
1 O O O O O O O O
2 O O @ O O O O O
3 O @ O O O O O O
4 O @ O O @ @ O O
5 O @ @ @ @ * * O
6 O @ * * * * . .
7 @ @ @ . . . . .
8 * @ O * . . . .
Score: 14-31

Valid moves: f5  g5  c6  d6  e6  f6  a8  d8  
Time remaining. Increasing depth to 2
Time remaining. Increasing depth to 3
Time remaining. Increasing depth to 4
Time remaining. Increasing depth to 5
Time remaining. Increasing depth to 6
Time remaining. Increasing depth to 7
Time remaining. Increasing depth to 8

Examined 169090/231147 game states in 10.001 s (timed out).

Opponent moves: g5

  a b c d e f g h
1 O O O O O O O O
2 O O @ O O O O O
3 O @ O O O O O O
4 O @ O O @ O O O
5 O @ @ @ @ . O O
6 O @ . . . . . .
7 @ @ @ . . . . .
8 . @ O * . . . .
Score: 13-33

Valid moves: d8  

Player moves: d8

  a b c d e f g h
1 O O O O O O O O
2 O O @ O O O O O
3 O @ O O O O O O
4 O @ O O @ O O O
5 O @ @ @ @ * O O
6 O @ * * * * . .
7 @ @ @ . . . . .
8 * @ @ @ . . . .
Score: 15-32

Valid moves: f5  c6  d6  e6  f6  a8  
Time remaining. Increasing depth to 2
Time remaining. Increasing depth to 3
Time remaining. Increasing depth to 4
Time remaining. Increasing depth to 5
Time remaining. Increasing depth to 6
Time remaining. Increasing depth to 7
Time remaining. Increasing depth to 8
Time remaining. Increasing depth to 9

Examined 172370/225619 game states in 10.002 s (timed out).

Opponent moves: c6

  a b c d e f g h
1 O O O O O O O O
2 O O @ O O O O O
3 O @ O O O O O O
4 O @ O O O O O O
5 O O O O @ * O O
6 O O O * * . . .
7 @ @ @ . . . . .
8 . @ @ @ . . . .
Score: 10-38

Valid moves: f5  d6  e6  

Player moves: f5

  a b c d e f g h
1 O O O O O O O O
2 O O @ O O O O O
3 O @ O @ O O O O
4 O @ O O @ O O O
5 O O O O @ @ O O
6 O O O * * * * .
7 @ @ @ . . . . .
8 * @ @ @ . . . .
Score: 13-36

Valid moves: d6  e6  f6  g6  a8  
Time remaining. Increasing depth to 2
Time remaining. Increasing depth to 3
Time remaining. Increasing depth to 4
Time remaining. Increasing depth to 5
Time remaining. Increasing depth to 6
Time remaining. Increasing depth to 7
Time remaining. Increasing depth to 8
Time remaining. Increasing depth to 9

Examined 170627/233718 game states in 10.001 s (timed out).

Opponent moves: a8

  a b c d e f g h
1 O O O O O O O O
2 O O @ O O O O O
3 O @ O @ O O O O
4 O @ O O @ O O O
5 O O O O @ @ O O
6 O O O * * . . .
7 O O @ . . . . .
8 O @ @ @ . . . .
Score: 11-39

Valid moves: d6  e6  

Player moves: d6

  a b c d e f g h
1 O O O O O O O O
2 O O @ O O O O O
3 O @ O @ O O O O
4 O @ O @ @ O O O
5 O O @ @ @ @ O O
6 O O O @ * * * .
7 O O @ * * . . .
8 O @ @ @ * . . .
Score: 15-36

Valid moves: e6  f6  g6  d7  e7  e8  
Time remaining. Increasing depth to 2
Time remaining. Increasing depth to 3
Time remaining. Increasing depth to 4
Time remaining. Increasing depth to 5
Time remaining. Increasing depth to 6
Time remaining. Increasing depth to 7
Time remaining. Increasing depth to 8
Time remaining. Increasing depth to 9

Examined 228435/349436 game states in 10.001 s (timed out).

Opponent moves: d7

  a b c d e f g h
1 O O O O O O O O
2 O O @ O O O O O
3 O @ O O O O O O
4 O @ O O @ O O O
5 O O @ O @ @ O O
6 O O O O * . . .
7 O O O O * . . .
8 O @ @ @ . . . .
Score: 10-42

Valid moves: e6  e7  

Player moves: e6

  a b c d e f g h
1 O O O O O O O O
2 O O @ O O O O O
3 O @ O O O O O O
4 O @ @ O @ O O O
5 O O @ @ @ @ O O
6 O O O O @ * * .
7 O O O @ * * . .
8 O @ @ @ * . . .
Score: 14-39

Valid moves: f6  g6  e7  f7  e8  
Time remaining. Increasing depth to 2
Time remaining. Increasing depth to 3
Time remaining. Increasing depth to 4
Time remaining. Increasing depth to 5
Time remaining. Increasing depth to 6
Time remaining. Increasing depth to 7
Time remaining. Increasing depth to 8
Time remaining. Increasing depth to 9
Time remaining. Increasing depth to 10

Examined 308593/383201 game states in 10.001 s (timed out).

Opponent moves: e8

  a b c d e f g h
1 O O O O O O O O
2 O O @ O O O O O
3 O @ O O O O O O
4 O @ @ O @ O O O
5 O O @ @ @ @ O O
6 O O O O @ . . .
7 O O O O * . . .
8 O O O O O . . .
Score: 10-44

Valid moves: e7  

Player moves: e7

  a b c d e f g h
1 O O O O O O O O
2 O O @ O O O O O
3 O @ O O O O O O
4 O @ @ O @ O O O
5 O O @ @ @ @ O O
6 O O O @ @ * * .
7 O O O O @ * . .
8 O O O O O * . .
Score: 12-43

Valid moves: f6  g6  f7  f8  
Time remaining. Increasing depth to 2
Time remaining. Increasing depth to 3
Time remaining. Increasing depth to 4
Time remaining. Increasing depth to 5
Time remaining. Increasing depth to 6
Time remaining. Increasing depth to 7
Time remaining. Increasing depth to 8
Time remaining. Increasing depth to 9
Time remaining. Increasing depth to 10
Time remaining. Increasing depth to 11
Time remaining. Increasing depth to 12

Examined 573230/511132 game states in 10.001 s (timed out).

Opponent moves: f6

  a b c d e f g h
1 O O O O O O O O
2 O O @ O O O O O
3 O @ O O O O O O
4 O @ @ O @ O O O
5 O O @ @ O O O O
6 O O O O O O * .
7 O O O O O * . .
8 O O O O O * . .
Score: 7-49

Valid moves: g6  f7  f8  

Player moves: g6

  a b c d e f g h
1 O O O O O O O O
2 O O @ O O O O O
3 O @ O O O O O O
4 O @ @ O @ O O O
5 O O @ @ O @ O O
6 O O O O O O @ *
7 O O O O O * * *
8 O O O O O . . .
Score: 9-48

Valid moves: h6  f7  g7  h7  
Time remaining. Increasing depth to 2
Time remaining. Increasing depth to 3
Time remaining. Increasing depth to 4
Time remaining. Increasing depth to 5
Time remaining. Increasing depth to 6
Time remaining. Increasing depth to 7
Time remaining. Increasing depth to 8
Time remaining. Increasing depth to 9
Time remaining. Increasing depth to 10
Time remaining. Increasing depth to 11
Time remaining. Increasing depth to 12
Time remaining. Increasing depth to 13
Time remaining. Increasing depth to 14
Time remaining. Increasing depth to 15

Examined 1588864/1240850 game states in 10.002 s (timed out).

Opponent moves: h6

  a b c d e f g h
1 O O O O O O O O
2 O O @ O O O O O
3 O @ O O O O O O
4 O @ @ O @ O O O
5 O O @ @ O @ O O
6 O O O O O O O O
7 O O O O O * . *
8 O O O O O * . .
Score: 8-50

Valid moves: f7  h7  f8  

Player moves: f7

  a b c d e f g h
1 O O O O O O O O
2 O O @ O O O O O
3 O @ O O O O O O
4 O @ @ O @ O O O
5 O O @ @ O @ O O
6 O O O O @ @ O O
7 O O O O O @ * .
8 O O O O O * * .
Score: 11-48

Valid moves: g7  f8  g8  
Time remaining. Increasing depth to 2
Time remaining. Increasing depth to 3
Time remaining. Increasing depth to 4
Time remaining. Increasing depth to 5
Time remaining. Increasing depth to 6
Time remaining. Increasing depth to 7
Time remaining. Increasing depth to 8
Time remaining. Increasing depth to 9
Time remaining. Increasing depth to 10
Time remaining. Increasing depth to 11
Time remaining. Increasing depth to 12
Time remaining. Increasing depth to 13
Time remaining. Increasing depth to 14
Time remaining. Increasing depth to 15
Time remaining. Increasing depth to 16

Examined 2053938/1565392 game states in 10.001 s (timed out).

Opponent moves: f8

  a b c d e f g h
1 O O O O O O O O
2 O O @ O O O O O
3 O @ O O O O O O
4 O @ @ O @ O O O
5 O O @ @ O O O O
6 O O O O @ O O O
7 O O O O O O . *
8 O O O O O O * .
Score: 8-52

Valid moves: h7  g8  

Player moves: h7

  a b c d e f g h
1 O O O O O O O O
2 O O @ O O O O O
3 O @ O O O O O O
4 O @ @ O @ O O O
5 O O @ @ O @ O O
6 O O O O @ O @ O
7 O O O O O O * @
8 O O O O O O . *
Score: 11-50

Valid moves: g7  h8  
Time remaining. Increasing depth to 2
Time remaining. Increasing depth to 3
Time remaining. Increasing depth to 4
Time remaining. Increasing depth to 5
Time remaining. Increasing depth to 6
Time remaining. Increasing depth to 7
Time remaining. Increasing depth to 8
Time remaining. Increasing depth to 9
Time remaining. Increasing depth to 10
Time remaining. Increasing depth to 11
Time remaining. Increasing depth to 12
Time remaining. Increasing depth to 13
Time remaining. Increasing depth to 14
Time remaining. Increasing depth to 15
Time remaining. Increasing depth to 16
Time remaining. Increasing depth to 17
Time remaining. Increasing depth to 18

Examined 2035661/1555415 game states in 10.001 s (timed out).

Opponent moves: g7

  a b c d e f g h
1 O O O O O O O O
2 O O @ O O O O O
3 O @ O O O O O O
4 O @ @ O @ O O O
5 O O @ @ O @ O O
6 O O O O @ O O O
7 O O O O O O O @
8 O O O O O O * .
Score: 10-52

Valid moves: g8  

Player moves: g8

  a b c d e f g h
1 O O O O O O O O
2 O O @ O O O O O
3 O @ O O O O O O
4 O @ @ O @ O O O
5 O O @ @ O @ O O
6 O O O O @ O O O
7 O O O O O @ O @
8 O O O O O O @ *
Score: 12-51

Valid moves: h8  
Time remaining. Increasing depth to 2
Time remaining. Increasing depth to 3
Time remaining. Increasing depth to 4
Time remaining. Increasing depth to 5
Time remaining. Increasing depth to 6
Time remaining. Increasing depth to 7
Time remaining. Increasing depth to 8
Time remaining. Increasing depth to 9
Time remaining. Increasing depth to 10
Time remaining. Increasing depth to 11
Time remaining. Increasing depth to 12
Time remaining. Increasing depth to 13
Time remaining. Increasing depth to 14
Time remaining. Increasing depth to 15
Time remaining. Increasing depth to 16
Time remaining. Increasing depth to 17
Time remaining. Increasing depth to 18

Examined 2094106/1604274 game states in 10.001 s (timed out).

Opponent moves: h8

  a b c d e f g h
1 O O O O O O O O
2 O O @ O O O O O
3 O @ O O O O O O
4 O @ @ O @ O O O
5 O O @ @ O @ O O
6 O O O O @ O O O
7 O O O O O @ O O
8 O O O O O O O O
Score: 10-54
YOU LOSE. PLAY AGAIN
Game over.

Game took 306.884 s.
