OTHELLO
Settings: 
  Play mode:    	automatic
  Player first: 	Yes
  Clear screen: 	Yes
  Verbosity:    	0
  AI max depth: 	0 (based on move number)
  AI timeout:   	2 seconds.
  AI time mode: 	Time-limited
Enter moves in form xy (no space).

  a b c d e f g h
1 . . . . . . . .
2 . . . . . . . .
3 . . . . * . . .
4 . . . @ O * . .
5 . . * O @ . . .
6 . . . * . . . .
7 . . . . . . . .
8 . . . . . . . .
Score: 2-2

Valid moves: e3  f4  c5  d6  

Player moves: e3

  a b c d e f g h
1 . . . . . . . .
2 . . . . . . . .
3 . . . * @ * . .
4 . . . @ @ . . .
5 . . . O @ * . .
6 . . . . . . . .
7 . . . . . . . .
8 . . . . . . . .
Score: 4-1

Valid moves: d3  f3  f5  
Time remaining. Increasing depth to 2
Time remaining. Increasing depth to 3
Time remaining. Increasing depth to 4
Time remaining. Increasing depth to 5
Time remaining. Increasing depth to 6
Time remaining. Increasing depth to 7

Examined 34793/66646 game states in 2.016 s.

Opponent moves: f3

  a b c d e f g h
1 . . . . . . . .
2 . . . . . . . .
3 . . . . @ O * .
4 . . . @ O * . .
5 . . * O @ . . .
6 . . . * . . . .
7 . . . . . . . .
8 . . . . . . . .
Score: 3-3

Valid moves: g3  f4  c5  d6  

Player moves: g3

  a b c d e f g h
1 . . . . . . . .
2 . . . . * . * .
3 . . . * @ @ @ .
4 . . * @ O . . .
5 . . . O @ * . .
6 . . . . * . . .
7 . . . . . . . .
8 . . . . . . . .
Score: 5-2

Valid moves: e2  g2  d3  c4  f5  e6  
Time remaining. Increasing depth to 2
Time remaining. Increasing depth to 3
Time remaining. Increasing depth to 4
Time remaining. Increasing depth to 5
Time remaining. Increasing depth to 6
Time remaining. Increasing depth to 7

Examined 36259/66420 game states in 2.015 s.

Opponent moves: d3

  a b c d e f g h
1 . . . . . . . .
2 . . . . . . . .
3 . . * O @ @ @ .
4 . . . O O . . .
5 . . * O @ . . .
6 . . * . . . . .
7 . . . . . . . .
8 . . . . . . . .
Score: 4-4

Valid moves: c3  c5  c6  

Player moves: c3

  a b c d e f g h
1 . . . . . . . .
2 . . * * * . * .
3 . . @ @ @ @ @ .
4 . . * @ O . . .
5 . . . O @ * . .
6 . . . . * . . .
7 . . . . . . . .
8 . . . . . . . .
Score: 7-2

Valid moves: c2  d2  e2  g2  c4  f5  e6  
Time remaining. Increasing depth to 2
Time remaining. Increasing depth to 3
Time remaining. Increasing depth to 4
Time remaining. Increasing depth to 5
Time remaining. Increasing depth to 6
Time remaining. Increasing depth to 7

Examined 37238/66028 game states in 2.015 s.

Opponent moves: d2

  a b c d e f g h
1 . . * . * . . .
2 . . . O . . . .
3 . . @ O @ @ @ .
4 . . . O O . . .
5 . . * O @ . . .
6 . . * . . . . .
7 . . . . . . . .
8 . . . . . . . .
Score: 5-5

Valid moves: c1  e1  c5  c6  

Player moves: c1

  a b c d e f g h
1 . . @ * . . . .
2 . * . @ * * * .
3 . * @ O @ @ @ *
4 . . . O O . . .
5 . . . O @ * . .
6 . . . . * * . .
7 . . . . . . . .
8 . . . . . . . .
Score: 7-4

Valid moves: d1  b2  e2  f2  g2  b3  h3  f5  e6  f6  
Time remaining. Increasing depth to 2
Time remaining. Increasing depth to 3
Time remaining. Increasing depth to 4
Time remaining. Increasing depth to 5
Time remaining. Increasing depth to 6
Time remaining. Increasing depth to 7

Examined 36972/65946 game states in 2.016 s.

Opponent moves: h3

  a b c d e f g h
1 . . @ . . . . .
2 . . . @ * . . .
3 . . @ O O O O O
4 . . . O O * . .
5 . . * O @ . . .
6 . . . * . . . .
7 . . . . . . . .
8 . . . . . . . .
Score: 4-8

Valid moves: e2  f4  c5  d6  

Player moves: e2

  a b c d e f g h
1 . . @ * . * . .
2 . * . @ @ * . .
3 . * @ O @ O O O
4 . . . O @ * . .
5 . . . O @ * . .
6 . . . . . * . .
7 . . . . . . . .
8 . . . . . . . .
Score: 7-6

Valid moves: d1  f1  b2  f2  b3  f4  f5  f6  
Time remaining. Increasing depth to 2
Time remaining. Increasing depth to 3
Time remaining. Increasing depth to 4
Time remaining. Increasing depth to 5
Time remaining. Increasing depth to 6
Time remaining. Increasing depth to 7

Examined 31951/67363 game states in 2.015 s.

Opponent moves: f4

  a b c d e f g h
1 . . @ . . . . .
2 . . . @ @ . . *
3 . . @ O @ O O O
4 . . * O O O * .
5 . . * O @ . * .
6 . . . * . . . .
7 . . . . . . . .
8 . . . . . . . .
Score: 6-8

Valid moves: h2  c4  g4  c5  g5  d6  

Player moves: h2

  a b c d e f g h
1 . . @ * * * . *
2 . * . @ @ * . @
3 . * @ O @ O @ O
4 . . . O O @ * .
5 . . . O @ * . .
6 . . . . * * . .
7 . . . . . . . .
8 . . . . . . . .
Score: 9-6

Valid moves: d1  e1  f1  h1  b2  f2  b3  g4  f5  e6  f6  
Time remaining. Increasing depth to 2
Time remaining. Increasing depth to 3
Time remaining. Increasing depth to 4
Time remaining. Increasing depth to 5
Time remaining. Increasing depth to 6

Examined 35380/66620 game states in 2.015 s.

Opponent moves: h1

  a b c d e f g h
1 . . @ . . . . O
2 . . . @ @ * . O
3 . . @ O @ O @ O
4 . . * O O @ * .
5 . . * O @ . . .
6 . . . * . . . .
7 . . . . . . . .
8 . . . . . . . .
Score: 8-8

Valid moves: f2  c4  g4  c5  d6  

Player moves: f2

  a b c d e f g h
1 . . @ * * * * O
2 . * . @ @ @ * O
3 . * @ O @ @ @ O
4 . . . O O @ * .
5 . . . O @ * . .
6 . . . * * * . .
7 . . . . . . . .
8 . . . . . . . .
Score: 10-7

Valid moves: d1  e1  f1  g1  b2  g2  b3  g4  f5  d6  e6  f6  
Time remaining. Increasing depth to 2
Time remaining. Increasing depth to 3
Time remaining. Increasing depth to 4
Time remaining. Increasing depth to 5
Time remaining. Increasing depth to 6
Time remaining. Increasing depth to 7

Examined 33557/68870 game states in 2.015 s.

Opponent moves: d1

  a b c d e f g h
1 . . @ O * . . O
2 . . * O @ @ . O
3 . . @ O @ @ @ O
4 . . * O O @ . .
5 . . * O @ . . .
6 . . * . . . . .
7 . . . . . . . .
8 . . . . . . . .
Score: 9-9

Valid moves: e1  c2  c4  c5  c6  

Player moves: e1

  a b c d e f g h
1 . . @ @ @ * * O
2 . * . @ @ @ * O
3 . * @ O @ @ @ O
4 . . . O O @ * .
5 . . . O @ * . .
6 . . . * * * . .
7 . . . . . . . .
8 . . . . . . . .
Score: 12-7

Valid moves: f1  g1  b2  g2  b3  g4  f5  d6  e6  f6  
Time remaining. Increasing depth to 2
Time remaining. Increasing depth to 3
Time remaining. Increasing depth to 4
Time remaining. Increasing depth to 5
Time remaining. Increasing depth to 6
Time remaining. Increasing depth to 7

Examined 25026/71748 game states in 2.016 s.

Opponent moves: f1

  a b c d e f g h
1 . . @ @ @ O * O
2 . . . @ O @ . O
3 . . @ O @ @ @ O
4 . . * O O @ . .
5 . . * O @ . . .
6 . . * * . . . .
7 . . . . . . . .
8 . . . . . . . .
Score: 11-9

Valid moves: g1  c4  c5  c6  d6  

Player moves: g1

  a b c d e f g h
1 . * @ @ @ @ @ O
2 . * * @ O @ * O
3 . * @ O @ @ @ O
4 . . . O O @ * .
5 . . . O @ * . .
6 . . . * * * . .
7 . . . . . . . .
8 . . . . . . . .
Score: 13-8

Valid moves: b1  b2  c2  g2  b3  g4  f5  d6  e6  f6  
Time remaining. Increasing depth to 2
Time remaining. Increasing depth to 3
Time remaining. Increasing depth to 4
Time remaining. Increasing depth to 5
Time remaining. Increasing depth to 6
Time remaining. Increasing depth to 7

Examined 32026/72999 game states in 2.016 s.

Opponent moves: b1

  a b c d e f g h
1 . O O O O O O O
2 . . . @ O @ . O
3 . . @ O @ @ @ O
4 . . * O O @ . .
5 . . * O @ . . .
6 . . * * . . . .
7 . . . . . . . .
8 . . . . . . . .
Score: 8-14

Valid moves: c4  c5  c6  d6  

Player moves: c4

  a b c d e f g h
1 . O O O O O O O
2 . . * @ O @ * O
3 . * @ O @ @ @ O
4 . * @ @ @ @ * *
5 . * * O @ * * .
6 . . . * * . . .
7 . . . . . . . .
8 . . . . . . . .
Score: 11-12

Valid moves: c2  g2  b3  b4  g4  h4  b5  c5  f5  g5  d6  e6  
Time remaining. Increasing depth to 2
Time remaining. Increasing depth to 3
Time remaining. Increasing depth to 4
Time remaining. Increasing depth to 5
Time remaining. Increasing depth to 6
Time remaining. Increasing depth to 7

Examined 43990/72216 game states in 2.016 s.

Opponent moves: g2

  a b c d e f g h
1 . O O O O O O O
2 . . . @ O O O O
3 . . @ O @ O @ O
4 . . @ @ O @ . .
5 . . * O @ . . .
6 . . . * * . . .
7 . . . . . . . .
8 . . . . . . . .
Score: 8-16

Valid moves: c5  d6  e6  

Player moves: c5

  a b c d e f g h
1 . O O O O O O O
2 . . * @ O O O O
3 . * @ O @ O @ O
4 . * @ @ O @ * *
5 . * @ @ @ * * .
6 . * * * * . . .
7 . . . . . . . .
8 . . . . . . . .
Score: 10-15

Valid moves: c2  b3  b4  g4  h4  b5  f5  g5  b6  c6  d6  e6  
Time remaining. Increasing depth to 2
Time remaining. Increasing depth to 3
Time remaining. Increasing depth to 4
Time remaining. Increasing depth to 5
Time remaining. Increasing depth to 6
Time remaining. Increasing depth to 7

Examined 46256/74746 game states in 2.016 s.

Opponent moves: g4

  a b c d e f g h
1 . O O O O O O O
2 . . . @ O O O O
3 . . @ O @ O O O
4 . . @ @ O O O *
5 . . @ @ @ . * .
6 . . . . . . . .
7 . . . . . . . .
8 . . . . . . . .
Score: 8-18

Valid moves: h4  g5  

Player moves: h4

  a b c d e f g h
1 . O O O O O O O
2 . . * @ O O O O
3 . * @ O @ O O O
4 . * @ @ @ @ @ @
5 . * @ @ @ * * *
6 . * * * * . . .
7 . . . . . . . .
8 . . . . . . . .
Score: 12-15

Valid moves: c2  b3  b4  b5  f5  g5  h5  b6  c6  d6  e6  
Time remaining. Increasing depth to 2
Time remaining. Increasing depth to 3
Time remaining. Increasing depth to 4
Time remaining. Increasing depth to 5
Time remaining. Increasing depth to 6
Time remaining. Increasing depth to 7

Examined 43677/77194 game states in 2.016 s.

Opponent moves: h5

  a b c d e f g h
1 . O O O O O O O
2 . . * @ O O O O
3 . . @ O @ O O O
4 . . @ @ @ @ O O
5 . . @ @ @ . . O
6 . . . . . . . .
7 . . . . . . . .
8 . . . . . . . .
Score: 10-18

Valid moves: c2  

Player moves: c2

  a b c d e f g h
1 . O O O O O O O
2 . * @ @ O O O O
3 . * @ @ @ O O O
4 . * @ @ @ @ O O
5 . * @ @ @ * * O
6 . * * * * . . .
7 . . . . . . . .
8 . . . . . . . .
Score: 12-17

Valid moves: b2  b3  b4  b5  f5  g5  b6  c6  d6  e6  
Time remaining. Increasing depth to 2
Time remaining. Increasing depth to 3
Time remaining. Increasing depth to 4
Time remaining. Increasing depth to 5
Time remaining. Increasing depth to 6
Time remaining. Increasing depth to 7

Examined 44645/78832 game states in 2.016 s.

Opponent moves: b3

  a b c d e f g h
1 . O O O O O O O
2 * * O @ O O O O
3 . O O O O O O O
4 . * @ @ @ @ O O
5 . . @ @ @ . . O
6 . . . . . . . .
7 . . . . . . . .
8 . . . . . . . .
Score: 8-22

Valid moves: a2  b2  b4  

Player moves: a2

  a b c d e f g h
1 . O O O O O O O
2 @ . O @ O O O O
3 * @ O O O O O O
4 * * @ @ @ @ O O
5 . * @ @ @ * * O
6 . * * * * * . .
7 . . . . . . . .
8 . . . . . . . .
Score: 10-21

Valid moves: a3  a4  b4  b5  f5  g5  b6  c6  d6  e6  f6  
Time remaining. Increasing depth to 2
Time remaining. Increasing depth to 3
Time remaining. Increasing depth to 4
Time remaining. Increasing depth to 5
Time remaining. Increasing depth to 6
Time remaining. Increasing depth to 7

Examined 40727/82242 game states in 2.016 s.

Opponent moves: a4

  a b c d e f g h
1 . O O O O O O O
2 @ * O @ O O O O
3 . O O O O O O O
4 O * @ @ @ @ O O
5 . . @ @ @ . . O
6 . . . . . . . .
7 . . . . . . . .
8 . . . . . . . .
Score: 9-23

Valid moves: b2  b4  

Player moves: b2

  a b c d e f g h
1 . O O O O O O O
2 @ @ @ @ O O O O
3 * O @ O O O O O
4 O * @ @ @ @ O O
5 . * @ @ @ * * O
6 . * * * * . . .
7 . . . . . . . .
8 . . . . . . . .
Score: 12-21

Valid moves: a3  b4  b5  f5  g5  b6  c6  d6  e6  
Time remaining. Increasing depth to 2
Time remaining. Increasing depth to 3
Time remaining. Increasing depth to 4
Time remaining. Increasing depth to 5
Time remaining. Increasing depth to 6
Time remaining. Increasing depth to 7

Examined 40591/84698 game states in 2.016 s.

Opponent moves: c6

  a b c d e f g h
1 . O O O O O O O
2 @ @ O @ O O O O
3 . O O O O O O O
4 O * O @ O @ O O
5 . * O O @ . . O
6 . * O * * . . .
7 . . . . . . . .
8 . . . . . . . .
Score: 6-28

Valid moves: b4  b5  b6  d6  e6  

Player moves: b4

  a b c d e f g h
1 . O O O O O O O
2 @ @ O @ O O O O
3 * @ @ O O O O O
4 O @ @ @ O @ O O
5 * * O O @ * * O
6 . . O * * . . .
7 . . . . . . . .
8 . . . . . . . .
Score: 10-25

Valid moves: a3  a5  b5  f5  g5  d6  e6  
Time remaining. Increasing depth to 2
Time remaining. Increasing depth to 3
Time remaining. Increasing depth to 4
Time remaining. Increasing depth to 5
Time remaining. Increasing depth to 6
Time remaining. Increasing depth to 7

Examined 35982/86967 game states in 2.015 s.

Opponent moves: a5

  a b c d e f g h
1 . O O O O O O O
2 @ @ O O O O O O
3 . @ O O O O O O
4 O O @ @ O @ O O
5 O * O O @ . . O
6 . * O * * . . .
7 . . * . . . . .
8 . . . . . . . .
Score: 7-29

Valid moves: b5  b6  d6  e6  c7  

Player moves: b5

  a b c d e f g h
1 * O O O O O O O
2 @ @ O O O O O O
3 * @ O O O O O O
4 O @ @ @ O @ O O
5 O @ @ @ @ * * O
6 * * O * * * . .
7 . . . . . . . .
8 . . . . . . . .
Score: 11-26

Valid moves: a1  a3  f5  g5  a6  b6  d6  e6  f6  
Time remaining. Increasing depth to 2
Time remaining. Increasing depth to 3
Time remaining. Increasing depth to 4
Time remaining. Increasing depth to 5
Time remaining. Increasing depth to 6
Time remaining. Increasing depth to 7

Examined 40765/89077 game states in 2.016 s.

Opponent moves: a1

  a b c d e f g h
1 O O O O O O O O
2 @ O O O O O O O
3 . @ O O O O O O
4 O @ @ @ O @ O O
5 O @ @ @ @ . . O
6 . . O . . . . .
7 . * * * . . . .
8 . . . . . . . .
Score: 10-28

Valid moves: b7  c7  d7  

Player moves: b7

  a b c d e f g h
1 O O O O O O O O
2 @ O O O O O O O
3 * @ O O O O O O
4 O @ @ @ O @ O O
5 O @ @ @ @ * * O
6 * * @ * * * . .
7 . @ * * . . . .
8 * . . . . . . .
Score: 12-27

Valid moves: a3  f5  g5  a6  b6  d6  e6  f6  c7  d7  a8  
Time remaining. Increasing depth to 2
Time remaining. Increasing depth to 3
Time remaining. Increasing depth to 4
Time remaining. Increasing depth to 5
Time remaining. Increasing depth to 6
Time remaining. Increasing depth to 7

Examined 47431/90569 game states in 2.016 s.

Opponent moves: a3

  a b c d e f g h
1 O O O O O O O O
2 O O O O O O O O
3 O O O O O O O O
4 O @ @ @ O @ O O
5 O @ @ @ @ . . O
6 . . @ . . . . .
7 . @ . . . . . .
8 . . . . . . . .
Score: 10-30

  a b c d e f g h
1 O O O O O O O O
2 O O O O O O O O
3 O O O O O O O O
4 O @ @ @ O @ O O
5 O @ @ @ @ * * O
6 * * @ * * * . .
7 . @ * * . . . .
8 * . . . . . . .
Score: 10-30

Valid moves: f5  g5  a6  b6  d6  e6  f6  c7  d7  a8  
Time remaining. Increasing depth to 2
Time remaining. Increasing depth to 3
Time remaining. Increasing depth to 4
Time remaining. Increasing depth to 5
Time remaining. Increasing depth to 6
Time remaining. Increasing depth to 7

Examined 51289/92681 game states in 2.015 s.

Opponent moves: a6

  a b c d e f g h
1 O O O O O O O O
2 O O O O O O O O
3 O O O O O O O O
4 O @ O @ O @ O O
5 O O @ @ @ . . O
6 O * @ . . . . .
7 . @ . . . . . .
8 . . . . . . . .
Score: 8-33

Valid moves: b6  

Player moves: b6

  a b c d e f g h
1 O O O O O O O O
2 O O O O O O O O
3 O O O O O O O O
4 O @ O @ O @ O O
5 O @ @ @ @ * * O
6 O @ @ * * * . .
7 * @ * * . . . .
8 * * * . . . . .
Score: 10-32

Valid moves: f5  g5  d6  e6  f6  a7  c7  d7  a8  b8  c8  
Time remaining. Increasing depth to 2
Time remaining. Increasing depth to 3
Time remaining. Increasing depth to 4
Time remaining. Increasing depth to 5
Time remaining. Increasing depth to 6
Time remaining. Increasing depth to 7

Examined 54507/96420 game states in 2.016 s.

Opponent moves: a7

  a b c d e f g h
1 O O O O O O O O
2 O O O O O O O O
3 O O O O O O O O
4 O @ O O O @ O O
5 O @ O @ @ . . O
6 O O @ * . . . .
7 O @ . . . . . .
8 . . . . . . . .
Score: 7-36

Valid moves: d6  

Player moves: d6

  a b c d e f g h
1 O O O O O O O O
2 O O O O O O O O
3 O O O O O O O O
4 O @ O O O @ O O
5 O @ @ @ @ * * O
6 O O @ @ * * . .
7 O @ * * * . . .
8 * * * . . . . .
Score: 9-35

Valid moves: f5  g5  e6  f6  c7  d7  e7  a8  b8  c8  
Time remaining. Increasing depth to 2
Time remaining. Increasing depth to 3
Time remaining. Increasing depth to 4
Time remaining. Increasing depth to 5
Time remaining. Increasing depth to 6
Time remaining. Increasing depth to 7
Time remaining. Increasing depth to 8

Examined 55872/100988 game states in 2.016 s.

Opponent moves: a8

  a b c d e f g h
1 O O O O O O O O
2 O O O O O O O O
3 O O O O O O O O
4 O @ O O O @ O O
5 O @ @ O @ . . O
6 O O O @ . . . .
7 O O * * . . . .
8 O * . . . . . .
Score: 6-39

Valid moves: c7  d7  b8  

Player moves: c7

  a b c d e f g h
1 O O O O O O O O
2 O O O O O O O O
3 O O O O O O O O
4 O @ O O O @ O O
5 O @ @ O @ * * O
6 O O @ @ * * . .
7 O O @ * * . . .
8 O * * * . . . .
Score: 8-38

Valid moves: f5  g5  e6  f6  d7  e7  b8  c8  d8  
Time remaining. Increasing depth to 2
Time remaining. Increasing depth to 3
Time remaining. Increasing depth to 4
Time remaining. Increasing depth to 5
Time remaining. Increasing depth to 6
Time remaining. Increasing depth to 7
Time remaining. Increasing depth to 8

Examined 67280/104683 game states in 2.016 s.

Opponent moves: d8

  a b c d e f g h
1 O O O O O O O O
2 O O O O O O O O
3 O O O O O O O O
4 O @ O O O @ O O
5 O @ @ O @ . . O
6 O O @ @ . . . .
7 O O O . . . . .
8 O * * O . . . .
Score: 7-40

Valid moves: b8  c8  

Player moves: b8

  a b c d e f g h
1 O O O O O O O O
2 O O O O O O O O
3 O O O O O O O O
4 O @ O O O @ O O
5 O @ @ O @ * * O
6 O @ @ @ * * . .
7 O @ @ * * . . .
8 O @ * O . . . .
Score: 11-37

Valid moves: f5  g5  e6  f6  d7  e7  c8  
Time remaining. Increasing depth to 2
Time remaining. Increasing depth to 3
Time remaining. Increasing depth to 4
Time remaining. Increasing depth to 5
Time remaining. Increasing depth to 6
Time remaining. Increasing depth to 7
Time remaining. Increasing depth to 8

Examined 84875/107580 game states in 2.015 s.

Opponent moves: f6

  a b c d e f g h
1 O O O O O O O O
2 O O O O O O O O
3 O O O O O O O O
4 O @ O O O @ O O
5 O @ @ O O * . O
6 O @ @ @ . O . .
7 O @ @ . . . . .
8 O @ . O . . . .
Score: 10-39

Valid moves: f5  

Player moves: f5

  a b c d e f g h
1 O O O O O O O O
2 O O O O O O O O
3 O O O O O O O O
4 O @ O O O @ O O
5 O @ @ @ @ @ * O
6 O @ @ @ * O * .
7 O @ @ * * . . .
8 O @ * O . . . .
Score: 13-37

Valid moves: g5  e6  g6  d7  e7  c8  
Time remaining. Increasing depth to 2
Time remaining. Increasing depth to 3
Time remaining. Increasing depth to 4
Time remaining. Increasing depth to 5
Time remaining. Increasing depth to 6
Time remaining. Increasing depth to 7
Time remaining. Increasing depth to 8

Examined 80110/109608 game states in 2.016 s.

Opponent moves: c8

  a b c d e f g h
1 O O O O O O O O
2 O O O O O O O O
3 O O O O O O O O
4 O @ O O O @ O O
5 O @ O @ @ @ . O
6 O @ O @ . O . .
7 O O O * . * * .
8 O O O O . . . .
Score: 8-43

Valid moves: d7  f7  g7  

Player moves: d7

  a b c d e f g h
1 O O O O O O O O
2 O O O O O O O O
3 O O O O O O O O
4 O @ O O O @ O O
5 O @ O @ @ @ * O
6 O @ @ @ * O * .
7 O O O @ * . . .
8 O O O O * . . .
Score: 10-42

Valid moves: g5  e6  g6  e7  e8  
Time remaining. Increasing depth to 2
Time remaining. Increasing depth to 3
Time remaining. Increasing depth to 4
Time remaining. Increasing depth to 5
Time remaining. Increasing depth to 6
Time remaining. Increasing depth to 7
Time remaining. Increasing depth to 8
Time remaining. Increasing depth to 9

Examined 92208/120584 game states in 2.016 s.

Opponent moves: e8

  a b c d e f g h
1 O O O O O O O O
2 O O O O O O O O
3 O O O O O O O O
4 O @ O O O @ O O
5 O O O @ @ @ . O
6 O @ O @ . O . .
7 O O O O . * * .
8 O O O O O . . .
Score: 7-46

Valid moves: f7  g7  

Player moves: f7

  a b c d e f g h
1 O O O O O O O O
2 O O O O O O O O
3 O O O O O O O O
4 O @ O O O @ O O
5 O O O @ @ @ * O
6 O @ O @ * @ * .
7 O O O O * @ * .
8 O O O O O * . .
Score: 9-45

Valid moves: g5  e6  g6  e7  g7  f8  
Time remaining. Increasing depth to 2
Time remaining. Increasing depth to 3
Time remaining. Increasing depth to 4
Time remaining. Increasing depth to 5
Time remaining. Increasing depth to 6
Time remaining. Increasing depth to 7
Time remaining. Increasing depth to 8
Time remaining. Increasing depth to 9

Examined 113999/129677 game states in 2.015 s.

Opponent moves: g7

  a b c d e f g h
1 O O O O O O O O
2 O O O O O O O O
3 O O O O O O O O
4 O @ O O O @ O O
5 O O O @ O @ . O
6 O @ O @ . O . .
7 O O O O . @ O *
8 O O O O O . . .
Score: 7-48

Valid moves: h7  

Player moves: h7

  a b c d e f g h
1 O O O O O O O O
2 O O O O O O O O
3 O O O O O O O O
4 O @ O O O @ O O
5 O O O @ O @ * O
6 O @ O @ * O * .
7 O O O O * @ @ @
8 O O O O O * . *
Score: 9-47

Valid moves: g5  e6  g6  e7  f8  h8  
Time remaining. Increasing depth to 2
Time remaining. Increasing depth to 3
Time remaining. Increasing depth to 4
Time remaining. Increasing depth to 5
Time remaining. Increasing depth to 6
Time remaining. Increasing depth to 7
Time remaining. Increasing depth to 8
Time remaining. Increasing depth to 9

Examined 146758/139546 game states in 2.016 s.

Opponent moves: e7

  a b c d e f g h
1 O O O O O O O O
2 O O O O O O O O
3 O O O O O O O O
4 O @ O O O @ O O
5 O O O @ O @ . O
6 O @ O O * O . .
7 O O O O O @ @ @
8 O O O O O * . .
Score: 8-49

Valid moves: e6  f8  

Player moves: e6

  a b c d e f g h
1 O O O O O O O O
2 O O O O O O O O
3 O O O O O O O O
4 O @ O O O @ O O
5 O O O @ O @ * O
6 O @ @ @ @ O * .
7 O O O O O @ @ @
8 O O O O O * * *
Score: 11-47

Valid moves: g5  g6  f8  g8  h8  
Time remaining. Increasing depth to 2
Time remaining. Increasing depth to 3
Time remaining. Increasing depth to 4
Time remaining. Increasing depth to 5
Time remaining. Increasing depth to 6
Time remaining. Increasing depth to 7
Time remaining. Increasing depth to 8
Time remaining. Increasing depth to 9
Time remaining. Increasing depth to 10
Time remaining. Increasing depth to 11
Time remaining. Increasing depth to 12
Time remaining. Increasing depth to 13

Examined 446109/345213 game states in 2.016 s.

Opponent moves: g5

  a b c d e f g h
1 O O O O O O O O
2 O O O O O O O O
3 O O O O O O O O
4 O @ O O O O O O
5 O O O @ O O O O
6 O @ @ @ @ O * .
7 O O O O O @ @ @
8 O O O O O * . .
Score: 9-50

Valid moves: g6  f8  

Player moves: g6

  a b c d e f g h
1 O O O O O O O O
2 O O O O O O O O
3 O O O O O O O O
4 O @ O O O O O O
5 O O O @ O O O O
6 O @ @ @ @ @ @ *
7 O O O O O @ @ @
8 O O O O O * * *
Score: 11-49

Valid moves: h6  f8  g8  h8  
Time remaining. Increasing depth to 2
Time remaining. Increasing depth to 3
Time remaining. Increasing depth to 4
Time remaining. Increasing depth to 5
Time remaining. Increasing depth to 6
Time remaining. Increasing depth to 7
Time remaining. Increasing depth to 8
Time remaining. Increasing depth to 9
Time remaining. Increasing depth to 10
Time remaining. Increasing depth to 11
Time remaining. Increasing depth to 12
Time remaining. Increasing depth to 13
Time remaining. Increasing depth to 14
Time remaining. Increasing depth to 15

Examined 592755/453851 game states in 2.015 s.

Opponent moves: h6

  a b c d e f g h
1 O O O O O O O O
2 O O O O O O O O
3 O O O O O O O O
4 O @ O O O O O O
5 O O O @ O O O O
6 O O O O O O O O
7 O O O O O @ @ @
8 O O O O O * . .
Score: 5-56

Valid moves: f8  

Player moves: f8

  a b c d e f g h
1 O O O O O O O O
2 O O O O O O O O
3 O O O O O O O O
4 O @ O O O O O O
5 O O @ @ O O O O
6 O O O @ O O O O
7 O O O O @ @ @ @
8 O O O O O @ * *
Score: 9-53

Valid moves: g8  h8  
Time remaining. Increasing depth to 2
Time remaining. Increasing depth to 3
Time remaining. Increasing depth to 4
Time remaining. Increasing depth to 5
Time remaining. Increasing depth to 6
Time remaining. Increasing depth to 7
Time remaining. Increasing depth to 8
Time remaining. Increasing depth to 9
Time remaining. Increasing depth to 10
Time remaining. Increasing depth to 11
Time remaining. Increasing depth to 12
Time remaining. Increasing depth to 13
Time remaining. Increasing depth to 14
Time remaining. Increasing depth to 15
Time remaining. Increasing depth to 16

Examined 608437/465048 game states in 2.016 s.

Opponent moves: g8

  a b c d e f g h
1 O O O O O O O O
2 O O O O O O O O
3 O O O O O O O O
4 O @ O O O O O O
5 O O @ @ O O O O
6 O O O @ O O O O
7 O O O O @ O O @
8 O O O O O O O .
Score: 6-57

  a b c d e f g h
1 O O O O O O O O
2 O O O O O O O O
3 O O O O O O O O
4 O @ O O O O O O
5 O O @ @ O O O O
6 O O O @ O O O O
7 O O O O @ O O @
8 O O O O O O O *
Score: 6-57

Valid moves: h8  
Time remaining. Increasing depth to 2
Time remaining. Increasing depth to 3
Time remaining. Increasing depth to 4
Time remaining. Increasing depth to 5
Time remaining. Increasing depth to 6
Time remaining. Increasing depth to 7
Time remaining. Increasing depth to 8
Time remaining. Increasing depth to 9
Time remaining. Increasing depth to 10
Time remaining. Increasing depth to 11
Time remaining. Increasing depth to 12
Time remaining. Increasing depth to 13
Time remaining. Increasing depth to 14
Time remaining. Increasing depth to 15
Time remaining. Increasing depth to 16
Time remaining. Increasing depth to 17

Examined 613225/469930 game states in 2.015 s.

Opponent moves: h8

  a b c d e f g h
1 O O O O O O O O
2 O O O O O O O O
3 O O O O O O O O
4 O @ O O O O O O
5 O O @ @ O O O O
6 O O O @ O O O O
7 O O O O @ O O O
8 O O O O O O O O
Score: 5-59

Score: 5-59
Game over.

Game took 65.093 s.
