  Play mode:    	automatic
  Player first: 	Yes
  Clear screen: 	Yes
  Verbosity:    	0
  AI max depth: 	6 (fixed)
  AI timeout:   	5 seconds.
Enter moves in form xy (no space).

  a b c d e f g h
1 . . . . . . . .
2 . . . . . . . .
3 . . . . * . . .
4 . . . @ O * . .
5 . . * O @ . . .
6 . . . * . . . .
7 . . . . . . . .
8 . . . . . . . .
Score: 2-2

Valid moves: e3  f4  c5  d6  
Depth: 6

Examined 1291/2420 game states in 0.103 s.

Player moves: e3

  a b c d e f g h
1 . . . . . . . .
2 . . . . . . . .
3 . . . * @ * . .
4 . . . @ @ . . .
5 . . . O @ * . .
6 . . . . . . . .
7 . . . . . . . .
8 . . . . . . . .
Score: 4-1

Valid moves: d3  f3  f5  
Depth: 6

Examined 2066/3682 game states in 0.152 s.

Opponent moves: f3

  a b c d e f g h
1 . . . . . . . .
2 . . . . . . . .
3 . . . . @ O * .
4 . . . @ O * . .
5 . . * O @ . . .
6 . . . * . . . .
7 . . . . . . . .
8 . . . . . . . .
Score: 3-3

Valid moves: g3  f4  c5  d6  
Depth: 6

Examined 2108/4819 game states in 0.193 s.

Player moves: f4

  a b c d e f g h
1 . . . . . . . .
2 . . . . . . . .
3 . . . * @ O . .
4 . . . @ @ @ . .
5 . . . O @ * . .
6 . . . . . . . .
7 . . . . . . . .
8 . . . . . . . .
Score: 5-2

Valid moves: d3  f5  
Depth: 6

Examined 4164/7907 game states in 0.325 s.

Opponent moves: d3

  a b c d e f g h
1 . . . . . . . .
2 . . * * * * * .
3 . . * O O O . .
4 . . * O @ @ . .
5 . . * O @ . . .
6 . . * . . . . .
7 . . . . . . . .
8 . . . . . . . .
Score: 3-5

Valid moves: c2  d2  e2  f2  g2  c3  c4  c5  c6  
Depth: 6

Examined 10227/25376 game states in 1.024 s.

Player moves: c3

  a b c d e f g h
1 . . . . . . . .
2 . . . . . . . .
3 . * @ O O O . .
4 . . . @ @ @ . .
5 . . * O @ * * .
6 . . . . * . . .
7 . . . . . . . .
8 . . . . . . . .
Score: 5-4

Valid moves: b3  c5  f5  g5  e6  
Depth: 6

Examined 10210/22986 game states in 0.935 s.

Opponent moves: f5

  a b c d e f g h
1 . . . . . . . .
2 . . . * . * . .
3 . . @ O O O * .
4 . . . @ O O * .
5 . . . O O O . .
6 . . . * . * . .
7 . . . . . . . .
8 . . . . . . . .
Score: 2-8

Valid moves: d2  f2  g3  g4  d6  f6  
Depth: 6

Examined 14652/35153 game states in 1.698 s.

Player moves: d6

  a b c d e f g h
1 . . . . . . . .
2 . * . . . . . .
3 . * @ O O O . .
4 . . * @ O O . .
5 . . * @ O O . .
6 . . * @ . . . .
7 . . * * . . . .
8 . . . . . . . .
Score: 4-7

Valid moves: b2  b3  c4  c5  c6  c7  d7  
Depth: 6

Examined 13691/34718 game states in 1.415 s.

Opponent moves: c4

  a b c d e f g h
1 . . . . . . . .
2 . . . * . . * .
3 . * @ O O O * .
4 . . O O O O . .
5 . . * @ O O * .
6 . . . @ . * . .
7 . . . . . . . .
8 . . . . . . . .
Score: 3-9

Valid moves: d2  g2  b3  g3  c5  g5  f6  
Depth: 6

Examined 21312/52441 game states in 2.109 s.

Player moves: c5

  a b c d e f g h
1 . . . . . . . .
2 . * . . . . . .
3 . * @ O O O . .
4 . * @ O O O . .
5 . * @ @ O O . .
6 . * * @ . . . .
7 . . * * . . . .
8 . . . . . . . .
Score: 5-8

Valid moves: b2  b3  b4  b5  b6  c6  c7  d7  
Depth: 6

Examined 25743/69228 game states in 2.768 s.

Opponent moves: b3

  a b c d e f g h
1 . . . . . . . .
2 * . * * * * * .
3 . O O O O O * .
4 . . @ O O O * .
5 . . @ @ O O * .
6 . . . @ . . . .
7 . . . . . . . .
8 . . . . . . . .
Score: 4-10

Valid moves: a2  c2  d2  e2  f2  g2  g3  g4  g5  
Depth: 6

Examined 21851/70901 game states in 2.763 s.

Player moves: f2

  a b c d e f g h
1 . . . . . * . .
2 . . . * * @ . .
3 . O O O @ O . .
4 . * @ @ O O . .
5 . * @ @ O O . .
6 . . * @ * . . .
7 . . * * . . . .
8 . . . . . . . .
Score: 7-8

Valid moves: f1  d2  e2  b4  b5  c6  e6  c7  d7  
Depth: 6

Examined 28806/82548 game states in 3.261 s.

Opponent moves: f1

  a b c d e f g h
1 . . . . . O * .
2 * * * * * O * .
3 * O O O @ O * .
4 . . @ @ O O * .
5 . . @ @ O O * .
6 . . . @ * * . .
7 . . . . . . . .
8 . . . . . . . .
Score: 6-10

Valid moves: g1  a2  b2  c2  d2  e2  g2  a3  g3  g4  g5  e6  f6  
Depth: 6

Examined 40180/119402 game states in 4.629 s.

Player moves: a3

  a b c d e f g h
1 . . . . . O . .
2 . * * * * O . .
3 @ @ @ @ @ O . .
4 . * @ @ O O . .
5 . * @ @ O O . .
6 . * * @ . . . .
7 . . * . . . . .
8 . . . . . . . .
Score: 10-7

Valid moves: b2  c2  d2  e2  b4  b5  b6  c6  c7  
Depth: 6

Examined 39964/121725 game states in 5.001 s (timed out).

Opponent moves: c6

  a b c d e f g h
1 . . . . . O * .
2 . . . . . O . .
3 @ @ @ @ @ O * .
4 . . @ @ O O * .
5 . . @ O O O * .
6 . * O @ * * * .
7 . . * . . . . .
8 . . . . . . . .
Score: 9-9

Valid moves: g1  g3  g4  g5  b6  e6  f6  g6  c7  
Depth: 6

Examined 49353/129433 game states in 5.001 s (timed out).

Player moves: f6

  a b c d e f g h
1 . . . . . O . .
2 * . * * * O . .
3 @ @ @ @ @ O . .
4 . * @ @ O O . .
5 . * @ O @ O . .
6 . * O @ * @ . .
7 . . * * . * . .
8 . . . . . . . .
Score: 11-8

Valid moves: a2  c2  d2  e2  b4  b5  b6  e6  c7  d7  f7  
Depth: 6

Examined 43519/129727 game states in 5.001 s (timed out).

Opponent moves: f7

  a b c d e f g h
1 . . . . . O * .
2 . . . . . O . .
3 @ @ @ @ @ O * .
4 . . @ @ O O * .
5 . . @ O @ O * .
6 . * O @ * O * .
7 . . * . . O * .
8 . . . . . . . .
Score: 10-10

Valid moves: g1  g3  g4  g5  b6  e6  g6  c7  g7  
Depth: 6

Examined 46577/128754 game states in 5.001 s (timed out).

Player moves: g6

  a b c d e f g h
1 . . . . . O . .
2 * * * * . O . .
3 @ @ @ @ @ O . .
4 . * @ @ @ O . .
5 . * @ O @ @ * *
6 . * O @ * O @ *
7 . . * * . O . .
8 . . . . . . . .
Score: 13-8

Valid moves: a2  b2  c2  d2  b4  b5  g5  h5  b6  e6  h6  c7  d7  
Depth: 6

Examined 52865/128725 game states in 5.001 s (timed out).

Opponent moves: h6

  a b c d e f g h
1 . . . . . O * .
2 . . . . . O * .
3 @ @ @ @ @ O * .
4 . . @ @ @ O * .
5 . . @ O @ @ * .
6 . * O @ * O O O
7 . * * . . O * *
8 . . . . . * . .
Score: 12-10

Valid moves: g1  g2  g3  g4  g5  b6  e6  b7  c7  g7  h7  f8  
Depth: 6

Examined 48099/129297 game states in 5.001 s (timed out).

Player moves: f8

  a b c d e f g h
1 . . . . . O . .
2 * . * * . O . .
3 @ @ @ @ @ O . .
4 . * @ @ @ O . .
5 . * @ O @ @ * .
6 . * O @ * @ O O
7 . . * * . @ . .
8 . . . . * @ . .
Score: 15-8

Valid moves: a2  c2  d2  b4  b5  g5  b6  e6  c7  d7  e8  
Depth: 6

Examined 56277/129982 game states in 5.001 s (timed out).

Opponent moves: e8

  a b c d e f g h
1 . . . . . O * .
2 . . . . . O * .
3 @ @ @ @ @ O * .
4 . . @ @ @ O * .
5 . . @ O @ @ * .
6 . * O @ * @ O O
7 . * * . . O . *
8 . . . * O @ . .
Score: 14-10

Valid moves: g1  g2  g3  g4  g5  b6  e6  b7  c7  h7  d8  
Depth: 6

Examined 67432/127876 game states in 5.001 s (timed out).

Player moves: d8

  a b c d e f g h
1 . . . . . O . .
2 * . * * . O . .
3 @ @ @ @ @ O . .
4 . * @ @ @ O . .
5 . * @ O @ @ * .
6 . * O @ * @ O O
7 . . * * . O . .
8 . . . @ @ @ . .
Score: 16-9

Valid moves: a2  c2  d2  b4  b5  g5  b6  e6  c7  d7  
Depth: 6

Examined 45707/121218 game states in 5.001 s (timed out).

Opponent moves: e6

  a b c d e f g h
1 . . . . . O * .
2 . . . . . O * .
3 @ @ @ @ @ O * .
4 . . @ @ @ O * .
5 . . @ O @ @ * *
6 . . O O O O O O
7 . * * * * O * *
8 . . . @ @ @ * .
Score: 14-12

Valid moves: g1  g2  g3  g4  g5  h5  b7  c7  d7  e7  g7  h7  g8  
Depth: 6

Examined 53070/134759 game states in 5.001 s (timed out).

Player moves: h5

  a b c d e f g h
1 . . . . . O . .
2 * * * * * O . .
3 @ @ @ @ @ O . .
4 . * @ @ @ O * *
5 . * @ O @ @ * @
6 . * O O O O @ O
7 . . . . . @ . .
8 . . . @ @ @ * .
Score: 17-10

Valid moves: a2  b2  c2  d2  e2  b4  g4  h4  b5  g5  b6  g8  
Depth: 6

Examined 49537/136274 game states in 5.001 s (timed out).

Opponent moves: h4

  a b c d e f g h
1 . . . . . O * .
2 . . . . . O * .
3 @ @ @ @ @ O * .
4 . . @ @ @ O * O
5 . . @ O @ @ * O
6 . * O O O O @ O
7 . * * * * @ * .
8 . . . @ @ @ . .
Score: 16-12

Valid moves: g1  g2  g3  g4  g5  b6  b7  c7  d7  e7  g7  
Depth: 6

Examined 64798/135038 game states in 5.001 s (timed out).

Player moves: b6

  a b c d e f g h
1 . . . . . O . .
2 * . . * . O . .
3 @ @ @ @ @ O . .
4 . * @ @ @ O . O
5 . * @ O @ @ * O
6 * @ @ @ @ @ @ O
7 * * * * . @ . .
8 . . . @ @ @ * .
Score: 21-8

Valid moves: a2  d2  b4  b5  g5  a6  a7  b7  c7  d7  g8  
Depth: 6

Examined 43142/133297 game states in 5.001 s (timed out).

Opponent moves: g5

  a b c d e f g h
1 . . . . . O * .
2 . . . . . O * .
3 @ @ @ @ @ O * .
4 . . @ @ @ O * O
5 . . @ O O O O O
6 . @ @ @ @ @ @ O
7 . . . . . @ . .
8 . . . @ @ @ . .
Score: 19-11

Valid moves: g1  g2  g3  g4  
Depth: 6

Examined 52345/86099 game states in 3.118 s.

Player moves: g4

  a b c d e f g h
1 . . . . . O . .
2 * * . * * O . .
3 @ @ @ @ @ O * .
4 . * @ @ @ @ @ O
5 . * @ O O @ @ O
6 * @ @ @ @ @ @ O
7 * * * * * @ * .
8 . . . @ @ @ * .
Score: 23-8

Valid moves: a2  b2  d2  e2  g3  b4  b5  a6  a7  b7  c7  d7  e7  g7  g8  
Depth: 6

Examined 48921/147545 game states in 5.001 s (timed out).

Opponent moves: g8

  a b c d e f g h
1 . . . . . O * .
2 . . . . * O * .
3 @ @ @ @ @ O * .
4 . . @ @ @ @ @ O
5 . . @ O O @ @ O
6 . @ @ @ O @ @ O
7 . . . * * O . .
8 . . . @ @ @ O *
Score: 21-11

Valid moves: g1  e2  g2  g3  d7  e7  h8  
Depth: 6

Examined 88435/141885 game states in 5.001 s (timed out).

Player moves: h8

  a b c d e f g h
1 . . . . . O . .
2 * * . * * O . .
3 @ @ @ @ @ O * *
4 . * @ @ @ @ @ O
5 . * @ O O @ @ O
6 * @ @ @ O @ @ O
7 * * * * * O * .
8 . . . @ @ @ @ @
Score: 23-10

Valid moves: a2  b2  d2  e2  g3  h3  b4  b5  a6  a7  b7  c7  d7  e7  g7  
Depth: 6

Examined 47042/153054 game states in 5.001 s (timed out).

Opponent moves: h3

  a b c d e f g h
1 . . . . . O * .
2 . . . . . O * .
3 @ @ @ @ @ O * O
4 . . @ @ @ @ O O
5 . . @ O O O @ O
6 . @ @ @ O @ @ O
7 . . . . * O . .
8 . . . @ @ @ @ @
Score: 21-13

Valid moves: g1  g2  g3  e7  
Depth: 6

Examined 35849/63618 game states in 2.145 s.

Player moves: e7

  a b c d e f g h
1 . . . . . O . .
2 * . * * . O . .
3 @ @ @ @ @ O . O
4 . * @ @ @ @ O O
5 . * @ O @ O @ O
6 * @ @ @ @ @ @ O
7 * * . * @ O * *
8 . . . @ @ @ @ @
Score: 24-11

Valid moves: a2  c2  d2  b4  b5  a6  a7  b7  d7  g7  h7  
Depth: 6

Examined 27179/75084 game states in 2.372 s.

Opponent moves: d7

  a b c d e f g h
1 . . . . . O * .
2 . . . . . O * .
3 @ @ @ @ @ O * O
4 . . @ @ @ @ O O
5 . . @ O @ O @ O
6 . @ @ O O @ @ O
7 . . * O O O . .
8 . . . @ @ @ @ @
Score: 21-15

Valid moves: g1  g2  g3  c7  
Depth: 6

Examined 24595/47434 game states in 1.529 s.

Player moves: c7

  a b c d e f g h
1 . . . . . O . .
2 * . * * * O . .
3 @ @ @ @ @ O . O
4 . * @ @ @ @ O O
5 . * @ O @ O @ O
6 * @ @ @ O @ @ O
7 * * @ O O O * *
8 . . . @ @ @ @ @
Score: 23-14

Valid moves: a2  c2  d2  e2  b4  b5  a6  a7  b7  g7  h7  
Depth: 6

Examined 29844/78785 game states in 2.398 s.

Opponent moves: b4

  a b c d e f g h
1 . . . . . O * .
2 . . . . . O * .
3 @ @ @ @ @ O * O
4 . O O O O O O O
5 * * O O @ O @ O
6 . @ @ O O @ @ O
7 . . @ O O O * .
8 . . . @ @ @ @ @
Score: 17-21

Valid moves: g1  g2  g3  a5  b5  g7  
Depth: 6

Examined 36793/82612 game states in 2.505 s.

Player moves: g3

  a b c d e f g h
1 . . . . . O . .
2 * * * * * O * *
3 @ @ @ @ @ @ @ O
4 . O O O O @ @ O
5 . * O O @ O @ O
6 * @ @ O O @ @ O
7 * * @ O O O * *
8 . * * @ @ @ @ @
Score: 21-18

Valid moves: a2  b2  c2  d2  e2  g2  h2  b5  a6  a7  b7  g7  h7  b8  c8  
Depth: 6

Examined 34615/101598 game states in 2.956 s.

Opponent moves: e2

  a b c d e f g h
1 . . . . * O * .
2 . . * * O O * .
3 @ @ @ O O O @ O
4 * O O O O @ O O
5 * * O O @ O @ O
6 . @ @ O O @ @ O
7 . . @ O O O * .
8 . . . @ @ @ @ @
Score: 17-23

Valid moves: e1  g1  c2  d2  g2  a4  a5  b5  g7  
Depth: 6

Examined 35515/87092 game states in 2.519 s.

Player moves: g7

  a b c d e f g h
1 . . . . . O . .
2 * * * * O O * *
3 @ @ @ O O O @ O
4 . O O O O @ O O
5 . . O O @ O @ O
6 * @ @ O O @ @ O
7 * * @ @ @ @ @ *
8 . * * @ @ @ @ @
Score: 21-20

Valid moves: a2  b2  c2  d2  g2  h2  a6  a7  b7  h7  b8  c8  
Depth: 6

Examined 28010/71805 game states in 2.254 s.

Opponent moves: d2

  a b c d e f g h
1 . . * * * O * .
2 . * * O O O * .
3 @ @ O O O O @ O
4 * O O O O @ O O
5 . * O O @ O @ O
6 . @ @ O O @ @ O
7 . . @ @ @ @ @ .
8 . . . @ @ @ @ @
Score: 20-22

Valid moves: c1  d1  e1  g1  b2  c2  g2  a4  b5  
Depth: 6

Examined 24014/64603 game states in 1.898 s.

Player moves: a4

  a b c d e f g h
1 . . . . . O . .
2 * . . O O O * *
3 @ @ O O O O @ O
4 @ @ @ @ @ @ O O
5 * * O O @ O @ O
6 * @ @ O O @ @ O
7 * * @ @ @ @ @ *
8 . * * @ @ @ @ @
Score: 25-18

Valid moves: a2  g2  h2  a5  b5  a6  a7  b7  h7  b8  c8  
Depth: 6

Examined 24481/61180 game states in 1.716 s.

Opponent moves: a6

  a b c d e f g h
1 . . * * * O * .
2 . * * O O O * .
3 @ @ O O O O @ O
4 @ @ @ @ @ @ O O
5 * * O O @ O @ O
6 O O O O O @ @ O
7 * * @ @ @ @ @ .
8 . . . @ @ @ @ @
Score: 23-21

Valid moves: c1  d1  e1  g1  b2  c2  g2  a5  b5  a7  b7  
Depth: 6

Examined 22851/59890 game states in 1.624 s.

Player moves: b5

  a b c d e f g h
1 . . . . . O . .
2 * * . O O O * *
3 @ @ O O O O @ O
4 @ @ @ @ @ @ O O
5 * @ @ @ @ O @ O
6 O O @ O O @ @ O
7 . * @ @ @ @ @ *
8 . * * @ @ @ @ @
Score: 27-18

Valid moves: a2  b2  g2  h2  a5  b7  h7  b8  c8  
Depth: 6

Examined 17660/38450 game states in 1.005 s.

Opponent moves: b7

  a b c d e f g h
1 . . * * * O * .
2 . * * O O O . .
3 @ @ O O O O @ O
4 @ @ @ @ O @ O O
5 * @ @ O @ O @ O
6 O O O O O @ @ O
7 * O @ @ @ @ @ .
8 . * . @ @ @ @ @
Score: 24-22

Valid moves: c1  d1  e1  g1  b2  c2  a5  a7  b8  
Depth: 6

Examined 10111/25950 game states in 0.663 s.

Player moves: c1

  a b c d e f g h
1 . . @ * * O . .
2 * * * @ O O * *
3 @ @ O O @ O @ O
4 @ @ @ @ O @ O O
5 * @ @ O @ O @ O
6 O O O O O @ @ O
7 . O @ @ @ @ @ *
8 . * * @ @ @ @ @
Score: 27-20

Valid moves: d1  e1  a2  b2  c2  g2  h2  a5  h7  b8  c8  
Depth: 6

Examined 5321/14466 game states in 0.363 s.

Opponent moves: a5

  a b c d e f g h
1 . . @ . * O * .
2 . * * @ O O * .
3 @ @ O O @ O @ O
4 @ O @ @ O @ O O
5 O O O O @ O @ O
6 O O O O O @ @ O
7 * O @ @ @ @ @ .
8 . * . @ @ @ @ @
Score: 24-24

Valid moves: e1  g1  b2  c2  g2  a7  b8  
Depth: 6

Examined 2947/6314 game states in 0.158 s.

Player moves: e1

  a b c d e f g h
1 . . @ * @ O * .
2 * * . @ @ @ * *
3 @ @ O O @ O @ O
4 @ O @ @ O @ O O
5 O O O O @ O @ O
6 O O O O O @ @ O
7 . O @ @ @ @ @ *
8 . * * @ @ @ @ @
Score: 27-22

Valid moves: d1  g1  a2  b2  g2  h2  h7  b8  c8  
Depth: 6

Examined 4206/9504 game states in 0.231 s.

Opponent moves: c8

  a b c d e f g h
1 . . @ . @ O * .
2 . * * @ @ @ . .
3 @ @ O O @ O @ O
4 @ O @ @ O @ O O
5 O O O O @ O @ O
6 O O O O O @ @ O
7 * O O O @ @ @ .
8 . * O @ @ @ @ @
Score: 25-25

Valid moves: g1  b2  c2  a7  b8  
Depth: 6

Examined 2916/5328 game states in 0.133 s.

Player moves: c2

  a b c d e f g h
1 . . @ * @ O * .
2 * * @ @ @ @ * *
3 @ @ @ @ @ O @ O
4 @ O @ @ @ @ O O
5 O O O O @ @ @ O
6 O O O O O @ @ O
7 . O O O @ @ @ *
8 . . O @ @ @ @ @
Score: 30-21

Valid moves: d1  g1  a2  b2  g2  h2  h7  
Depth: 6

Examined 2262/4551 game states in 0.104 s.

Opponent moves: d1

  a b c d e f g h
1 . . @ O O O * .
2 . . @ O O @ * .
3 @ @ @ O @ O @ O
4 @ O @ O @ @ O O
5 O O O O @ @ @ O
6 O O O O O @ @ O
7 * O O O @ @ @ .
8 * * O @ @ @ @ @
Score: 25-27

Valid moves: g1  g2  a7  a8  b8  
Depth: 6

Examined 1102/2035 game states in 0.048 s.

Player moves: g1

  a b c d e f g h
1 . * @ @ @ @ @ .
2 * * @ O O @ * *
3 @ @ @ O @ O @ O
4 @ O @ O @ @ O O
5 O O O O @ @ @ O
6 O O O O O @ @ O
7 . O O O @ @ @ *
8 . . O @ @ @ @ @
Score: 29-24

Valid moves: b1  a2  b2  g2  h2  h7  
Depth: 6

Examined 1648/2955 game states in 0.067 s.

Opponent moves: a2

  a b c d e f g h
1 . . @ @ @ @ @ .
2 O . @ O O @ * .
3 O O @ O @ O @ O
4 O O O O @ @ O O
5 O O O O @ @ @ O
6 O O O O O @ @ O
7 * O O O @ @ @ .
8 * * O @ @ @ @ @
Score: 25-29

Valid moves: g2  a7  a8  b8  
Depth: 6

Examined 1571/2481 game states in 0.054 s.

Player moves: a8

  a b c d e f g h
1 . * @ @ @ @ @ .
2 O * @ O O @ * *
3 O O @ O @ O @ O
4 O O O O @ @ O O
5 O O O @ @ @ @ O
6 O O @ O O @ @ O
7 * @ O O @ @ @ *
8 @ * O @ @ @ @ @
Score: 29-26

Valid moves: b1  b2  g2  h2  a7  h7  b8  
Depth: 6

Examined 1164/1896 game states in 0.041 s.

Opponent moves: b1

  a b c d e f g h
1 * O @ @ @ @ @ .
2 O * O O O @ * .
3 O O @ O @ O @ O
4 O O O O @ @ O O
5 O O O @ @ @ @ O
6 O O @ O O @ @ O
7 * @ O O @ @ @ .
8 @ * O @ @ @ @ @
Score: 28-28

Valid moves: a1  b2  g2  a7  b8  
Depth: 6

Examined 324/469 game states in 0.011 s.

Player moves: a1

  a b c d e f g h
1 @ @ @ @ @ @ @ .
2 O * O O O @ * *
3 O O @ O @ O @ O
4 O O O O @ @ O O
5 O O O @ @ @ @ O
6 O O @ O O @ @ O
7 * @ O O @ @ @ *
8 @ * O @ @ @ @ @
Score: 30-27

Valid moves: b2  g2  h2  a7  h7  b8  
Depth: 6

Examined 255/357 game states in 0.009 s.

Opponent moves: b2

  a b c d e f g h
1 @ @ @ @ @ @ @ .
2 O O O O O @ * .
3 O O O O @ O @ O
4 O O O O @ @ O O
5 O O O @ @ @ @ O
6 O O @ O O @ @ O
7 * @ O O @ @ @ .
8 @ * O @ @ @ @ @
Score: 29-29

Valid moves: g2  a7  b8  
Depth: 6

Examined 154/175 game states in 0.004 s.

Player moves: g2

  a b c d e f g h
1 @ @ @ @ @ @ @ .
2 O O O O O @ @ *
3 O O O O @ @ @ O
4 O O O O @ @ O O
5 O O O @ @ @ @ O
6 O O @ O O @ @ O
7 * @ O O @ @ @ *
8 @ * O @ @ @ @ @
Score: 31-28

Valid moves: h2  a7  h7  b8  
Depth: 6

Examined 72/77 game states in 0.002 s.

Opponent moves: a7

  a b c d e f g h
1 @ @ @ @ @ @ @ .
2 O O O O O @ @ .
3 O O O O @ @ @ O
4 O O O O @ @ O O
5 O O O @ @ @ @ O
6 O O @ O O @ @ O
7 O O O O @ @ @ .
8 @ * O @ @ @ @ @
Score: 30-30

Valid moves: b8  
Depth: 6

Examined 12/12 game states in 0 s.

Player moves: b8

  a b c d e f g h
1 @ @ @ @ @ @ @ .
2 O @ O O O @ @ *
3 O @ O O @ @ @ O
4 O @ O O @ @ O O
5 O @ O @ @ @ @ O
6 O @ @ @ O @ @ O
7 O @ @ O @ @ @ *
8 @ @ @ @ @ @ @ @
Score: 40-21

Valid moves: h2  h7  
Depth: 6

Examined 13/13 game states in 0 s.

Opponent moves: h2

  a b c d e f g h
1 @ @ @ @ @ @ @ *
2 O @ O O O O O O
3 O @ O O @ @ @ O
4 O @ O O @ @ O O
5 O @ O @ @ @ @ O
6 O @ @ @ O @ @ O
7 O @ @ O @ @ @ .
8 @ @ @ @ @ @ @ @
Score: 38-24

Valid moves: h1  
Depth: 6

Examined 7/7 game states in 0 s.

Player moves: h1

  a b c d e f g h
1 @ @ @ @ @ @ @ @
2 O @ O O O O @ O
3 O @ O O @ @ @ O
4 O @ O O @ @ O O
5 O @ O @ @ @ @ O
6 O @ @ @ O @ @ O
7 O @ @ O @ @ @ *
8 @ @ @ @ @ @ @ @
Score: 40-23

Valid moves: h7  
Depth: 6

Examined 7/7 game states in 0 s.

Opponent moves: h7

  a b c d e f g h
1 @ @ @ @ @ @ @ @
2 O @ O O O O @ O
3 O @ O O @ @ @ O
4 O @ O O O @ O O
5 O @ O @ @ O @ O
6 O @ @ @ O @ O O
7 O @ @ O O O O O
8 @ @ @ @ @ @ @ @
Score: 34-30
YOU WIN. EXCELLENT.
Game over.

Game took 133.891 s.
