OTHELLO
Settings: 
  Play mode:    	automatic
  Player first: 	No
  Clear screen: 	Yes
  Verbosity:    	0
  AI max depth: 	3 (fixed)
  AI timeout:   	30 seconds.
  AI time mode: 	Depth-limited
Enter moves in form xy (no space).

  a b c d e f g h
1 . . . . . . . .
2 . . . . . . . .
3 . . . * . . . .
4 . . * @ O . . .
5 . . . O @ * . .
6 . . . . * . . .
7 . . . . . . . .
8 . . . . . . . .
Score: 2-2

Valid moves: d3  c4  f5  e6  
Depth: 3

Examined 47/63 game states in 0 s.

Opponent moves: e6

  a b c d e f g h
1 . . . . . . . .
2 . . . . . . . .
3 . . . . . . . .
4 . . . @ O * . .
5 . . . O O . . .
6 . . . * O * . .
7 . . . . . . . .
8 . . . . . . . .
Score: 1-4

Valid moves: f4  d6  f6  
Depth: 3

Examined 48/63 game states in 0 s.

Player moves: f4

  a b c d e f g h
1 . . . . . . . .
2 . . . . . . . .
3 . . * * * * * .
4 . . . @ @ @ . .
5 . . . O O . . .
6 . . . . O . . .
7 . . . . . . . .
8 . . . . . . . .
Score: 3-3

Valid moves: c3  d3  e3  f3  g3  
Depth: 3

Examined 103/118 game states in 0 s.

Opponent moves: f3

  a b c d e f g h
1 . . . . . . . .
2 . . . . . * . .
3 . . . . . O . .
4 . . . @ O @ . .
5 . . . O O . . .
6 . . . * O * . .
7 . . . . . . . .
8 . . . . . . . .
Score: 2-5

Valid moves: f2  d6  f6  
Depth: 3

Examined 71/102 game states in 0.016 s.

Player moves: d6

  a b c d e f g h
1 . . . . . . . .
2 . . . . . . . .
3 . . . . . O . .
4 . . * @ O @ * .
5 . . . @ @ * . .
6 . . * @ O . . .
7 . . . . . . . .
8 . . . . . . . .
Score: 5-3

Valid moves: c4  g4  f5  c6  
Depth: 3

Examined 110/183 game states in 0 s.

Opponent moves: c6

  a b c d e f g h
1 . . . . . . . .
2 . . . . . * . .
3 . . . . * O . .
4 . . . @ O @ . .
5 . . * O @ . . .
6 . . O O O . . .
7 . . * * * . . .
8 . . . . . . . .
Score: 3-6

Valid moves: f2  e3  c5  c7  d7  e7  
Depth: 3

Examined 91/150 game states in 0 s.

Player moves: e3

  a b c d e f g h
1 . . . . . . . .
2 . . . . * . . .
3 . . . * @ O * .
4 . . . @ @ @ . .
5 . . . O @ * . .
6 . . O O O . . .
7 . . . . . . . .
8 . . . . . . . .
Score: 5-5

Valid moves: e2  d3  g3  f5  
Depth: 3

Examined 109/165 game states in 0 s.

Opponent moves: e2

  a b c d e f g h
1 . . . . . . . .
2 . . . * O * . .
3 . . . . O O . .
4 . . . @ O @ . .
5 . . . O O . . .
6 . . O O O * . .
7 . . * * . . . .
8 . . . . . . . .
Score: 2-9

Valid moves: d2  f2  f6  c7  d7  
Depth: 3

Examined 100/183 game states in 0 s.

Player moves: f2

  a b c d e f g h
1 . . . . . . . .
2 . . . . O @ * .
3 . . * * @ @ * .
4 . . * @ O @ * .
5 . . . O O . . .
6 . . O O O . . .
7 . . . . . . . .
8 . . . . . . . .
Score: 5-7

Valid moves: g2  c3  d3  g3  c4  g4  
Depth: 3

Examined 122/265 game states in 0 s.

Opponent moves: d3

  a b c d e f g h
1 . . . * * . . .
2 . . . * O @ . .
3 . . * O @ @ . .
4 . . * O O @ . .
5 . . * O O . . .
6 . . O O O . . .
7 . * * . * . . .
8 . . . . . . . .
Score: 4-9

Valid moves: d1  e1  d2  c3  c4  c5  b7  c7  e7  
Depth: 3

Examined 177/254 game states in 0 s.

Player moves: e1

  a b c d e f g h
1 . . . . @ * * .
2 . . . . @ @ * .
3 . . . O @ @ * .
4 . . . O O @ * .
5 . . . O O . . .
6 . . O O O . . .
7 . . . . . . . .
8 . . . . . . . .
Score: 6-8

Valid moves: f1  g1  g2  g3  g4  
Depth: 3

Examined 133/281 game states in 0 s.

Opponent moves: g3

  a b c d e f g h
1 . . . . @ . . .
2 . . . . @ @ . .
3 . . . O O O O .
4 . . * O O O * *
5 . . * O O * . .
6 . . O O O . . .
7 . . . . * . . .
8 . . . . . . . .
Score: 3-12

Valid moves: c4  g4  h4  c5  f5  e7  
Depth: 3

Examined 268/347 game states in 0.016 s.

Player moves: f5

  a b c d e f g h
1 . . . . @ * * .
2 . . . . @ @ * .
3 . . . O O @ O .
4 . . . O O @ * .
5 . . . O O @ * .
6 . . O O O . * .
7 . . . . . . . .
8 . . . . . . . .
Score: 6-10

Valid moves: f1  g1  g2  g4  g5  g6  
Depth: 3

Examined 170/375 game states in 0 s.

Opponent moves: g1

  a b c d e f g h
1 . . . . @ * O .
2 . . * * @ O * *
3 . . * O O @ O *
4 . . * O O @ . *
5 . . * O O @ . .
6 . . O O O . . .
7 . * * * * . . .
8 . . . . . . . .
Score: 5-12

Valid moves: f1  c2  d2  g2  h2  c3  h3  c4  h4  c5  b7  c7  d7  e7  
Depth: 3

Examined 633/1034 game states in 0.031 s.

Player moves: c3

  a b c d e f g h
1 . . . . @ . O .
2 . * * * @ O * .
3 . * @ @ @ @ O .
4 . . . O O @ * .
5 . . . O O @ * .
6 . . O O O * * .
7 . . . . . . . .
8 . . . . . . . .
Score: 8-10

Valid moves: b2  c2  d2  g2  b3  g4  g5  f6  g6  
Depth: 3

Examined 322/708 game states in 0.016 s.

Opponent moves: b3

  a b c d e f g h
1 . . . . @ * O .
2 . . * * @ O * *
3 . O O O O O O .
4 . . * O O @ * *
5 . . * O O @ . .
6 . . O O O . . .
7 . . * * * . . .
8 . . . . . . . .
Score: 4-15

Valid moves: f1  c2  d2  g2  h2  c4  g4  h4  c5  c7  d7  e7  
Depth: 3

Examined 445/726 game states in 0.016 s.

Player moves: d2

  a b c d e f g h
1 . . . * @ * O .
2 . . * @ @ O . .
3 . O O O @ O O .
4 . . . O O @ * .
5 . . . O O @ * .
6 . . O O O * * .
7 . . . . . . . .
8 . . . . . . . .
Score: 6-14

Valid moves: d1  f1  c2  g4  g5  f6  g6  
Depth: 3

Examined 220/480 game states in 0.015 s.

Opponent moves: f6

  a b c d e f g h
1 . . . . @ . O .
2 . . . @ @ O * .
3 * O O O @ O O *
4 . * * O O O * *
5 . . * O O O * .
6 . . O O O O . .
7 . . . * * . . .
8 . . . . . . . .
Score: 4-17

Valid moves: g2  a3  h3  b4  c4  g4  h4  c5  g5  d7  e7  
Depth: 3

Examined 210/381 game states in 0.016 s.

Player moves: h3

  a b c d e f g h
1 . . * * @ * O .
2 . . * @ @ O * *
3 . O O O @ @ @ @
4 . . . O O O . *
5 . . . O O O . .
6 . . O O O O . .
7 . . . . . . . .
8 . . . . . . . .
Score: 7-15

Valid moves: c1  d1  f1  c2  g2  h2  h4  
Depth: 3

Examined 152/257 game states in 0 s.

Opponent moves: c1

  a b c d e f g h
1 . . O . @ * O .
2 . . * O @ O * .
3 * O O O O @ @ @
4 . * * O O O . .
5 . . . O O O . .
6 . . O O O O . .
7 . * * . * * . .
8 . . . . . . . .
Score: 5-18

Valid moves: f1  c2  g2  a3  b4  c4  b7  c7  e7  f7  
Depth: 3

Examined 395/559 game states in 0.016 s.

Player moves: a3

  a b c d e f g h
1 . . O . @ . O .
2 . * * O @ O * *
3 @ @ @ @ @ @ @ @
4 . * . O O O . *
5 . . . O O O . .
6 . . O O O O . .
7 . . . . . . . .
8 . . . . . . . .
Score: 10-14

Valid moves: b2  c2  g2  h2  b4  h4  
Depth: 3

Examined 191/414 game states in 0.016 s.

Opponent moves: c2

  a b c d e f g h
1 . . O * @ * O .
2 . * O O @ O * .
3 @ @ @ O @ @ @ @
4 . . * O O O . .
5 . . * O O O * .
6 . . O O O O . .
7 . * * . * * * .
8 . . . . . . . .
Score: 9-16

Valid moves: d1  f1  b2  g2  c4  c5  g5  b7  c7  e7  f7  g7  
Depth: 3

Examined 656/957 game states in 0.015 s.

Player moves: c4

  a b c d e f g h
1 . . O . @ . O .
2 * * O O @ O * *
3 @ @ @ @ @ @ @ @
4 * * @ O O O . *
5 . . * O O O . .
6 . . O O O O . .
7 . . . . . . . .
8 . . . . . . . .
Score: 11-15

Valid moves: a2  b2  g2  h2  a4  b4  h4  c5  
Depth: 3

Examined 433/926 game states in 0.016 s.

Opponent moves: c5

  a b c d e f g h
1 . * O * @ * O .
2 . * O O @ O * .
3 @ @ O @ @ @ @ @
4 . * O O O O . .
5 . * O O O O * .
6 . * O O O O * .
7 . * * * * * . .
8 . . . . . . . .
Score: 9-18

Valid moves: b1  d1  f1  b2  g2  b4  b5  g5  b6  g6  b7  c7  d7  e7  f7  
Depth: 3

Examined 934/1275 game states in 0.016 s.

Player moves: b4

  a b c d e f g h
1 . . O * @ * O .
2 * * O @ @ O * *
3 @ @ @ @ @ @ @ @
4 * @ O O O O . *
5 . . O O O O . .
6 . . O O O O . .
7 . . . . . . . .
8 . . . . . . . .
Score: 12-16

Valid moves: d1  f1  a2  b2  g2  h2  a4  h4  
Depth: 3

Examined 298/634 game states in 0.015 s.

Opponent moves: b2

  a b c d e f g h
1 . * O * @ * O .
2 * O O @ @ O * .
3 @ @ O @ @ @ @ @
4 . @ O O O O * .
5 . * O O O O * .
6 . * O O O O * .
7 . * * * * * . .
8 . . . . . . . .
Score: 11-18

Valid moves: b1  d1  f1  a2  g2  g4  b5  g5  b6  g6  b7  c7  d7  e7  f7  
Depth: 3

Examined 508/1180 game states in 0.016 s.

Player moves: g4

  a b c d e f g h
1 . . O * @ . O .
2 * O O @ @ O * *
3 @ @ O @ @ @ @ @
4 * @ @ @ @ @ @ *
5 * * O O O O * .
6 . . O O O O . .
7 . . . . . . . .
8 . . . . . . . .
Score: 16-14

Valid moves: d1  a2  g2  h2  a4  h4  a5  b5  g5  
Depth: 3

Examined 134/382 game states in 0.016 s.

Opponent moves: d1

  a b c d e f g h
1 . * O O @ * O .
2 * O O O @ O * .
3 @ @ O O @ @ @ @
4 . @ @ O @ @ @ .
5 . . O O O O . .
6 . * O O O O * .
7 . * * * * * . .
8 . . . . . . . .
Score: 13-18

Valid moves: b1  f1  a2  g2  b6  g6  b7  c7  d7  e7  f7  
Depth: 3

Examined 197/411 game states in 0 s.

Player moves: f1

  a b c d e f g h
1 . . O O @ @ O .
2 * O O O @ @ * *
3 @ @ O O @ @ @ @
4 * @ @ O @ @ @ *
5 * * O O O O * *
6 . . O O O O . .
7 . . . . . . . .
8 . . . . . . . .
Score: 15-17

Valid moves: a2  g2  h2  a4  h4  a5  b5  g5  h5  
Depth: 3

Examined 188/414 game states in 0.015 s.

Opponent moves: a4

  a b c d e f g h
1 . * O O @ @ O *
2 * O O O @ @ . .
3 @ O O O @ @ @ @
4 O O O O @ @ @ .
5 * * O O O O . .
6 . * O O O O * .
7 . * * * * * . .
8 . . . . . . . .
Score: 12-21

Valid moves: b1  h1  a2  a5  b5  b6  g6  b7  c7  d7  e7  f7  
Depth: 3

Examined 218/431 game states in 0 s.

Player moves: a5

  a b c d e f g h
1 . . O O @ @ O .
2 . O O @ @ @ * *
3 @ O @ O @ @ @ @
4 @ @ O O @ @ @ *
5 @ * O O O O * *
6 . . O O O O . .
7 . . . . . . . .
8 . . . . . . . .
Score: 17-17

Valid moves: g2  h2  h4  b5  g5  h5  
Depth: 3

Examined 112/279 game states in 0 s.

Opponent moves: h4

  a b c d e f g h
1 * * O O @ @ O *
2 * O O @ @ @ . .
3 @ O @ O @ @ @ @
4 @ @ O O O O O O
5 @ * O O O O * *
6 . * O O O O . .
7 . * * * * * * .
8 . . . . . . . .
Score: 14-21

Valid moves: a1  b1  h1  a2  b5  g5  h5  b6  b7  c7  d7  e7  f7  g7  
Depth: 3

Examined 233/360 game states in 0 s.

Player moves: h5

  a b c d e f g h
1 . . O O @ @ O .
2 . O O @ @ @ * *
3 @ O @ O @ @ @ @
4 @ @ O O O O @ @
5 @ * O O O O . @
6 . . O O O O . .
7 . . . . . . . .
8 . . . . . . . .
Score: 17-19

Valid moves: g2  h2  b5  
Depth: 3

Examined 55/124 game states in 0 s.

Opponent moves: g2

  a b c d e f g h
1 * * O O @ @ O *
2 . O O O O O O .
3 @ O @ O @ O @ @
4 @ @ O O O O @ @
5 @ * O O O O * @
6 . * O O O O . .
7 . . * * * * * .
8 . . . . . . . .
Score: 13-24

Valid moves: a1  b1  h1  b5  g5  b6  c7  d7  e7  f7  g7  
Depth: 3

Examined 149/250 game states in 0 s.

Player moves: h1

  a b c d e f g h
1 . . O O @ @ @ @
2 . O O O O O O *
3 @ O @ O @ O @ @
4 @ @ O O O O @ @
5 @ * O O O O * @
6 . . O O O O . .
7 . . . . . . . .
8 . . . . . . . .
Score: 15-23

Valid moves: h2  b5  g5  
Depth: 3

Examined 67/106 game states in 0 s.

Opponent moves: h2

  a b c d e f g h
1 * * O O @ @ @ @
2 . O O O O O O O
3 @ O @ O @ O O @
4 @ @ O O O O @ @
5 @ * O O O O * @
6 . * O O O O . .
7 . * * * * * * .
8 . . . . . . . .
Score: 14-25

Valid moves: a1  b1  b5  g5  b6  b7  c7  d7  e7  f7  g7  
Depth: 3

Examined 266/341 game states in 0 s.

Player moves: g5

  a b c d e f g h
1 . . O O @ @ @ @
2 . O O O O O O O
3 @ O @ O @ O O @
4 @ @ O O O @ @ @
5 @ * O O O O @ @
6 . . O O O O * *
7 . . . . . . . .
8 . . . . . . . .
Score: 16-24

Valid moves: b5  g6  h6  
Depth: 3

Examined 109/187 game states in 0.016 s.

Opponent moves: g6

  a b c d e f g h
1 * * O O @ @ @ @
2 . O O O O O O O
3 @ O @ O @ O O @
4 @ @ O O O @ O @
5 @ * O O O O O @
6 . * O O O O O *
7 . * * * * * * .
8 . . . . . . . .
Score: 14-27

Valid moves: a1  b1  b5  b6  h6  b7  c7  d7  e7  f7  g7  
Depth: 3

Examined 174/228 game states in 0 s.

Player moves: h6

  a b c d e f g h
1 . . O O @ @ @ @
2 . O O O O O O O
3 @ O @ O @ O O @
4 @ @ O O O @ O @
5 @ * O O O O @ @
6 . . O O O O O @
7 . . . . . . . *
8 . . . . . . . .
Score: 16-26

Valid moves: b5  h7  
Depth: 3

Examined 75/110 game states in 0 s.

Opponent moves: b5

  a b c d e f g h
1 * * O O @ @ @ @
2 . O O O O O O O
3 @ O @ O @ O O @
4 @ O O O O @ O @
5 @ O O O O O @ @
6 * * O O O O O @
7 . * * * * * * .
8 . . . . . . . .
Score: 15-28

Valid moves: a1  b1  a6  b6  b7  c7  d7  e7  f7  g7  
Depth: 3

Examined 133/177 game states in 0.016 s.

Player moves: b1

  a b c d e f g h
1 . @ @ @ @ @ @ @
2 . O O O O O O O
3 @ O @ O @ O O @
4 @ O O O O @ O @
5 @ O O O O O @ @
6 . . O O O O O @
7 . . . . . . . *
8 . . . . . . . .
Score: 18-26

Valid moves: h7  
Depth: 3

Examined 22/51 game states in 0 s.

Opponent moves: h7

  a b c d e f g h
1 * @ @ @ @ @ @ @
2 . O O O O O O O
3 @ O @ O @ O O O
4 @ O O O O @ O O
5 @ O O O O O @ O
6 * * O O O O O O
7 . * * * * * * O
8 . . . . . . . *
Score: 14-31

Valid moves: a1  a6  b6  b7  c7  d7  e7  f7  g7  h8  
Depth: 3

Examined 115/144 game states in 0 s.

Player moves: a1

  a b c d e f g h
1 @ @ @ @ @ @ @ @
2 * @ O O O O O O
3 @ O @ O @ O O O
4 @ O O O O @ O O
5 @ O O O O O @ O
6 . . O O O O O O
7 . . . . . . . O
8 . . . . . . . .
Score: 16-30

Valid moves: a2  
Depth: 3

Examined 25/53 game states in 0 s.

Opponent moves: a2

  a b c d e f g h
1 @ @ @ @ @ @ @ @
2 O O O O O O O O
3 @ O @ O @ O O O
4 @ O O O O @ O O
5 @ O O O O O @ O
6 * * O O O O O O
7 . * * * * * * O
8 . . . . . . . *
Score: 15-32

Valid moves: a6  b6  b7  c7  d7  e7  f7  g7  h8  
Depth: 3

Examined 131/159 game states in 0 s.

Player moves: h8

  a b c d e f g h
1 @ @ @ @ @ @ @ @
2 O O O O O O O @
3 @ O @ O @ O O @
4 @ O O O O @ O @
5 @ O O O O O @ @
6 * . O O O O O @
7 . . . . . . . @
8 . . . . . . . @
Score: 22-26

Valid moves: a6  
Depth: 3

Examined 24/42 game states in 0 s.

Opponent moves: a6

  a b c d e f g h
1 @ @ @ @ @ @ @ @
2 O O O O O O O @
3 O O @ O @ O O @
4 O O O O O @ O @
5 O O O O O O @ @
6 O * O O O O O @
7 * * * * * * * @
8 . . . . . . . @
Score: 19-30

Valid moves: b6  a7  b7  c7  d7  e7  f7  g7  
Depth: 3

Examined 104/146 game states in 0 s.

Player moves: a7

  a b c d e f g h
1 @ @ @ @ @ @ @ @
2 @ O O O O O O @
3 @ O @ O @ O O @
4 @ O O O O @ O @
5 @ O O O O O @ @
6 @ . O O O O O @
7 @ . . . . . . @
8 . . . . . . . @
Score: 25-25

  a b c d e f g h
1 @ @ @ @ @ @ @ @
2 @ O O O O O O @
3 @ O @ O @ O O @
4 @ O O O O @ O @
5 @ O O O O O @ @
6 @ * O O O O O @
7 @ * * * * * * @
8 . . . . . . . @
Score: 25-25

Valid moves: b6  b7  c7  d7  e7  f7  g7  
Depth: 3

Examined 84/107 game states in 0 s.

Player moves: b6

  a b c d e f g h
1 @ @ @ @ @ @ @ @
2 @ @ O O O O O @
3 @ @ @ O @ O O @
4 @ @ O @ O @ O @
5 @ @ @ O O O @ @
6 @ @ @ @ @ @ @ @
7 @ * * * * * * @
8 . . . . . . . @
Score: 37-14

Valid moves: b7  c7  d7  e7  f7  g7  
Depth: 3

Examined 162/195 game states in 0 s.

Opponent moves: d7

  a b c d e f g h
1 @ @ @ @ @ @ @ @
2 @ @ O O O O O @
3 @ @ @ O @ O O @
4 @ @ O @ O @ O @
5 @ @ @ O O O @ @
6 @ @ @ O O @ @ @
7 @ . * O * * . @
8 . . * * * . . @
Score: 35-17

Valid moves: c7  e7  f7  c8  d8  e8  
Depth: 3

Examined 183/200 game states in 0.016 s.

Player moves: c8

  a b c d e f g h
1 @ @ @ @ @ @ @ @
2 @ @ O O O O O @
3 @ @ @ O @ O O @
4 @ @ O @ O @ @ @
5 @ @ @ O O @ @ @
6 @ @ @ O @ @ @ @
7 @ * * @ * * * @
8 . . @ * . . . @
Score: 40-13

Valid moves: b7  c7  e7  f7  g7  d8  
Depth: 3

Examined 146/165 game states in 0 s.

Opponent moves: c7

  a b c d e f g h
1 @ @ @ @ @ @ @ @
2 @ @ O O O O O @
3 @ @ @ O @ O O @
4 @ @ O @ O @ @ @
5 @ @ O O O @ @ @
6 @ @ O O @ @ @ @
7 @ * O @ * . . @
8 . * @ * . . . @
Score: 38-16

Valid moves: b7  e7  b8  d8  
Depth: 3

Examined 90/97 game states in 0 s.

Player moves: d8

  a b c d e f g h
1 @ @ @ @ @ @ @ @
2 @ @ O O O O O @
3 @ @ @ O @ O O @
4 @ @ O @ O @ @ @
5 @ @ O O O @ @ @
6 @ @ O O @ @ @ @
7 @ . @ @ * * * @
8 . * @ @ * . . @
Score: 40-15

Valid moves: e7  f7  g7  b8  e8  
Depth: 3

Examined 85/102 game states in 0 s.

Opponent moves: g7

  a b c d e f g h
1 @ @ @ @ @ @ @ @
2 @ @ O O O O O @
3 @ @ @ O @ O O @
4 @ @ O @ O @ O @
5 @ @ O O O @ O @
6 @ @ O O @ O O @
7 @ * @ @ * * O @
8 . . @ @ . * * @
Score: 36-20

Valid moves: b7  e7  f7  f8  g8  
Depth: 3

Examined 50/64 game states in 0 s.

Player moves: b7

  a b c d e f g h
1 @ @ @ @ @ @ @ @
2 @ @ O O O O @ @
3 @ @ @ O @ @ O @
4 @ @ O @ @ @ O @
5 @ @ O @ O @ O @
6 @ @ @ O @ O O @
7 @ @ @ @ * * O @
8 . * @ @ . . . @
Score: 42-15

Valid moves: e7  f7  b8  
Depth: 3

Examined 50/54 game states in 0 s.

Opponent moves: f7

  a b c d e f g h
1 @ @ @ @ @ @ @ @
2 @ @ O O O O @ @
3 @ @ @ O @ @ O @
4 @ @ O @ @ @ O @
5 @ @ O O O @ O @
6 @ @ @ O O O O @
7 @ @ @ @ * O O @
8 . . @ @ * * * @
Score: 40-18

Valid moves: e7  e8  f8  g8  
Depth: 3

Examined 43/54 game states in 0 s.

Player moves: g8

  a b c d e f g h
1 @ @ @ @ @ @ @ @
2 @ @ O O O O @ @
3 @ @ @ O @ @ @ @
4 @ @ @ @ @ @ @ @
5 @ @ O @ O @ @ @
6 @ @ @ O @ O @ @
7 @ @ @ @ * @ @ @
8 . * @ @ . * @ @
Score: 50-9

Valid moves: e7  b8  f8  
Depth: 3

Examined 22/22 game states in 0 s.

Opponent moves: e7

  a b c d e f g h
1 @ @ @ @ @ @ @ @
2 @ @ O O O O @ @
3 @ @ @ O @ @ @ @
4 @ @ @ @ @ @ @ @
5 @ @ O @ O @ @ @
6 @ @ @ O O O @ @
7 @ @ @ @ O @ @ @
8 . . @ @ * * @ @
Score: 49-11

Valid moves: e8  f8  
Depth: 3

Examined 11/11 game states in 0 s.

Player moves: f8

  a b c d e f g h
1 @ @ @ @ @ @ @ @
2 @ @ O O O O @ @
3 @ @ @ O @ @ @ @
4 @ @ @ @ @ @ @ @
5 @ @ @ @ O @ @ @
6 @ @ @ @ O O @ @
7 @ @ @ @ @ @ @ @
8 . * @ @ * @ @ @
Score: 53-8

Valid moves: b8  e8  
Depth: 3

Examined 7/7 game states in 0 s.

Opponent moves: e8

  a b c d e f g h
1 @ @ @ @ @ @ @ @
2 @ @ O O O O @ @
3 @ @ @ O @ @ @ @
4 @ @ @ @ @ @ @ @
5 @ @ @ @ O @ @ @
6 @ @ @ @ O O @ @
7 @ @ @ @ O @ @ @
8 . . @ @ O @ @ @
Score: 52-10

  a b c d e f g h
1 @ @ @ @ @ @ @ @
2 @ @ O O O O @ @
3 @ @ @ O @ @ @ @
4 @ @ @ @ @ @ @ @
5 @ @ @ @ O @ @ @
6 @ @ @ @ O O @ @
7 @ @ @ @ O @ @ @
8 . * @ @ O @ @ @
Score: 52-10

Valid moves: b8  
Depth: 3

Examined 4/4 game states in 0 s.

Opponent moves: b8

  a b c d e f g h
1 @ @ @ @ @ @ @ @
2 @ @ O O O O @ @
3 @ @ @ O @ @ @ @
4 @ @ @ @ @ @ @ @
5 @ @ @ @ O @ @ @
6 @ @ @ O O O @ @
7 @ @ O @ O @ @ @
8 * O O O O @ @ @
Score: 48-15

Valid moves: a8  
Depth: 3

Examined 4/4 game states in 0 s.

Player moves: a8

  a b c d e f g h
1 @ @ @ @ @ @ @ @
2 @ @ O O O O @ @
3 @ @ @ O @ @ @ @
4 @ @ @ @ @ @ @ @
5 @ @ @ @ O @ @ @
6 @ @ @ O O O @ @
7 @ @ O @ O @ @ @
8 @ @ @ @ @ @ @ @
Score: 53-11

Score: 53-11
Game over.

Game took 1.687 s.
