OTHELLO
Settings: 
  Play mode:    	automatic
  Player first: 	Yes
  Clear screen: 	Yes
  Verbosity:    	0
  AI max depth: 	1 (fixed)
  AI timeout:   	30 seconds.
  AI time mode: 	Depth-limited
Enter moves in form xy (no space).

  a b c d e f g h
1 . . . . . . . .
2 . . . . . . . .
3 . . . . * . . .
4 . . . @ O * . .
5 . . * O @ . . .
6 . . . * . . . .
7 . . . . . . . .
8 . . . . . . . .
Score: 2-2

Valid moves: e3  f4  c5  d6  
Depth: 1

Examined 5/5 game states in 0 s.

Player moves: e3

  a b c d e f g h
1 . . . . . . . .
2 . . . . . . . .
3 . . . * @ * . .
4 . . . @ @ . . .
5 . . . O @ * . .
6 . . . . . . . .
7 . . . . . . . .
8 . . . . . . . .
Score: 4-1

Valid moves: d3  f3  f5  
Depth: 1

Examined 4/4 game states in 0 s.

Opponent moves: f3

  a b c d e f g h
1 . . . . . . . .
2 . . . . . . . .
3 . . . . @ O * .
4 . . . @ O * . .
5 . . * O @ . . .
6 . . . * . . . .
7 . . . . . . . .
8 . . . . . . . .
Score: 3-3

Valid moves: g3  f4  c5  d6  
Depth: 1

Examined 5/5 game states in 0 s.

Player moves: g3

  a b c d e f g h
1 . . . . . . . .
2 . . . . * . * .
3 . . . * @ @ @ .
4 . . * @ O . . .
5 . . . O @ * . .
6 . . . . * . . .
7 . . . . . . . .
8 . . . . . . . .
Score: 5-2

Valid moves: e2  g2  d3  c4  f5  e6  
Depth: 1

Examined 7/7 game states in 0 s.

Opponent moves: e2

  a b c d e f g h
1 . . . * * . . .
2 . . . . O * . .
3 . . . * O @ @ .
4 . . . @ O * . .
5 . . * O @ . . .
6 . . * * . . . .
7 . . . . . . . .
8 . . . . . . . .
Score: 4-4

Valid moves: d1  e1  f2  d3  f4  c5  c6  d6  
Depth: 1

Examined 9/9 game states in 0 s.

Player moves: d1

  a b c d e f g h
1 . . . @ * . . .
2 . . . . @ . * .
3 . . . * O @ @ *
4 . . * @ O . . .
5 . . * O @ * . .
6 . . . . * . . .
7 . . . . . . . .
8 . . . . . . . .
Score: 6-3

Valid moves: e1  g2  d3  h3  c4  c5  f5  e6  
Depth: 1

Examined 9/9 game states in 0 s.

Opponent moves: h3

  a b c d e f g h
1 . . . @ . . . .
2 . . . . @ * . .
3 . . . . O O O O
4 . . . @ O * * .
5 . . * O @ . . .
6 . . . * . . . .
7 . . . . . . . .
8 . . . . . . . .
Score: 4-6

Valid moves: f2  f4  g4  c5  d6  
Depth: 1

Examined 6/6 game states in 0 s.

Player moves: f4

  a b c d e f g h
1 . . . @ * . . .
2 . . . . @ . . .
3 . . . * O O O O
4 . . . @ @ @ . .
5 . . * O @ * * .
6 . . . * * . . .
7 . . . . . . . .
8 . . . . . . . .
Score: 6-5

Valid moves: e1  d3  c5  f5  g5  d6  e6  
Depth: 1

Examined 8/8 game states in 0 s.

Opponent moves: e1

  a b c d e f g h
1 . . . @ O * . .
2 . . . * O * * *
3 . . . . O O O O
4 . . . @ @ @ * .
5 . . * O @ . . .
6 . . * * . . . .
7 . . . . . . . .
8 . . . . . . . .
Score: 5-7

Valid moves: f1  d2  f2  g2  h2  g4  c5  c6  d6  
Depth: 1

Examined 10/10 game states in 0 s.

Player moves: f1

  a b c d e f g h
1 . . . @ @ @ . .
2 . . . . O . . .
3 . . . * O O O O
4 . . . @ @ @ . .
5 . . * O @ * * .
6 . . . * * . . .
7 . . . . . . . .
8 . . . . . . . .
Score: 7-6

Valid moves: d3  c5  f5  g5  d6  e6  
Depth: 1

Examined 7/7 game states in 0 s.

Opponent moves: d3

  a b c d e f g h
1 . . . @ @ @ . .
2 . . * * O * * *
3 . . * O O O O O
4 . . * O @ @ * .
5 . . * O @ . . .
6 . . * . . . . .
7 . . . . . . . .
8 . . . . . . . .
Score: 6-8

Valid moves: c2  d2  f2  g2  h2  c3  c4  g4  c5  c6  
Depth: 1

Examined 11/11 game states in 0 s.

Player moves: h2

  a b c d e f g h
1 . . . @ @ @ . *
2 . . . . O . . @
3 . . . O O O @ O
4 . . . O @ @ * .
5 . . . O @ * * .
6 . . . . * * . .
7 . . . . . . . .
8 . . . . . . . .
Score: 8-7

Valid moves: h1  g4  f5  g5  e6  f6  
Depth: 1

Examined 7/7 game states in 0 s.

Opponent moves: h1

  a b c d e f g h
1 . . . @ @ @ . O
2 . . * * O * * O
3 . . * O O O @ O
4 . . * O @ @ * .
5 . . * O @ . . .
6 . . * . . . . .
7 . . . . . . . .
8 . . . . . . . .
Score: 7-9

Valid moves: c2  d2  f2  g2  c3  c4  g4  c5  c6  
Depth: 1

Examined 10/10 game states in 0 s.

Player moves: c3

  a b c d e f g h
1 . . . @ @ @ . O
2 . . . * O . * O
3 . * @ @ @ @ @ O
4 . . * @ @ @ * .
5 . . . O @ * . .
6 . . . * * . . .
7 . . . . . . . .
8 . . . . . . . .
Score: 12-5

Valid moves: d2  g2  b3  c4  g4  f5  d6  e6  
Depth: 1

Examined 9/9 game states in 0 s.

Opponent moves: b3

  a b c d e f g h
1 . . . @ @ @ . O
2 . * * * O * * O
3 . O O O O O O O
4 . . * @ @ @ * .
5 . . * O @ . . .
6 . . * * . . . .
7 . . . . . . . .
8 . . . . . . . .
Score: 7-11

Valid moves: b2  c2  d2  f2  g2  c4  g4  c5  c6  d6  
Depth: 1

Examined 11/11 game states in 0 s.

Player moves: g2

  a b c d e f g h
1 . . . @ @ @ * O
2 . . . . O * @ O
3 . O O O O @ O O
4 . . . @ @ @ * .
5 . . * O @ * * .
6 . . . * * * . .
7 . . . . . . . .
8 . . . . . . . .
Score: 9-10

Valid moves: g1  f2  g4  c5  f5  g5  d6  e6  f6  
Depth: 1

Examined 10/10 game states in 0 s.

Opponent moves: g1

  a b c d e f g h
1 . . . @ @ @ O O
2 . * * * O * O O
3 * O O O O @ O O
4 . . * @ @ @ . .
5 . . * O @ . . .
6 . . * * . . . .
7 . . . . . . . .
8 . . . . . . . .
Score: 8-12

Valid moves: b2  c2  d2  f2  a3  c4  c5  c6  d6  
Depth: 1

Examined 10/10 game states in 0 s.

Player moves: a3

  a b c d e f g h
1 . . * @ @ @ O O
2 . . . * O . O O
3 @ @ @ @ @ @ O O
4 . . * @ @ @ * .
5 . . . O @ * . .
6 . . . * * . . .
7 . . . . . . . .
8 . . . . . . . .
Score: 13-8

Valid moves: c1  d2  c4  g4  f5  d6  e6  
Depth: 1

Examined 8/8 game states in 0 s.

Opponent moves: c1

  a b c d e f g h
1 . . O O O O O O
2 . . . . O . O O
3 @ @ @ @ @ @ O O
4 . . . @ @ @ . .
5 . . * O @ . . .
6 . . * * . . . .
7 . . . . . . . .
8 . . . . . . . .
Score: 10-12

Valid moves: c5  c6  d6  
Depth: 1

Examined 4/4 game states in 0 s.

Player moves: c6

  a b c d e f g h
1 . . O O O O O O
2 . . . . O . O O
3 @ @ @ @ @ @ O O
4 . . * @ @ @ * .
5 . . . @ @ . . .
6 . . @ * * . . .
7 . * . . . . . .
8 . . . . . . . .
Score: 12-11

Valid moves: c4  g4  d6  e6  b7  
Depth: 1

Examined 6/6 game states in 0 s.

Opponent moves: c4

  a b c d e f g h
1 . . O O O O O O
2 . . * * O . O O
3 @ @ @ O @ @ O O
4 . * O @ @ @ . .
5 . . * @ @ . . .
6 . . @ . . . . .
7 . . . . . . . .
8 . . . . . . . .
Score: 11-13

Valid moves: c2  d2  b4  c5  
Depth: 1

Examined 5/5 game states in 0 s.

Player moves: c2

  a b c d e f g h
1 . . O O O O O O
2 * . @ . O . O O
3 @ @ @ @ @ @ O O
4 * . O @ @ @ * .
5 . . . @ @ . . .
6 . . @ * * . . .
7 . * . . . . . .
8 . . . . . . . .
Score: 13-12

Valid moves: a2  a4  g4  d6  e6  b7  
Depth: 1

Examined 7/7 game states in 0 s.

Opponent moves: a4

  a b c d e f g h
1 . * O O O O O O
2 * . O . O . O O
3 @ O @ @ @ @ O O
4 O * O @ @ @ . .
5 * * * @ @ . . .
6 . . @ . . . . .
7 . . . . . . . .
8 . . . . . . . .
Score: 11-15

Valid moves: b1  a2  b4  a5  b5  c5  
Depth: 1

Examined 7/7 game states in 0 s.

Player moves: a5

  a b c d e f g h
1 . . O O O O O O
2 . . O . O . O O
3 @ O @ @ @ @ O O
4 @ . O @ @ @ * .
5 @ . . @ @ * . .
6 . . @ * * . . .
7 . * . . . . . .
8 . . . . . . . .
Score: 13-14

Valid moves: g4  f5  d6  e6  b7  
Depth: 1

Examined 6/6 game states in 0 s.

Opponent moves: g4

  a b c d e f g h
1 . * O O O O O O
2 * . O . O . O O
3 @ O @ @ @ O O O
4 @ . O O O O O .
5 @ * * @ @ * * .
6 . . @ . . . . .
7 . . . . . . . .
8 . . . . . . . .
Score: 9-19

Valid moves: b1  a2  b5  c5  f5  g5  
Depth: 1

Examined 7/7 game states in 0 s.

Player moves: b1

  a b c d e f g h
1 * @ O O O O O O
2 . * @ * O * O O
3 @ O @ @ @ O O O
4 @ . O O O O O .
5 @ . . @ @ . . .
6 . . @ * * * . .
7 . * . . . . . .
8 . . . . . . . .
Score: 11-18

Valid moves: a1  b2  d2  f2  d6  e6  f6  b7  
Depth: 1

Examined 9/9 game states in 0 s.

Opponent moves: a1

  a b c d e f g h
1 O O O O O O O O
2 * . @ . O . O O
3 @ O @ @ @ O O O
4 @ . O O O O O .
5 @ * * @ @ * * .
6 . . @ . . . . .
7 . . . . . . . .
8 . . . . . . . .
Score: 10-20

Valid moves: a2  b5  c5  f5  g5  
Depth: 1

Examined 6/6 game states in 0 s.

Player moves: a2

  a b c d e f g h
1 O O O O O O O O
2 @ * @ * O * O O
3 @ @ @ @ @ O O O
4 @ * @ O O O O .
5 @ * * @ @ . . .
6 * . @ * * * . .
7 . * . . . . . .
8 . . . . . . . .
Score: 13-18

Valid moves: b2  d2  f2  b4  b5  c5  a6  d6  e6  f6  b7  
Depth: 1

Examined 12/12 game states in 0 s.

Opponent moves: a6

  a b c d e f g h
1 O O O O O O O O
2 O . @ . O . O O
3 O @ @ @ @ O O O
4 O . @ O O O O *
5 O . * @ @ * * .
6 O . @ . . . . .
7 . . . . . . . .
8 . . . . . . . .
Score: 9-23

Valid moves: h4  c5  f5  g5  
Depth: 1

Examined 5/5 game states in 0 s.

Player moves: h4

  a b c d e f g h
1 O O O O O O O O
2 O . @ . O . O O
3 O @ @ @ @ O O O
4 O . @ @ @ @ @ @
5 O * * @ @ * * *
6 O . @ * * . . .
7 . * . . . . . .
8 . . . . . . . .
Score: 14-19

Valid moves: b5  c5  f5  g5  h5  d6  e6  b7  
Depth: 1

Examined 9/9 game states in 0 s.

Opponent moves: h5

  a b c d e f g h
1 O O O O O O O O
2 O . @ . O * O O
3 O @ @ @ @ O O O
4 O . @ @ @ @ O O
5 O . . @ @ . . O
6 O . @ . . . . .
7 . . . . . . . .
8 . . . . . . . .
Score: 12-22

Valid moves: f2  
Depth: 1

Examined 2/2 game states in 0 s.

Player moves: f2

  a b c d e f g h
1 O O O O O O O O
2 O . @ . O @ O O
3 O @ @ @ @ @ O O
4 O * @ @ @ @ O O
5 O * * @ @ * . O
6 O . @ * * . . .
7 . * . . . . . .
8 . . . . . . . .
Score: 14-21

Valid moves: b4  b5  c5  f5  d6  e6  b7  
Depth: 1

Examined 8/8 game states in 0 s.

Opponent moves: c5

  a b c d e f g h
1 O O O O O O O O
2 O * O * O O O O
3 O @ O @ O @ O O
4 O * O O @ @ O O
5 O * O @ @ . . O
6 O . @ . . . . .
7 . . . . . . . .
8 . . . . . . . .
Score: 8-28

Valid moves: b2  d2  b4  b5  
Depth: 1

Examined 5/5 game states in 0 s.

Player moves: b2

  a b c d e f g h
1 O O O O O O O O
2 O @ O . O O O O
3 O @ @ @ O @ O O
4 O * O @ @ @ O O
5 O . O @ @ * * O
6 O . @ * * * . .
7 . * * . . . . .
8 . . . . . . . .
Score: 11-26

Valid moves: b4  f5  g5  d6  e6  f6  b7  c7  
Depth: 1

Examined 9/9 game states in 0 s.

Opponent moves: f6

  a b c d e f g h
1 O O O O O O O O
2 O O O * O O O O
3 O @ O @ O @ O O
4 O * O O @ @ O O
5 O * O @ O * . O
6 O . @ * * O . .
7 . . . . . . . .
8 . . . . . . . .
Score: 7-31

Valid moves: d2  b4  b5  f5  d6  e6  
Depth: 1

Examined 7/7 game states in 0 s.

Player moves: d2

  a b c d e f g h
1 O O O O O O O O
2 O O O @ O O O O
3 O @ O @ @ @ O O
4 O * O O @ @ O O
5 O . O @ O * * O
6 O . @ * * O . .
7 . * * . . . . .
8 . . . . . . . .
Score: 9-30

Valid moves: b4  f5  g5  d6  e6  b7  c7  
Depth: 1

Examined 8/8 game states in 0 s.

Opponent moves: f5

  a b c d e f g h
1 O O O O O O O O
2 O O O @ O O O O
3 O @ O O @ O O O
4 O * O O O O O O
5 O * O @ O O * O
6 O * @ . * O . .
7 . . . . . . . .
8 . . . . . . . .
Score: 5-35

Valid moves: b4  b5  g5  b6  e6  
Depth: 1

Examined 6/6 game states in 0 s.

Player moves: b4

  a b c d e f g h
1 O O O O O O O O
2 O O O @ O O O O
3 O @ @ O @ O O O
4 O @ O O O O O O
5 O * O @ O O . O
6 O . @ * * O . .
7 . * * . . . . .
8 . . . . . . . .
Score: 7-34

Valid moves: b5  d6  e6  b7  c7  
Depth: 1

Examined 6/6 game states in 0 s.

Opponent moves: b5

  a b c d e f g h
1 O O O O O O O O
2 O O O @ O O O O
3 O O @ O @ O O O
4 O O O O O O O O
5 O O O @ O O * O
6 O * @ . * O . .
7 . . . . . . * .
8 . . . . . . . .
Score: 5-37

Valid moves: g5  b6  e6  g7  
Depth: 1

Examined 5/5 game states in 0 s.

Player moves: g5

  a b c d e f g h
1 O O O O O O O O
2 O O O @ O O O O
3 O O @ O @ O O O
4 O O O O O @ O O
5 O O O @ @ @ @ O
6 O . @ * * O * *
7 . * * * . . . .
8 . . . . . . . .
Score: 9-34

Valid moves: d6  e6  g6  h6  b7  c7  d7  
Depth: 1

Examined 8/8 game states in 0 s.

Opponent moves: h6

  a b c d e f g h
1 O O O O O O O O
2 O O O O O O O O
3 O O @ O O O O O
4 O O O O O O O O
5 O O O @ @ @ O O
6 O . @ . . O . O
7 . . . . . * * .
8 . . . . . . . .
Score: 5-39

Valid moves: f7  g7  
Depth: 1

Examined 3/3 game states in 0 s.

Player moves: g7

  a b c d e f g h
1 O O O O O O O O
2 O O O O O O O O
3 O O @ O O O O O
4 O O O O O O O O
5 O O O @ @ @ O O
6 O . @ * * @ * O
7 . * * * * * @ .
8 . . . . . * . *
Score: 7-38

Valid moves: d6  e6  g6  b7  c7  d7  e7  f7  f8  h8  
Depth: 1

Examined 11/11 game states in 0 s.

Opponent moves: h8

  a b c d e f g h
1 O O O O O O O O
2 O O O O O O O O
3 O O @ O O O O O
4 O O O O O O O O
5 O O O @ O @ O O
6 O . @ . . O . O
7 . . . . . * O .
8 . . . . . . . O
Score: 4-42

Valid moves: f7  
Depth: 1

Examined 2/2 game states in 0 s.

Player moves: f7

  a b c d e f g h
1 O O O O O O O O
2 O O O O O O O O
3 O O @ O O O O O
4 O O O O O O O O
5 O O O @ O @ O O
6 O . @ * * @ * O
7 . * * * * @ O .
8 . . . . . * . O
Score: 6-41

Valid moves: d6  e6  g6  b7  c7  d7  e7  f8  
Depth: 1

Examined 9/9 game states in 0 s.

Opponent moves: f8

  a b c d e f g h
1 O O O O O O O O
2 O O O O O O O O
3 O O @ O O O O O
4 O O O O O O O O
5 O O O @ O O O O
6 O . @ . . O . O
7 . . . . . O O .
8 . . . . . O . O
Score: 3-45

  a b c d e f g h
1 O O O O O O O O
2 O O O O O O O O
3 O O @ O O O O O
4 O O O O O O O O
5 O O O @ O O O O
6 O . @ * * O . O
7 . * * * . O O .
8 . . . . . O . O
Score: 3-45

Valid moves: d6  e6  b7  c7  d7  
Depth: 1

Examined 6/6 game states in 0 s.

Opponent moves: d6

  a b c d e f g h
1 O O O O O O O O
2 O O O O O O O O
3 O O @ O O O O O
4 O O O O O O O O
5 O O O O O O O O
6 O . @ O * O . O
7 . . . . . O O .
8 . . . . . O . O
Score: 2-47

Valid moves: e6  
Depth: 1

Examined 2/2 game states in 0 s.

Player moves: e6

  a b c d e f g h
1 O O O O O O O O
2 O O O O O O O O
3 O O @ O O O O O
4 O O O O O O O O
5 O O O O O O O O
6 O * @ @ @ O . O
7 . * * * * O O .
8 . . . . . O . O
Score: 4-46

Valid moves: b6  b7  c7  d7  e7  
Depth: 1

Examined 6/6 game states in 0 s.

Opponent moves: b6

  a b c d e f g h
1 O O O O O O O O
2 O O O O O O O O
3 O O @ O O O O O
4 O O O O O O O O
5 O O O O O O O O
6 O O O O O O . O
7 . . * . . O O .
8 . . . . . O . O
Score: 1-50

Valid moves: c7  
Depth: 1

Examined 2/2 game states in 0 s.

Player moves: c7

  a b c d e f g h
1 O O O O O O O O
2 O O O O O O O O
3 O O @ O O O O O
4 O O @ O O O O O
5 O O @ O O O O O
6 O O @ O O O . O
7 . * @ * . O O .
8 . * * * . O . O
Score: 5-47

Valid moves: b7  d7  b8  c8  d8  
Depth: 1

Examined 6/6 game states in 0 s.

Opponent moves: c8

  a b c d e f g h
1 O O O O O O O O
2 O O O O O O O O
3 O O O O O O O O
4 O O O O O O O O
5 O O O O O O O O
6 O O O O O O . O
7 . . O . . O O .
8 . . O . . O . O
Score: 0-53

Score: 0-53
YOU LOSE. PLAY AGAIN

FINAL SCORE: 0-53
Game over.

Game took 1.031 s.
