OTHELLO
Settings: 
  Play mode:    	automatic
  Player color: 	white(O)
  Clear screen: 	Yes
  Verbosity:    	0
  AI max depth: 	2 (fixed)
  AI timeout:   	30 seconds.
Enter moves in form xy (no space).

  a b c d e f g h
1 . . . . . . . .
2 . . . . . . . .
3 . . . * . . . .
4 . . * @ O . . .
5 . . . O @ * . .
6 . . . . * . . .
7 . . . . . . . .
8 . . . . . . . .
Score: 2-2

Valid moves: d3  c4  f5  e6  
Depth: 2

Examined 15/17 game states in 0 s.

Opponent moves: d3

  a b c d e f g h
1 . . . . . . . .
2 . . . . . . . .
3 . . * O * . . .
4 . . . O O . . .
5 . . * O @ . . .
6 . . . . . . . .
7 . . . . . . . .
8 . . . . . . . .
Score: 1-4

Valid moves: c3  e3  c5  
Depth: 2

Examined 12/18 game states in 0 s.

  a b c d e f g h
1 . . . . . . . .
2 . . . . . . . .
3 . * @ O . . . .
4 . . * @ O . . .
5 . . . O @ * . .
6 . . . . * . . .
7 . . . . . . . .
8 . . . . . . . .
Score: 3-3

Valid moves: b3  c4  f5  e6  
Depth: 2

Examined 17/23 game states in 0 s.

Opponent moves: c4

  a b c d e f g h
1 . . . . . . . .
2 . . . . . . . .
3 . . @ O * . . .
4 . . O O O . . .
5 . . * O @ . . .
6 . . . . . . . .
7 . . . . . . . .
8 . . . . . . . .
Score: 2-5

Valid moves: e3  c5  
Depth: 2

Examined 18/21 game states in 0 s.

  a b c d e f g h
1 . . . . . . . .
2 . * * * * * . .
3 . . @ @ @ * . .
4 . . O O @ * . .
5 . . . O @ * . .
6 . . . . . * . .
7 . . . . . . . .
8 . . . . . . . .
Score: 5-3

Valid moves: b2  c2  d2  e2  f2  f3  f4  f5  f6  
Depth: 2

Examined 47/69 game states in 0.015 s.

Opponent moves: f4

  a b c d e f g h
1 . . . . . . . .
2 . . . . . . . .
3 . . @ @ @ . * .
4 . . O O O O . .
5 . * * O @ * * .
6 . . . * . . . .
7 . . . . . . . .
8 . . . . . . . .
Score: 4-5

Valid moves: g3  b5  c5  f5  g5  d6  
Depth: 2

Examined 35/58 game states in 0 s.

  a b c d e f g h
1 . . . . . . . .
2 . * * * * * . .
3 . . @ @ @ . @ .
4 . . O O O @ * .
5 . . . O @ * . .
6 . . . . * * . .
7 . . . . . . . .
8 . . . . . . . .
Score: 6-4

Valid moves: b2  c2  d2  e2  f2  g4  f5  e6  f6  
Depth: 2

Examined 45/65 game states in 0 s.

Opponent moves: f6

  a b c d e f g h
1 . . . . . . . .
2 . . . . . . . .
3 . . @ @ @ . @ .
4 . * O O O @ . .
5 . * * O O * . .
6 . . . * * O . .
7 . . . . . . * .
8 . . . . . . . .
Score: 5-6

Valid moves: b4  b5  c5  f5  d6  e6  g7  
Depth: 2

Examined 32/63 game states in 0 s.

  a b c d e f g h
1 . . . . . . . .
2 . * * * * . . *
3 . * @ @ @ . @ .
4 . * @ @ O @ * .
5 . * @ O O . . .
6 . . . . . O . .
7 . . . . . . . .
8 . . . . . . . .
Score: 8-4

Valid moves: b2  c2  d2  e2  h2  b3  b4  g4  b5  
Depth: 2

Examined 23/71 game states in 0 s.

Opponent moves: b2

  a b c d e f g h
1 . . . . . . . .
2 . O * . . . . .
3 . * O @ @ . @ .
4 . . @ O O @ . .
5 . . @ O O * . .
6 . . . * * O . .
7 . . . . . . . .
8 . . . . . . . .
Score: 6-7

Valid moves: c2  b3  f5  d6  e6  
Depth: 2

Examined 27/49 game states in 0 s.

  a b c d e f g h
1 . * . . . . . .
2 . O @ * * * . *
3 . * @ @ @ . @ .
4 . * @ O O @ * .
5 . * @ O O . . .
6 . * . . . O . .
7 . . . . . . . .
8 . . . . . . . .
Score: 8-6

Valid moves: b1  d2  e2  f2  h2  b3  b4  g4  b5  b6  
Depth: 2

Examined 36/99 game states in 0 s.

Opponent moves: b3

  a b c d e f g h
1 * . . . . . . .
2 * O @ . . . . .
3 * O @ @ @ . @ .
4 * * O O O @ . .
5 . * @ O O * . .
6 . . . * * O . .
7 . . . . . . * .
8 . . . . . . . .
Score: 7-8

Valid moves: a1  a2  a3  a4  b4  b5  f5  d6  e6  g7  
Depth: 2

Examined 33/122 game states in 0 s.

  a b c d e f g h
1 @ * * * . . . .
2 . @ @ * * * . *
3 . O @ @ @ * @ .
4 . . O O O @ * .
5 . * @ O O . . .
6 . * * . . O . .
7 . . . . . . . .
8 . . . . . . . .
Score: 9-7

Valid moves: b1  c1  d1  d2  e2  f2  h2  f3  g4  b5  b6  c6  
Depth: 2

Examined 43/125 game states in 0.015 s.

Opponent moves: c1

  a b c d e f g h
1 @ * O . . . . .
2 . @ O * . . . .
3 * O O @ @ . @ .
4 . * O O O @ . .
5 . * @ O O * . .
6 . . . * * O . .
7 . . . . . . * .
8 . . . . . . . .
Score: 7-10

Valid moves: b1  d2  a3  b4  b5  f5  d6  e6  g7  
Depth: 2

Examined 39/114 game states in 0 s.

  a b c d e f g h
1 @ . O . . . . .
2 * @ O * * * . *
3 @ @ @ @ @ . @ .
4 * . O O O @ * .
5 . * @ O O . . .
6 . * * . . O . .
7 . . . . . . . .
8 . . . . . . . .
Score: 10-8

Valid moves: a2  d2  e2  f2  h2  a4  g4  b5  b6  c6  
Depth: 2

Examined 31/107 game states in 0.016 s.

Opponent moves: a2

  a b c d e f g h
1 @ * O . . . . .
2 O O O . . . . .
3 @ O @ @ @ . @ .
4 . * O O O @ . .
5 . * @ O O * . .
6 . . . * * O . .
7 . . . . . . * .
8 . . . . . . . .
Score: 8-11

Valid moves: b1  b4  b5  f5  d6  e6  g7  
Depth: 2

Examined 47/77 game states in 0 s.

  a b c d e f g h
1 @ @ O * . . . .
2 O O @ * * * . *
3 @ O @ @ @ * @ .
4 * . O O O @ * .
5 . * @ O O . . .
6 . * * . . O . .
7 . . . . . . . .
8 . . . . . . . .
Score: 10-10

Valid moves: d1  d2  e2  f2  h2  f3  a4  g4  b5  b6  c6  
Depth: 2

Examined 49/110 game states in 0 s.

Opponent moves: a4

  a b c d e f g h
1 @ @ O * . . . .
2 O O @ . . . . .
3 O O @ @ @ . @ .
4 O * O O O @ . .
5 * * @ O O * . .
6 . . . * * O . .
7 . . . . . . * .
8 . . . . . . . .
Score: 9-12

Valid moves: d1  b4  a5  b5  f5  d6  e6  g7  
Depth: 2

Examined 34/87 game states in 0 s.

  a b c d e f g h
1 @ @ O * . . . .
2 @ O @ * * * . *
3 @ O @ @ @ * @ .
4 @ . O O O @ * .
5 @ * @ O O . . .
6 . * * . . O . .
7 . . . . . . . .
8 . . . . . . . .
Score: 13-9

Valid moves: d1  d2  e2  f2  h2  f3  g4  b5  b6  c6  
Depth: 2

Examined 35/99 game states in 0 s.

Opponent moves: d2

  a b c d e f g h
1 @ @ O * * . . .
2 @ O O O * . . .
3 @ O @ O @ . @ .
4 @ * O O O @ . .
5 @ . @ O O * . .
6 . . . * * O . .
7 . . . . . . * .
8 . . . . . . . .
Score: 11-12

Valid moves: d1  e1  e2  b4  f5  d6  e6  g7  
Depth: 2

Examined 26/90 game states in 0.016 s.

  a b c d e f g h
1 @ @ @ @ . . . .
2 @ O @ O * * . *
3 @ @ @ O @ * @ .
4 @ * O O O @ * .
5 @ * @ O O . * .
6 . * * . . O . .
7 . . . . . . . .
8 . . . . . . . .
Score: 15-9

Valid moves: e2  f2  h2  f3  b4  g4  b5  g5  b6  c6  
Depth: 2

Examined 36/94 game states in 0 s.

Opponent moves: f2

  a b c d e f g h
1 @ @ @ @ * . * .
2 @ O @ O * O . .
3 @ @ @ O O * @ .
4 @ * O O O @ . .
5 @ . @ O O * . .
6 . . . * * O . .
7 . . . . . . * .
8 . . . . . . . .
Score: 14-11

Valid moves: e1  g1  e2  f3  b4  f5  d6  e6  g7  
Depth: 2

Examined 40/93 game states in 0 s.

  a b c d e f g h
1 @ @ @ @ @ . * .
2 @ O @ @ * @ . *
3 @ @ @ O O . @ .
4 @ * O O O @ * .
5 @ * @ O O . * .
6 . * * . . O . .
7 . . . . . . . .
8 . . . . . . . .
Score: 17-9

Valid moves: g1  e2  h2  b4  g4  b5  g5  b6  c6  
Depth: 2

Examined 31/72 game states in 0 s.

Opponent moves: c6

  a b c d e f g h
1 @ @ @ @ @ . . .
2 @ O @ @ . @ . .
3 @ @ @ O O * @ .
4 @ * O O O @ . .
5 @ . O O O * . .
6 . * O * * O . .
7 . . * . . . * .
8 . . . . . . . .
Score: 16-11

Valid moves: f3  b4  f5  b6  d6  e6  c7  g7  
Depth: 2

Examined 23/70 game states in 0 s.

  a b c d e f g h
1 @ @ @ @ @ . * .
2 @ O @ @ * @ * *
3 @ @ @ @ @ @ @ .
4 @ * O O O @ * .
5 @ . O O O . . .
6 . . O . . O . .
7 . . . . . . . .
8 . . . . . . . .
Score: 19-9

Valid moves: g1  e2  g2  h2  b4  g4  
Depth: 2

Examined 32/63 game states in 0.016 s.

Opponent moves: e2

  a b c d e f g h
1 @ @ @ @ @ . . .
2 @ O O O O @ . .
3 @ @ @ O O @ @ .
4 @ * O O O @ . .
5 @ . O O O * . .
6 . * O * * O . .
7 . * * . . . * .
8 . . . . . . . .
Score: 15-14

Valid moves: b4  f5  b6  d6  e6  b7  c7  g7  
Depth: 2

Examined 40/83 game states in 0 s.

  a b c d e f g h
1 @ @ @ @ @ . * .
2 @ O O O O @ * *
3 @ @ @ O O @ @ *
4 @ @ @ @ @ @ * .
5 @ * O O O * * .
6 . . O . . O . .
7 . . . . . . . .
8 . . . . . . . .
Score: 19-11

Valid moves: g1  g2  h2  h3  g4  b5  f5  g5  
Depth: 2

Examined 34/88 game states in 0 s.

Opponent moves: h3

  a b c d e f g h
1 @ @ @ @ @ * . .
2 @ O O O O @ * *
3 @ @ @ O O O O O
4 @ @ @ @ @ @ * *
5 @ . O O O . . .
6 . * O * * O . .
7 . * * . . . * .
8 . . . . . . . .
Score: 17-14

Valid moves: f1  g2  h2  g4  h4  b6  d6  e6  b7  c7  g7  
Depth: 2

Examined 27/99 game states in 0.016 s.

  a b c d e f g h
1 @ @ @ @ @ @ * .
2 @ O O O @ @ * .
3 @ @ @ @ O O O O
4 @ @ @ @ @ @ . .
5 @ * O O O * * .
6 . . O . . O . .
7 . . . . . . . .
8 . . . . . . . .
Score: 20-12

Valid moves: g1  g2  b5  f5  g5  
Depth: 2

Examined 45/62 game states in 0 s.

Opponent moves: f5

  a b c d e f g h
1 @ @ @ @ @ @ . .
2 @ O O O @ @ . .
3 @ @ @ O O O O O
4 @ @ @ @ O O * *
5 @ . O O O O * .
6 . * O * * O * .
7 . . * . . * * .
8 . . . . . . . .
Score: 17-16

Valid moves: g4  h4  g5  b6  d6  e6  g6  c7  f7  g7  
Depth: 2

Examined 28/68 game states in 0 s.

  a b c d e f g h
1 @ @ @ @ @ @ * .
2 @ O O O @ @ * .
3 @ @ @ O O @ O O
4 @ @ @ @ @ @ @ .
5 @ * O O O O * .
6 . . O . . O . .
7 . . . . . . . .
8 . . . . . . . .
Score: 21-13

Valid moves: g1  g2  b5  g5  
Depth: 2

Examined 52/52 game states in 0 s.

Opponent moves: g5

  a b c d e f g h
1 @ @ @ @ @ @ . .
2 @ O O O @ @ . .
3 @ @ @ O O @ O O
4 @ @ @ @ @ O O *
5 @ . O O O O O *
6 . * O * * O * *
7 . * * . . * * .
8 . . . . . . . .
Score: 19-16

Valid moves: h4  h5  b6  d6  e6  g6  h6  b7  c7  f7  g7  
Depth: 2

Examined 45/78 game states in 0 s.

  a b c d e f g h
1 @ @ @ @ @ @ * .
2 @ O O @ @ @ * .
3 @ @ @ O @ @ O O
4 @ @ @ @ @ @ O *
5 @ * O O O O @ *
6 . . O . . O * @
7 . . . . . . . .
8 . . . . . . . .
Score: 24-12

Valid moves: g1  g2  h4  b5  h5  g6  
Depth: 2

Examined 51/80 game states in 0.016 s.

Opponent moves: h4

  a b c d e f g h
1 @ @ @ @ @ @ . .
2 @ O O @ @ @ . *
3 @ @ @ O @ @ O O
4 @ @ @ @ @ @ O O
5 @ . O O O O O *
6 . * O * * O * @
7 . * * . . * * .
8 . . . . . . . .
Score: 23-14

Valid moves: h2  h5  b6  d6  e6  g6  b7  c7  f7  g7  
Depth: 2

Examined 36/61 game states in 0 s.

  a b c d e f g h
1 @ @ @ @ @ @ . .
2 @ O O @ @ @ * .
3 @ @ @ O @ @ O O
4 @ @ @ @ @ @ O O
5 @ * @ @ @ O O .
6 . . O @ * O . @
7 . . * * . . . .
8 . . . . . . . .
Score: 27-11

Valid moves: g2  b5  e6  c7  d7  
Depth: 2

Examined 38/54 game states in 0 s.

Opponent moves: e6

  a b c d e f g h
1 @ @ @ @ @ @ . .
2 @ O O @ @ @ . *
3 @ @ @ O @ @ O O
4 @ @ @ @ @ @ O O
5 @ . @ @ @ O O *
6 . . O O O O * @
7 . * * * * * * .
8 . . . . . . . .
Score: 26-13

Valid moves: h2  h5  g6  b7  c7  d7  e7  f7  g7  
Depth: 2

Examined 33/54 game states in 0 s.

  a b c d e f g h
1 @ @ @ @ @ @ . .
2 @ O O @ @ @ * .
3 @ @ @ O @ @ O O
4 @ @ @ @ @ @ O O
5 @ * @ @ @ @ O .
6 . . O O O O @ @
7 . . . . . . * *
8 . . . . . . . .
Score: 28-12

Valid moves: g2  b5  g7  h7  
Depth: 2

Examined 46/46 game states in 0 s.

Opponent moves: b5

  a b c d e f g h
1 @ @ @ @ @ @ . .
2 @ O O @ @ @ * *
3 @ O @ O @ @ O O
4 @ O O @ @ @ O O
5 @ O O O O O O *
6 * * O O O O @ @
7 . * * * * * * .
8 . . . . . . . .
Score: 21-20

Valid moves: g2  h2  h5  a6  b6  b7  c7  d7  e7  f7  g7  
Depth: 2

Examined 42/87 game states in 0 s.

  a b c d e f g h
1 @ @ @ @ @ @ * .
2 @ O O @ @ @ * .
3 @ O @ @ @ @ O O
4 @ O @ @ @ @ O O
5 @ @ O O O O O .
6 @ * O O O O @ @
7 . . . . . . * *
8 . . . . . . . .
Score: 25-17

Valid moves: g1  g2  b6  g7  h7  
Depth: 2

Examined 40/57 game states in 0 s.

Opponent moves: b6

  a b c d e f g h
1 @ @ @ @ @ @ . .
2 @ O O @ @ @ * *
3 @ O @ @ @ @ O O
4 @ O @ @ @ @ O O
5 @ O O O O O O *
6 @ O O O O O @ @
7 * * * * * * * .
8 . . . . . . . .
Score: 24-19

Valid moves: g2  h2  h5  a7  b7  c7  d7  e7  f7  g7  
Depth: 2

Examined 32/72 game states in 0.016 s.

  a b c d e f g h
1 @ @ @ @ @ @ . .
2 @ O O @ @ @ * .
3 @ O @ @ @ @ O O
4 @ O @ @ @ @ O O
5 @ O @ O O O O .
6 @ @ O O O O @ @
7 @ * . . . . * *
8 . . . . . . . .
Score: 27-17

Valid moves: g2  b7  g7  h7  
Depth: 2

Examined 41/43 game states in 0 s.

Opponent moves: g2

  a b c d e f g h
1 @ @ @ @ @ @ * .
2 @ O O O O O O *
3 @ O @ @ @ O O O
4 @ O @ @ O @ O O
5 @ O @ O O O O *
6 @ @ O O O O @ @
7 @ . * * * * * .
8 . . . . . . . .
Score: 22-23

Valid moves: g1  h2  h5  c7  d7  e7  f7  g7  
Depth: 2

Examined 52/58 game states in 0 s.

  a b c d e f g h
1 @ @ @ @ @ @ . .
2 @ O O O @ O O .
3 @ O @ @ @ @ O O
4 @ O @ @ O @ @ O
5 @ O @ @ @ @ @ @
6 @ @ O O O O @ @
7 @ * . . . . * *
8 . . . . . . . .
Score: 30-16

Valid moves: b7  g7  h7  
Depth: 2

Examined 35/35 game states in 0 s.

Opponent moves: h7

  a b c d e f g h
1 @ @ @ @ @ @ * *
2 @ O O O @ O O *
3 @ O @ @ @ @ O O
4 @ O @ @ O @ @ O
5 @ O @ @ @ O @ O
6 @ @ O O O O O O
7 @ * * * * * * O
8 . . . . . . . .
Score: 26-21

Valid moves: g1  h1  h2  b7  c7  d7  e7  f7  g7  
Depth: 2

Examined 27/55 game states in 0 s.

  a b c d e f g h
1 @ @ @ @ @ @ * @
2 @ O O O @ O @ *
3 @ O @ @ @ @ O O
4 @ O @ @ O @ @ O
5 @ O @ @ @ O @ O
6 @ @ O O O O O O
7 @ * . . . . . O
8 . . . . . . . .
Score: 28-20

Valid moves: g1  h2  b7  
Depth: 2

Examined 20/29 game states in 0 s.

Opponent moves: g1

  a b c d e f g h
1 @ @ @ @ @ @ O @
2 @ O O O @ O O *
3 @ O @ @ @ @ O O
4 @ O @ @ O @ @ O
5 @ O @ @ @ O @ O
6 @ @ O O O O O O
7 @ * * * * * * O
8 . . . . . . . .
Score: 27-22

Valid moves: h2  b7  c7  d7  e7  f7  g7  
Depth: 2

Examined 18/45 game states in 0 s.

  a b c d e f g h
1 @ @ @ @ @ @ O @
2 @ O O O @ @ @ @
3 @ O @ @ @ @ @ O
4 @ O @ @ O @ @ O
5 @ O @ @ @ O @ O
6 @ @ O O O O O O
7 @ * . . . . . O
8 . . . . . . . .
Score: 31-19

Valid moves: b7  
Depth: 2

Examined 11/11 game states in 0 s.

Opponent moves: b7

  a b c d e f g h
1 @ @ @ @ @ @ O @
2 @ O O O @ @ @ @
3 @ O @ @ @ @ @ O
4 @ O @ @ O @ @ O
5 @ O @ @ @ O @ O
6 @ O O O O O O O
7 @ O * * * * * O
8 * * * . . . . *
Score: 30-21

Valid moves: c7  d7  e7  f7  g7  a8  b8  c8  h8  
Depth: 2

Examined 37/43 game states in 0 s.

  a b c d e f g h
1 @ @ @ @ @ @ O @
2 @ O O O @ @ @ @
3 @ O @ @ @ @ @ @
4 @ O @ @ O @ @ @
5 @ O @ @ @ O @ @
6 @ O O O O O O @
7 @ O . . . . . @
8 . . . . . . . @
Score: 36-16

  a b c d e f g h
1 @ @ @ @ @ @ O @
2 @ O O O @ @ @ @
3 @ O @ @ @ @ @ @
4 @ O @ @ O @ @ @
5 @ O @ @ @ O @ @
6 @ O O O O O O @
7 @ O * * * * * @
8 * * * . . . . @
Score: 36-16

Valid moves: c7  d7  e7  f7  g7  a8  b8  c8  
Depth: 2

Examined 32/34 game states in 0 s.

  a b c d e f g h
1 @ @ @ @ @ @ O @
2 @ O O O @ @ @ @
3 @ O @ @ @ @ @ @
4 @ O @ @ O @ @ @
5 @ O @ @ @ O @ @
6 @ O @ O O O O @
7 @ @ * * . . . @
8 @ * . . . . . @
Score: 39-14

Valid moves: c7  d7  b8  
Depth: 2

Examined 24/24 game states in 0 s.

Opponent moves: d7

  a b c d e f g h
1 @ @ @ @ @ @ O @
2 @ O O O @ @ @ @
3 @ O @ @ @ @ @ @
4 @ O @ @ O @ @ @
5 @ O @ @ @ O @ @
6 @ O O O O O O @
7 @ @ * O * * * @
8 @ . * * * . . @
Score: 38-16

Valid moves: c7  e7  f7  g7  c8  d8  e8  
Depth: 2

Examined 34/36 game states in 0 s.

  a b c d e f g h
1 @ @ @ @ @ @ O @
2 @ O O O @ @ @ @
3 @ O @ @ @ @ @ @
4 @ O @ @ O @ @ @
5 @ O @ @ @ @ @ @
6 @ O O O @ O O @
7 @ @ . @ * * . @
8 @ * @ * * . . @
Score: 42-13

Valid moves: e7  f7  b8  d8  e8  
Depth: 2

Examined 31/32 game states in 0 s.

Opponent moves: b8

  a b c d e f g h
1 @ @ @ @ @ @ O @
2 @ O O O @ @ @ @
3 @ O @ @ @ @ @ @
4 @ O @ @ O @ @ @
5 @ O @ @ @ @ @ @
6 @ O O O @ O O @
7 @ O * @ * * * @
8 @ O @ . . . . @
Score: 41-15

Valid moves: c7  e7  f7  g7  
Depth: 2

Examined 18/24 game states in 0 s.

  a b c d e f g h
1 @ @ @ @ @ @ O @
2 @ O O O @ @ @ @
3 @ O @ @ @ @ @ @
4 @ O @ @ O @ @ @
5 @ O @ @ @ @ @ @
6 @ @ @ @ @ O O @
7 @ @ @ @ * * . @
8 @ O @ * * . . @
Score: 46-11

Valid moves: e7  f7  d8  e8  
Depth: 2

Examined 22/23 game states in 0 s.

Opponent moves: e8

  a b c d e f g h
1 @ @ @ @ @ @ O @
2 @ O O O @ @ @ @
3 @ O @ @ @ @ @ @
4 @ O @ @ O @ @ @
5 @ O @ @ @ @ @ @
6 @ @ O @ @ O O @
7 @ @ @ O * * * @
8 @ O @ * O . . @
Score: 44-14

Valid moves: e7  f7  g7  d8  
Depth: 2

Examined 17/19 game states in 0 s.

  a b c d e f g h
1 @ @ @ @ @ @ O @
2 @ O O O @ @ @ @
3 @ O @ @ @ @ @ @
4 @ O @ @ O @ @ @
5 @ O @ @ @ @ @ @
6 @ @ O @ @ O O @
7 @ @ @ @ * * . @
8 @ O @ @ O . . @
Score: 46-13

Valid moves: e7  f7  
Depth: 2

Examined 9/10 game states in 0 s.

Opponent moves: e7

  a b c d e f g h
1 @ @ @ @ @ @ O @
2 @ O O O @ @ @ @
3 @ O @ @ @ @ @ @
4 @ O @ @ O @ @ @
5 @ O O @ O @ @ @
6 @ @ O O O O O @
7 @ @ @ @ O * * @
8 @ O @ @ O * . @
Score: 42-18

Valid moves: f7  g7  f8  
Depth: 2

Examined 9/9 game states in 0 s.

  a b c d e f g h
1 @ @ @ @ @ @ O @
2 @ O O O @ @ @ @
3 @ O @ @ @ @ @ @
4 @ O @ @ O @ @ @
5 @ O O @ @ @ @ @
6 @ @ O O O @ @ @
7 @ @ @ @ O . @ @
8 @ O @ @ O . * @
Score: 46-15

Valid moves: g8  
Depth: 2

Examined 4/4 game states in 0 s.

Opponent moves: g8

  a b c d e f g h
1 @ @ @ @ @ @ O @
2 @ O O O @ @ O @
3 @ O @ @ @ @ O @
4 @ O @ @ O @ O @
5 @ O O @ @ @ O @
6 @ @ O O O @ O @
7 @ @ @ @ O * O @
8 @ O @ @ O * O @
Score: 40-22

Valid moves: f7  f8  
Depth: 2

Examined 5/5 game states in 0 s.

  a b c d e f g h
1 @ @ @ @ @ @ O @
2 @ O O O @ @ O @
3 @ O @ @ @ @ O @
4 @ @ @ @ O @ O @
5 @ O @ @ @ @ O @
6 @ @ O @ O @ O @
7 @ @ @ @ @ . @ @
8 @ O @ @ @ @ @ @
Score: 48-15

  a b c d e f g h
1 @ @ @ @ @ @ O @
2 @ O O O @ @ O @
3 @ O @ @ @ @ O @
4 @ @ @ @ O @ O @
5 @ O @ @ @ @ O @
6 @ @ O @ O @ O @
7 @ @ @ @ @ * @ @
8 @ O @ @ @ @ @ @
Score: 48-15

Valid moves: f7  
Depth: 2

Examined 3/3 game states in 0 s.

  a b c d e f g h
1 @ @ @ @ @ @ O @
2 @ O O O @ @ O @
3 @ O @ @ @ @ O @
4 @ @ @ @ O @ O @
5 @ O @ @ @ @ O @
6 @ @ O @ @ @ @ @
7 @ @ @ @ @ @ @ @
8 @ O @ @ @ @ @ @
Score: 51-13
YOU WIN. EXCELLENT.
Game over.

Game took 1.296 s.
