OTHELLO
Settings: 
  Play mode:    	automatic
  Player first: 	Yes
  Clear screen: 	Yes
  Verbosity:    	0
  AI max depth: 	3 (fixed)
  AI timeout:   	30 seconds.
  AI time mode: 	Depth-limited
Enter moves in form xy (no space).

  a b c d e f g h
1 . . . . . . . .
2 . . . . . . . .
3 . . . . * . . .
4 . . . @ O * . .
5 . . * O @ . . .
6 . . . * . . . .
7 . . . . . . . .
8 . . . . . . . .
Score: 2-2

Valid moves: e3  f4  c5  d6  
Depth: 3

Examined 33/46 game states in 0 s.

Player moves: e3

  a b c d e f g h
1 . . . . . . . .
2 . . . . . . . .
3 . . . * @ * . .
4 . . . @ @ . . .
5 . . . O @ * . .
6 . . . . . . . .
7 . . . . . . . .
8 . . . . . . . .
Score: 4-1

Valid moves: d3  f3  f5  
Depth: 3

Examined 35/50 game states in 0 s.

Opponent moves: d3

  a b c d e f g h
1 . . . . . . . .
2 . . * . . . . .
3 . . * O @ . . .
4 . . * O @ . . .
5 . . * O @ . . .
6 . . * . . . . .
7 . . . . . . . .
8 . . . . . . . .
Score: 3-3

Valid moves: c2  c3  c4  c5  c6  
Depth: 3

Examined 89/109 game states in 0 s.

Player moves: c3

  a b c d e f g h
1 . . . . . . . .
2 . . . * . . . .
3 . . @ @ @ * . .
4 . . . @ @ . . .
5 . . . O @ * . .
6 . . . . . . . .
7 . . . . . . . .
8 . . . . . . . .
Score: 6-1

Valid moves: d2  f3  f5  
Depth: 3

Examined 49/93 game states in 0 s.

Opponent moves: f3

  a b c d e f g h
1 . . . . . . . .
2 . . . . . . . .
3 . . @ @ @ O * .
4 . . . @ O * . .
5 . . * O @ * . .
6 . . . * . . . .
7 . . . . . . . .
8 . . . . . . . .
Score: 5-3

Valid moves: g3  f4  c5  f5  d6  
Depth: 3

Examined 106/143 game states in 0 s.

Player moves: g3

  a b c d e f g h
1 . . . . . . . .
2 . . * * * . * .
3 . . @ @ @ @ @ .
4 . . * @ O . . .
5 . . . O @ * . .
6 . . . . * . . .
7 . . . . . . . .
8 . . . . . . . .
Score: 7-2

Valid moves: c2  d2  e2  g2  c4  f5  e6  
Depth: 3

Examined 136/199 game states in 0.015 s.

Opponent moves: g2

  a b c d e f g h
1 . . . . . . * .
2 . . . . . . O .
3 . . @ @ @ O @ .
4 . . . @ O * . .
5 . . * O @ * . .
6 . . . * . . . .
7 . . . . . . . .
8 . . . . . . . .
Score: 6-4

Valid moves: g1  f4  c5  f5  d6  
Depth: 3

Examined 135/207 game states in 0 s.

Player moves: f4

  a b c d e f g h
1 . . . . . . . .
2 . . . * . . O .
3 . * @ @ @ O @ *
4 . . . @ @ @ * .
5 . . . O @ * . .
6 . . . . . . . .
7 . . . . . . . .
8 . . . . . . . .
Score: 8-3

Valid moves: d2  b3  h3  g4  f5  
Depth: 3

Examined 119/258 game states in 0.016 s.

Opponent moves: h3

  a b c d e f g h
1 . . . . . . . *
2 . . . . . * O *
3 . . @ @ @ O O O
4 . . . @ @ @ . .
5 . . * O @ . . .
6 . . * * . . . .
7 . . . . . . . .
8 . . . . . . . .
Score: 7-5

Valid moves: h1  f2  h2  c5  c6  d6  
Depth: 3

Examined 102/188 game states in 0 s.

Player moves: c6

  a b c d e f g h
1 . . . . . . . .
2 . . . . . . O .
3 . * @ @ @ O O O
4 . . . @ @ @ . .
5 . . . @ @ * . .
6 . . @ * . . . .
7 . * . . . . . .
8 . . . . . . . .
Score: 9-4

Valid moves: b3  f5  d6  b7  
Depth: 3

Examined 85/161 game states in 0.016 s.

Opponent moves: b7

  a b c d e f g h
1 . . . . . . . .
2 . . . . . * O *
3 . . @ @ @ O O O
4 . . . @ O @ . .
5 . . * O @ * . .
6 . . O * . . . .
7 . O . . . . . .
8 . . . . . . . .
Score: 6-8

Valid moves: f2  h2  c5  f5  d6  
Depth: 3

Examined 153/276 game states in 0 s.

Player moves: c5

  a b c d e f g h
1 . . . . . . . .
2 . . * . * . O .
3 . * @ @ @ O O O
4 . . * @ O @ * .
5 . . @ @ @ * . .
6 . . O * * . . .
7 . O . . . . . .
8 . . . . . . . .
Score: 8-7

Valid moves: c2  e2  b3  c4  g4  f5  d6  e6  
Depth: 3

Examined 137/258 game states in 0.016 s.

Opponent moves: e2

  a b c d e f g h
1 . . . . * * . *
2 . . . * O * O *
3 . . @ @ O O O O
4 . . . @ O @ . .
5 . . @ @ @ * . .
6 . . O . . . . .
7 . O * . . . . .
8 * . . . . . . .
Score: 7-9

Valid moves: e1  f1  h1  d2  f2  h2  f5  c7  a8  
Depth: 3

Examined 123/198 game states in 0 s.

Player moves: e1

  a b c d e f g h
1 . . . * @ . . .
2 . . . . @ . O .
3 . * @ @ @ O O O
4 . . * @ @ @ . .
5 . . @ @ @ * . .
6 . . O * . . . .
7 . O . . . . . .
8 . . . . . . . .
Score: 11-6

Valid moves: d1  b3  c4  f5  d6  
Depth: 3

Examined 64/129 game states in 0 s.

Opponent moves: d1

  a b c d e f g h
1 . . * O @ * . *
2 . . . . O * O *
3 . . @ @ @ O O O
4 . . . @ @ @ . .
5 . . @ @ @ . . .
6 . . O . . . . .
7 . O * . . . . .
8 * . . . . . . .
Score: 10-8

Valid moves: c1  f1  h1  f2  h2  c7  a8  
Depth: 3

Examined 75/133 game states in 0 s.

Player moves: c1

  a b c d e f g h
1 . . @ @ @ . . .
2 . . . . O . O .
3 . * @ @ @ O O O
4 . . * @ @ @ . .
5 . . @ @ @ * . .
6 . . O * * . . .
7 . O . . . . . .
8 . . . . . . . .
Score: 12-7

Valid moves: b3  c4  f5  d6  e6  
Depth: 3

Examined 122/267 game states in 0.016 s.

Opponent moves: c4

  a b c d e f g h
1 . . @ @ @ . . *
2 . . * * O * O *
3 . * @ O @ O O O
4 . * O @ @ @ * .
5 . * O @ @ . . .
6 . * O . . . . .
7 . O * . . . . .
8 * . . . . . . .
Score: 10-10

Valid moves: h1  c2  d2  f2  h2  b3  b4  g4  b5  b6  c7  a8  
Depth: 3

Examined 237/365 game states in 0 s.

Player moves: h1

  a b c d e f g h
1 . . @ @ @ * * @
2 . . * . O * @ .
3 . * @ O @ @ O O
4 . . O @ @ @ * .
5 . . O @ @ * . .
6 . . O * * . . .
7 . O . . . . . .
8 . . . . . . . .
Score: 13-8

Valid moves: f1  g1  c2  f2  b3  g4  f5  d6  e6  
Depth: 3

Examined 184/473 game states in 0 s.

Opponent moves: d6

  a b c d e f g h
1 . . @ @ @ . . @
2 . . * . O . @ .
3 . . @ O @ @ O O
4 . * O O @ O * .
5 . . O O O * * .
6 . * O O * * . .
7 . O * . . . . .
8 * . . . . . . .
Score: 9-13

Valid moves: c2  b4  g4  f5  g5  b6  e6  f6  c7  a8  
Depth: 3

Examined 394/830 game states in 0.016 s.

Player moves: c7

  a b c d e f g h
1 . . @ @ @ * * @
2 . * . * O * @ .
3 . * @ O @ @ O O
4 . * @ O @ O * .
5 . * @ O O * . .
6 . * @ O . . . .
7 . O @ * . . . .
8 . * . . . . . .
Score: 13-10

Valid moves: f1  g1  b2  d2  f2  b3  b4  g4  b5  f5  b6  d7  b8  
Depth: 3

Examined 326/1000 game states in 0.016 s.

Opponent moves: b5

  a b c d e f g h
1 . . @ @ @ . . @
2 . . * . O . @ *
3 . . @ O @ @ O O
4 * * O O @ O * .
5 . O O O O * * .
6 . * @ O * * . .
7 * O @ . . . . .
8 * . . . . . . .
Score: 11-13

Valid moves: c2  h2  a4  b4  g4  f5  g5  b6  e6  f6  a7  a8  
Depth: 3

Examined 273/554 game states in 0 s.

Player moves: h2

  a b c d e f g h
1 . . @ @ @ * . @
2 . * * . O * @ @
3 . * @ O @ @ @ O
4 . . O O @ @ * .
5 . O O O @ * . .
6 . . @ @ * * . .
7 . O @ * * . . .
8 . . * . . . . .
Score: 16-9

Valid moves: f1  b2  c2  f2  b3  g4  f5  e6  f6  d7  e7  c8  
Depth: 3

Examined 449/774 game states in 0.016 s.

Opponent moves: f1

  a b c d e f g h
1 . . @ @ @ O * @
2 . . * * O * O @
3 . . @ O @ @ @ O
4 * * O O @ @ . *
5 * O O O @ . . .
6 . * @ @ . . . .
7 * O @ . . . . .
8 * . . . . . . .
Score: 15-11

Valid moves: g1  c2  d2  f2  a4  b4  h4  a5  b6  a7  a8  
Depth: 3

Examined 202/350 game states in 0 s.

Player moves: g1

  a b c d e f g h
1 . . @ @ @ @ @ @
2 . * * . O * @ @
3 . * @ O @ @ @ O
4 . . O O @ @ * .
5 . O O O @ * . .
6 . . @ @ * * . .
7 . O @ * * . . .
8 . . * . . . . .
Score: 18-9

Valid moves: b2  c2  f2  b3  g4  f5  e6  f6  d7  e7  c8  
Depth: 3

Examined 498/748 game states in 0.016 s.

Opponent moves: c2

  a b c d e f g h
1 . * @ @ @ @ @ @
2 . * O * O . @ @
3 . * O O @ @ @ O
4 * * O O @ @ . *
5 * O O O @ . . .
6 * * @ @ . . . .
7 * O @ . . . . .
8 * . . . . . . .
Score: 17-11

Valid moves: b1  b2  d2  b3  a4  b4  h4  a5  a6  b6  a7  a8  
Depth: 3

Examined 592/859 game states in 0.015 s.

Player moves: h4

  a b c d e f g h
1 . . @ @ @ @ @ @
2 . . O . O * @ @
3 . . O O @ @ @ @
4 . . O O @ @ * @
5 . O O O @ * . .
6 . . @ @ * * . .
7 . O @ * * . . .
8 . . * . . . . .
Score: 19-10

Valid moves: f2  g4  f5  e6  f6  d7  e7  c8  
Depth: 3

Examined 391/589 game states in 0.016 s.

Opponent moves: c8

  a b c d e f g h
1 . * @ @ @ @ @ @
2 . * O * O . @ @
3 . * O O @ @ @ @
4 . * O O @ @ . @
5 * O O O @ . . .
6 * * O @ . . . .
7 . O O . . . . .
8 * * O . . . . .
Score: 17-13

Valid moves: b1  b2  d2  b3  b4  a5  a6  b6  a8  b8  
Depth: 3

Examined 265/364 game states in 0 s.

Player moves: b1

  a b c d e f g h
1 . @ @ @ @ @ @ @
2 . . @ * O * @ @
3 . . O @ @ @ @ @
4 . . O O @ @ * @
5 . O O O @ * . .
6 . . O @ * * . .
7 . O O * * . . .
8 . . O . . . . .
Score: 20-11

Valid moves: d2  f2  g4  f5  e6  f6  d7  e7  
Depth: 3

Examined 304/462 game states in 0 s.

Opponent moves: f6

  a b c d e f g h
1 . @ @ @ @ @ @ @
2 . . @ . O . @ @
3 . * O @ @ @ @ @
4 . * O O @ @ . @
5 . O O O O . . .
6 * * O @ * O . .
7 . O O . . . . .
8 * * O . . . . .
Score: 19-13

Valid moves: b3  b4  a6  b6  e6  a8  b8  
Depth: 3

Examined 226/310 game states in 0.016 s.

Player moves: b3

  a b c d e f g h
1 . @ @ @ @ @ @ @
2 * * @ * O * @ @
3 . @ @ @ @ @ @ @
4 . . O O @ @ * @
5 . O O O O . . .
6 . . O @ * O . .
7 . O O * * . . .
8 . . O . . . . .
Score: 21-12

Valid moves: a2  b2  d2  f2  g4  e6  d7  e7  
Depth: 3

Examined 235/413 game states in 0.015 s.

Opponent moves: f2

  a b c d e f g h
1 . @ @ @ @ @ @ @
2 . . @ * O O @ @
3 . @ @ @ O @ @ @
4 . * O O @ @ . @
5 . O O O O . . .
6 * * O @ * O . .
7 . O O . . . * .
8 * * O . . . . .
Score: 20-14

Valid moves: d2  b4  a6  b6  e6  g7  a8  b8  
Depth: 3

Examined 273/363 game states in 0 s.

Player moves: d2

  a b c d e f g h
1 . @ @ @ @ @ @ @
2 * * @ @ @ @ @ @
3 . @ @ @ @ @ @ @
4 . . O O @ @ * @
5 . O O O O . . .
6 . . O @ * O . .
7 . O O * * . . .
8 . . O . . . . .
Score: 24-11

Valid moves: a2  b2  g4  e6  d7  e7  
Depth: 3

Examined 139/215 game states in 0 s.

Opponent moves: g4

  a b c d e f g h
1 . @ @ @ @ @ @ @
2 . . @ @ @ @ @ @
3 . @ @ @ @ @ @ @
4 . * O O O O O @
5 . O O O O * * *
6 * * O @ * O . .
7 . O O . . . * .
8 * * O . . . . .
Score: 22-14

Valid moves: b4  f5  g5  h5  a6  b6  e6  g7  a8  b8  
Depth: 3

Examined 256/345 game states in 0.015 s.

Player moves: h5

  a b c d e f g h
1 . @ @ @ @ @ @ @
2 * * @ @ @ @ @ @
3 . @ @ @ @ @ @ @
4 . . O O O O @ @
5 . O O O O . . @
6 . . O @ * O . .
7 . O O * * . . .
8 . . O . . . . .
Score: 24-13

Valid moves: a2  b2  e6  d7  e7  
Depth: 3

Examined 124/195 game states in 0.016 s.

Opponent moves: e6

  a b c d e f g h
1 . @ @ @ @ @ @ @
2 . . @ @ @ @ @ @
3 . @ @ @ @ @ @ @
4 . * O O O O @ @
5 . O O O O * * @
6 * * O O O O . .
7 . O O * * * * .
8 * * O . . . . .
Score: 23-15

Valid moves: b4  f5  g5  a6  b6  d7  e7  f7  g7  a8  b8  
Depth: 3

Examined 256/329 game states in 0 s.

Player moves: f5

  a b c d e f g h
1 . @ @ @ @ @ @ @
2 * * @ @ @ @ @ @
3 . @ @ @ @ @ @ @
4 . . O O @ @ @ @
5 . O O O O @ * @
6 . . O O O O . .
7 . O O . . . . .
8 . . O . . . . .
Score: 26-13

Valid moves: a2  b2  g5  
Depth: 3

Examined 87/135 game states in 0.015 s.

Opponent moves: a2

  a b c d e f g h
1 . @ @ @ @ @ @ @
2 O . @ @ @ @ @ @
3 * O @ @ @ @ @ @
4 * * O O @ @ @ @
5 * O O O O @ . @
6 * * O O O O . .
7 . O O * * * * .
8 * * O . . . . .
Score: 25-15

Valid moves: a3  a4  b4  a5  a6  b6  d7  e7  f7  g7  a8  b8  
Depth: 3

Examined 352/388 game states in 0 s.

Player moves: a4

  a b c d e f g h
1 . @ @ @ @ @ @ @
2 O * @ @ @ @ @ @
3 . @ @ @ @ @ @ @
4 @ . O O @ @ @ @
5 . O O O O @ * @
6 . . O O O O . .
7 . O O . . . . .
8 . . O . . . . .
Score: 27-14

Valid moves: b2  g5  
Depth: 3

Examined 41/86 game states in 0.015 s.

Opponent moves: b2

  a b c d e f g h
1 . @ @ @ @ @ @ @
2 O O @ @ @ @ @ @
3 * @ O @ @ @ @ @
4 @ * O O @ @ @ @
5 * O O O O @ . @
6 * * O O O O . .
7 . O O * * * . .
8 * * O . . . . .
Score: 26-16

Valid moves: a3  b4  a5  a6  b6  d7  e7  f7  a8  b8  
Depth: 3

Examined 290/340 game states in 0 s.

Player moves: a5

  a b c d e f g h
1 . @ @ @ @ @ @ @
2 O O @ @ @ @ @ @
3 * @ O @ @ @ @ @
4 @ * O O @ @ @ @
5 @ @ @ @ @ @ . @
6 * * O O O O . .
7 . O O . . . . .
8 . . O . . . . .
Score: 31-12

Valid moves: a3  b4  a6  b6  
Depth: 3

Examined 72/171 game states in 0.015 s.

Opponent moves: a6

  a b c d e f g h
1 * @ @ @ @ @ @ @
2 O O @ @ @ @ @ @
3 * @ O @ @ @ @ @
4 @ * O O @ @ @ @
5 @ O @ @ @ @ . @
6 O . O O O O . .
7 * O O * * * * .
8 * * O . . . . .
Score: 30-14

Valid moves: a1  a3  b4  a7  d7  e7  f7  g7  a8  b8  
Depth: 3

Examined 131/175 game states in 0 s.

Player moves: a1

  a b c d e f g h
1 @ @ @ @ @ @ @ @
2 O @ @ @ @ @ @ @
3 * @ @ @ @ @ @ @
4 @ * O @ @ @ @ @
5 @ O @ @ @ @ * @
6 O . O O O O . .
7 . O O . . . . .
8 . . O . . . . .
Score: 34-11

Valid moves: a3  b4  g5  
Depth: 3

Examined 51/96 game states in 0 s.

Opponent moves: b4

  a b c d e f g h
1 @ @ @ @ @ @ @ @
2 O @ @ @ @ @ @ @
3 * @ @ @ @ @ @ @
4 @ O O @ @ @ @ @
5 @ O O @ @ @ . @
6 O * O O O O . .
7 * O O * * * * .
8 * * O . . . . .
Score: 33-13

Valid moves: a3  b6  a7  d7  e7  f7  g7  a8  b8  
Depth: 3

Examined 93/114 game states in 0 s.

Player moves: a3

  a b c d e f g h
1 @ @ @ @ @ @ @ @
2 @ @ @ @ @ @ @ @
3 @ @ @ @ @ @ @ @
4 @ O O @ @ @ @ @
5 @ O O @ @ @ * @
6 O . O O O O . .
7 . O O . . . . .
8 . . O . . . . .
Score: 35-12

Valid moves: g5  
Depth: 3

Examined 22/34 game states in 0 s.

Opponent moves: g5

  a b c d e f g h
1 @ @ @ @ @ @ @ @
2 @ @ @ @ @ @ @ @
3 @ @ @ @ @ @ @ @
4 @ O O @ @ @ @ @
5 @ O O O O O O @
6 O * O O O O * *
7 * O O * * * * .
8 * * O . . . . .
Score: 32-16

Valid moves: b6  g6  h6  a7  d7  e7  f7  g7  a8  b8  
Depth: 3

Examined 112/124 game states in 0 s.

Player moves: h6

  a b c d e f g h
1 @ @ @ @ @ @ @ @
2 @ @ @ @ @ @ @ @
3 @ @ @ @ @ @ @ @
4 @ O O @ @ @ @ @
5 @ O O O O O @ @
6 O . O O O O . @
7 . O O . . . . .
8 . . O . . . . .
Score: 34-15

  a b c d e f g h
1 @ @ @ @ @ @ @ @
2 @ @ @ @ @ @ @ @
3 @ @ @ @ @ @ @ @
4 @ O O @ @ @ @ @
5 @ O O O O O @ @
6 O * O O O O * @
7 * O O * * * * .
8 * * O . . . . .
Score: 34-15

Valid moves: b6  g6  a7  d7  e7  f7  g7  a8  b8  
Depth: 3

Examined 109/120 game states in 0 s.

Player moves: a7

  a b c d e f g h
1 @ @ @ @ @ @ @ @
2 @ @ @ @ @ @ @ @
3 @ @ @ @ @ @ @ @
4 @ O O @ @ @ @ @
5 @ O O O O O @ @
6 @ . O O O O . @
7 @ O O . . . . .
8 . . O . . . . .
Score: 36-14

  a b c d e f g h
1 @ @ @ @ @ @ @ @
2 @ @ @ @ @ @ @ @
3 @ @ @ @ @ @ @ @
4 @ O O @ @ @ @ @
5 @ O O O O O @ @
6 @ * O O O O * @
7 @ O O * * * * .
8 * * O . . . . .
Score: 36-14

Valid moves: b6  g6  d7  e7  f7  g7  a8  b8  
Depth: 3

Examined 87/98 game states in 0 s.

Player moves: b6

  a b c d e f g h
1 @ @ @ @ @ @ @ @
2 @ @ @ @ @ @ @ @
3 @ @ @ @ @ @ @ @
4 @ @ O @ @ @ @ @
5 @ @ @ O O O @ @
6 @ @ O O O O . @
7 @ O O . . . . .
8 . . O . . . . .
Score: 40-11

  a b c d e f g h
1 @ @ @ @ @ @ @ @
2 @ @ @ @ @ @ @ @
3 @ @ @ @ @ @ @ @
4 @ @ O @ @ @ @ @
5 @ @ @ O O O @ @
6 @ @ O O O O * @
7 @ O O * * * * .
8 * * O * . . . .
Score: 40-11

Valid moves: g6  d7  e7  f7  g7  a8  b8  d8  
Depth: 3

Examined 99/119 game states in 0 s.

Player moves: g6

  a b c d e f g h
1 @ @ @ @ @ @ @ @
2 @ @ @ @ @ @ @ @
3 @ @ @ @ @ @ @ @
4 @ @ O @ @ @ @ @
5 @ @ @ O O @ @ @
6 @ @ @ @ @ @ @ @
7 @ O O * * * * .
8 . . O . . . . .
Score: 46-6

Valid moves: d7  e7  f7  g7  
Depth: 3

Examined 76/99 game states in 0 s.

Opponent moves: d7

  a b c d e f g h
1 @ @ @ @ @ @ @ @
2 @ @ @ @ @ @ @ @
3 @ @ @ @ @ @ @ @
4 @ @ O @ @ @ @ @
5 @ @ @ O O @ @ @
6 @ @ @ O @ @ @ @
7 @ O O O * . . .
8 * * O * * . . .
Score: 45-8

Valid moves: e7  a8  b8  d8  e8  
Depth: 3

Examined 80/108 game states in 0 s.

Player moves: a8

  a b c d e f g h
1 @ @ @ @ @ @ @ @
2 @ @ @ @ @ @ @ @
3 @ @ @ @ @ @ @ @
4 @ @ O @ @ @ @ @
5 @ @ @ O O @ @ @
6 @ @ @ O @ @ @ @
7 @ @ O O * * * .
8 @ . O . . . . .
Score: 47-7

Valid moves: e7  f7  g7  
Depth: 3

Examined 34/46 game states in 0 s.

Opponent moves: e7

  a b c d e f g h
1 @ @ @ @ @ @ @ @
2 @ @ @ @ @ @ @ @
3 @ @ @ @ @ @ @ @
4 @ @ O @ @ @ @ @
5 @ @ @ O O @ @ @
6 @ @ @ O O @ @ @
7 @ @ O O O * . .
8 @ * O * * * . .
Score: 46-9

Valid moves: f7  b8  d8  e8  f8  
Depth: 3

Examined 44/51 game states in 0 s.

Player moves: b8

  a b c d e f g h
1 @ @ @ @ @ @ @ @
2 @ @ @ @ @ @ @ @
3 @ @ @ @ @ @ @ @
4 @ @ O @ @ @ @ @
5 @ @ @ O @ @ @ @
6 @ @ @ @ O @ @ @
7 @ @ @ O O . . .
8 @ @ O . . . . .
Score: 50-6

  a b c d e f g h
1 @ @ @ @ @ @ @ @
2 @ @ @ @ @ @ @ @
3 @ @ @ @ @ @ @ @
4 @ @ O @ @ @ @ @
5 @ @ @ O @ @ @ @
6 @ @ @ @ O @ @ @
7 @ @ @ O O * . .
8 @ @ O * * * . .
Score: 50-6

Valid moves: f7  d8  e8  f8  
Depth: 3

Examined 20/22 game states in 0 s.

Player moves: d8

  a b c d e f g h
1 @ @ @ @ @ @ @ @
2 @ @ @ @ @ @ @ @
3 @ @ @ @ @ @ @ @
4 @ @ O @ @ @ @ @
5 @ @ @ O @ @ @ @
6 @ @ @ @ O @ @ @
7 @ @ @ @ @ . . .
8 @ @ @ @ * . . .
Score: 54-3

Valid moves: e8  
Depth: 3

Examined 6/6 game states in 0 s.

Opponent moves: e8

  a b c d e f g h
1 @ @ @ @ @ @ @ @
2 @ @ @ @ @ @ @ @
3 @ @ @ @ @ @ @ @
4 @ @ O @ @ @ @ @
5 @ @ @ O @ @ @ @
6 @ @ @ @ O @ @ @
7 @ @ @ @ O * . .
8 @ @ @ @ O * . .
Score: 53-5

Valid moves: f7  f8  
Depth: 3

Examined 7/7 game states in 0 s.

Player moves: f7

  a b c d e f g h
1 @ @ @ @ @ @ @ @
2 @ @ @ @ @ @ @ @
3 @ @ @ @ @ @ @ @
4 @ @ @ @ @ @ @ @
5 @ @ @ @ @ @ @ @
6 @ @ @ @ @ @ @ @
7 @ @ @ @ @ @ . .
8 @ @ @ @ O . . .
Score: 58-1

  a b c d e f g h
1 @ @ @ @ @ @ @ @
2 @ @ @ @ @ @ @ @
3 @ @ @ @ @ @ @ @
4 @ @ @ @ @ @ @ @
5 @ @ @ @ @ @ @ @
6 @ @ @ @ @ @ @ @
7 @ @ @ @ @ @ . .
8 @ @ @ @ O * . .
Score: 58-1

Valid moves: f8  
Depth: 3

Examined 4/4 game states in 0 s.

Player moves: f8

  a b c d e f g h
1 @ @ @ @ @ @ @ @
2 @ @ @ @ @ @ @ @
3 @ @ @ @ @ @ @ @
4 @ @ @ @ @ @ @ @
5 @ @ @ @ @ @ @ @
6 @ @ @ @ @ @ @ @
7 @ @ @ @ @ @ . .
8 @ @ @ @ @ @ . .
Score: 60-0

Score: 60-0
YOU WIN. EXCELLENT.

FINAL SCORE: 60-0
Game over.

Game took 1.562 s.
