OTHELLO
Settings: 
  Play mode:    	automatic
  Player first: 	Yes
  Clear screen: 	Yes
  Verbosity:    	0
  AI max depth: 	4 (fixed)
  AI timeout:   	30 seconds.
  AI time mode: 	Depth-limited
Enter moves in form xy (no space).

  a b c d e f g h
1 . . . . . . . .
2 . . . . . . . .
3 . . . . * . . .
4 . . . @ O * . .
5 . . * O @ . . .
6 . . . * . . . .
7 . . . . . . . .
8 . . . . . . . .
Score: 2-2

Valid moves: e3  f4  c5  d6  
Depth: 4

Examined 92/142 game states in 0 s.

Player moves: e3

  a b c d e f g h
1 . . . . . . . .
2 . . . . . . . .
3 . . . * @ * . .
4 . . . @ @ . . .
5 . . . O @ * . .
6 . . . . . . . .
7 . . . . . . . .
8 . . . . . . . .
Score: 4-1

Valid moves: d3  f3  f5  
Depth: 4

Examined 155/246 game states in 0 s.

Opponent moves: d3

  a b c d e f g h
1 . . . . . . . .
2 . . * . . . . .
3 . . * O @ . . .
4 . . * O @ . . .
5 . . * O @ . . .
6 . . * . . . . .
7 . . . . . . . .
8 . . . . . . . .
Score: 3-3

Valid moves: c2  c3  c4  c5  c6  
Depth: 4

Examined 278/517 game states in 0.016 s.

Player moves: c3

  a b c d e f g h
1 . . . . . . . .
2 . . . * . . . .
3 . . @ @ @ * . .
4 . . . @ @ . . .
5 . . . O @ * . .
6 . . . . . . . .
7 . . . . . . . .
8 . . . . . . . .
Score: 6-1

Valid moves: d2  f3  f5  
Depth: 4

Examined 268/390 game states in 0 s.

Opponent moves: f3

  a b c d e f g h
1 . . . . . . . .
2 . . . . . . . .
3 . . @ @ @ O * .
4 . . . @ O * . .
5 . . * O @ * . .
6 . . . * . . . .
7 . . . . . . . .
8 . . . . . . . .
Score: 5-3

Valid moves: g3  f4  c5  f5  d6  
Depth: 4

Examined 437/853 game states in 0.016 s.

Player moves: f5

  a b c d e f g h
1 . . . . . . . .
2 . . . * . . . .
3 . * @ @ @ O . .
4 . . . @ @ . . .
5 . . . O @ @ * .
6 . . . . . . . .
7 . . . . . . . .
8 . . . . . . . .
Score: 7-2

Valid moves: d2  b3  g5  
Depth: 4

Examined 436/738 game states in 0.015 s.

Opponent moves: b3

  a b c d e f g h
1 . . . . . . . .
2 . * * * * * * .
3 . O O O O O . .
4 . . . @ @ . . .
5 . . * O @ @ . .
6 . . * * . . . .
7 . . . . . . . .
8 . . . . . . . .
Score: 4-6

Valid moves: b2  c2  d2  e2  f2  g2  c5  c6  d6  
Depth: 4

Examined 757/1767 game states in 0.032 s.

Player moves: c6

  a b c d e f g h
1 . . . . . . . .
2 . . . . . . . .
3 . O O O O O . .
4 . . . @ @ . . .
5 . . * @ @ @ . .
6 . . @ * * * * .
7 . * . . . . . .
8 . . . . . . . .
Score: 6-5

Valid moves: c5  d6  e6  f6  g6  b7  
Depth: 4

Examined 574/1401 game states in 0.015 s.

Opponent moves: c5

  a b c d e f g h
1 . . . . . . . .
2 . * * * * . * .
3 . O O O O O . .
4 . . * O @ . . .
5 . * O @ @ @ . .
6 . . @ . . . . .
7 . . . . . . . .
8 . . . . . . . .
Score: 5-7

Valid moves: b2  c2  d2  e2  g2  c4  b5  
Depth: 4

Examined 962/2417 game states in 0.047 s.

Player moves: d2

  a b c d e f g h
1 . . * . * . . .
2 . . . @ . . . .
3 . O O @ O O . .
4 . . . @ @ . . .
5 . . O @ @ @ * .
6 . . @ . * * . .
7 . * * . . . . .
8 . . . . . . . .
Score: 8-5

Valid moves: c1  e1  g5  e6  f6  b7  c7  
Depth: 4

Examined 748/2047 game states in 0.031 s.

Opponent moves: e1

  a b c d e f g h
1 . . . * O . . .
2 . * . O * * * .
3 * O O @ O O * .
4 . . * @ @ . . .
5 . * O @ @ @ . .
6 . * @ . . . . .
7 . . . . . . . .
8 . . . . . . . .
Score: 7-7

Valid moves: d1  b2  e2  f2  g2  a3  g3  c4  b5  b6  
Depth: 4

Examined 803/2143 game states in 0.047 s.

Player moves: a3

  a b c d e f g h
1 . . . . O . . .
2 . . . O . . . .
3 @ @ @ @ O O . .
4 . * . @ @ . . .
5 . . O @ @ @ * .
6 . . @ * * . . .
7 . * * . . . . .
8 . . . . . . . .
Score: 10-5

Valid moves: b4  g5  d6  e6  b7  c7  
Depth: 4

Examined 687/1966 game states in 0.031 s.

Opponent moves: b4

  a b c d e f g h
1 . . . * O . . .
2 . * . O * * * .
3 @ @ O @ O O * .
4 . O * @ @ . . .
5 . * O @ @ @ . .
6 . * @ * . . . .
7 . . . . . . . .
8 . . . . . . . .
Score: 9-7

Valid moves: d1  b2  e2  f2  g2  g3  c4  b5  b6  d6  
Depth: 4

Examined 991/2580 game states in 0.047 s.

Player moves: c4

  a b c d e f g h
1 . . . . O . . .
2 . * . O . . . .
3 @ @ O @ O O . .
4 . O @ @ @ * . .
5 . . @ @ @ @ . .
6 . * @ * * * . .
7 . * * . . . . .
8 . . . . . . . .
Score: 11-6

Valid moves: b2  f4  b6  d6  e6  f6  b7  c7  
Depth: 4

Examined 1410/4166 game states in 0.062 s.

Opponent moves: f4

  a b c d e f g h
1 . . . * O . . .
2 . * * O * * * .
3 @ @ O @ O O * .
4 . O O O O O . .
5 . * @ @ @ @ . .
6 . . @ . . . . .
7 . . . . . . . .
8 . . . . . . . .
Score: 8-10

Valid moves: d1  b2  c2  e2  f2  g2  g3  b5  
Depth: 4

Examined 1428/3653 game states in 0.063 s.

Player moves: f2

  a b c d e f g h
1 . . . . O . . .
2 * * * O * @ * .
3 @ @ O @ @ @ * .
4 . O O @ O @ * .
5 . . @ @ @ @ * .
6 . . @ * * * * .
7 . * * . . . . .
8 . . . . . . . .
Score: 13-6

Valid moves: a2  b2  c2  e2  g2  g3  g4  g5  d6  e6  f6  g6  b7  c7  
Depth: 4

Examined 1374/4520 game states in 0.094 s.

Opponent moves: g5

  a b c d e f g h
1 . . . * O . . .
2 . * * O * @ . .
3 @ @ O @ O @ * .
4 * O O @ O O * .
5 . * @ @ @ @ O *
6 . . @ . . . . .
7 . . . . . . . .
8 . . . . . . . .
Score: 11-9

Valid moves: d1  b2  c2  e2  g3  a4  g4  b5  h5  
Depth: 4

Examined 1776/3992 game states in 0.078 s.

Player moves: h5

  a b c d e f g h
1 . . . . O * * .
2 * * * O * @ * .
3 @ @ O @ O @ * .
4 . O O @ O O . .
5 . . @ @ @ @ @ @
6 . * @ * * * * *
7 . * * . . . . .
8 . . . . . . . .
Score: 13-8

Valid moves: f1  g1  a2  b2  c2  e2  g2  g3  b6  d6  e6  f6  g6  h6  b7  c7  
Depth: 4

Examined 1059/3640 game states in 0.078 s.

Opponent moves: f1

  a b c d e f g h
1 . . * * O O * .
2 . * * O * O * .
3 @ @ O @ O O * .
4 * O O @ O O * .
5 . * @ @ @ @ @ @
6 . . @ . . . . .
7 . . . . . . . .
8 . . . . . . . .
Score: 11-11

Valid moves: c1  d1  g1  b2  c2  e2  g2  g3  a4  g4  b5  
Depth: 4

Examined 1115/3590 game states in 0.063 s.

Player moves: c1

  a b c d e f g h
1 . . @ . O O . .
2 * * * @ * O . .
3 @ @ O @ @ O . .
4 . O O @ O @ * .
5 . . @ @ @ @ @ @
6 . * @ * * * * .
7 . * * . . . . .
8 . . . . . . . .
Score: 15-8

Valid moves: a2  b2  c2  e2  g4  b6  d6  e6  f6  g6  b7  c7  
Depth: 4

Examined 2883/7555 game states in 0.14 s.

Opponent moves: e2

  a b c d e f g h
1 . . @ . O O * .
2 . * * @ O O * .
3 @ @ O O O O * .
4 * O O @ O @ . .
5 * * @ @ @ @ @ @
6 . . @ . . . . .
7 . . . . . . . .
8 . . . . . . . .
Score: 13-11

Valid moves: g1  b2  c2  g2  g3  a4  a5  b5  
Depth: 4

Examined 1623/4102 game states in 0.063 s.

Player moves: a4

  a b c d e f g h
1 . . @ * O O . .
2 . . * @ O O . .
3 @ @ O O O O . .
4 @ @ @ @ O @ * .
5 * * @ @ @ @ @ @
6 . * @ * * * * *
7 . * * . . . . .
8 . . . . . . . .
Score: 16-9

Valid moves: d1  c2  g4  a5  b5  b6  d6  e6  f6  g6  h6  b7  c7  
Depth: 4

Examined 2269/5856 game states in 0.11 s.

Opponent moves: e6

  a b c d e f g h
1 . . @ . O O * .
2 . * * @ O O * .
3 @ @ O O O O * .
4 @ @ @ @ O @ . .
5 . . @ @ O @ @ @
6 . . @ * O * . .
7 . . . * . * . .
8 . . . . . . . .
Score: 15-11

Valid moves: g1  b2  c2  g2  g3  d6  f6  d7  f7  
Depth: 4

Examined 1959/5389 game states in 0.094 s.

Player moves: c2

  a b c d e f g h
1 . . @ . O O . .
2 * * @ @ O O . .
3 @ @ @ @ O O * .
4 @ @ @ @ @ @ * .
5 * * @ @ O @ @ @
6 . * @ . O * . *
7 . * . . . . . .
8 . . . . . . . .
Score: 19-8

Valid moves: a2  b2  g3  g4  a5  b5  b6  f6  h6  b7  
Depth: 4

Examined 2106/5584 game states in 0.094 s.

Opponent moves: f6

  a b c d e f g h
1 . . @ . O O * .
2 . . @ @ O O * .
3 @ @ @ @ O O * .
4 @ @ @ @ @ O * .
5 . . @ @ O O @ @
6 . . @ . O O * .
7 . . . . * * * .
8 . . . . . . . .
Score: 17-11

Valid moves: g1  g2  g3  g4  g6  e7  f7  g7  
Depth: 4

Examined 1761/4616 game states in 0.078 s.

Player moves: g6

  a b c d e f g h
1 . . @ . O O . .
2 * * @ @ O O . .
3 @ @ @ @ O O . .
4 @ @ @ @ @ O * *
5 * * @ @ O @ @ @
6 . * @ . O O @ *
7 . * . . . . . .
8 . . . . . . . .
Score: 19-10

Valid moves: a2  b2  g4  h4  a5  b5  b6  h6  b7  
Depth: 4

Examined 2477/6329 game states in 0.11 s.

Opponent moves: b5

  a b c d e f g h
1 . . @ . O O * .
2 . . @ @ O O * .
3 @ @ @ O O O * .
4 @ @ O @ @ O * .
5 * O O O O @ @ @
6 . * @ * O O @ .
7 . . . * * * * .
8 . . . . . . . .
Score: 15-15

Valid moves: g1  g2  g3  g4  a5  b6  d6  d7  e7  f7  g7  
Depth: 4

Examined 2339/7409 game states in 0.125 s.

Player moves: g3

  a b c d e f g h
1 . . @ * O O . .
2 * * @ @ O O * *
3 @ @ @ @ @ @ @ .
4 @ @ O @ @ O * *
5 * O O O O @ @ @
6 . . @ . O O @ *
7 . * * * . . . .
8 . . . . . . . .
Score: 19-12

Valid moves: d1  a2  b2  g2  h2  g4  h4  a5  h6  b7  c7  d7  
Depth: 4

Examined 3063/8060 game states in 0.141 s.

Opponent moves: a5

  a b c d e f g h
1 . . @ * O O * .
2 . * @ O O O * .
3 @ @ O @ @ @ @ .
4 @ O O @ @ O * .
5 O O O O O @ @ @
6 * * @ * O O @ .
7 . . . * * * * .
8 . . . . . . . .
Score: 16-16

Valid moves: d1  g1  b2  g2  g4  a6  b6  d6  d7  e7  f7  g7  
Depth: 4

Examined 1157/3882 game states in 0.062 s.

Player moves: a6

  a b c d e f g h
1 . . @ . O O . .
2 * * @ O O O * *
3 @ @ O @ @ @ @ *
4 @ O @ @ @ O * *
5 @ @ O O O @ @ @
6 @ * @ . O O @ *
7 . * * . . . . .
8 . . . . . . . .
Score: 20-13

Valid moves: a2  b2  g2  h2  h3  g4  h4  b6  h6  b7  c7  
Depth: 4

Examined 2397/6879 game states in 0.125 s.

Opponent moves: h3

  a b c d e f g h
1 . . @ * O O * .
2 . * @ O O O * .
3 @ @ O O O O O O
4 @ O @ @ @ O * .
5 @ @ O O O @ @ @
6 @ * @ * O O @ .
7 . . . * * * * .
8 . . . . . . . .
Score: 16-18

Valid moves: d1  g1  b2  g2  g4  b6  d6  d7  e7  f7  g7  
Depth: 4

Examined 2154/5982 game states in 0.11 s.

Player moves: d6

  a b c d e f g h
1 . * @ . O O . .
2 . * @ O O O . .
3 @ @ O O O O O O
4 @ @ @ @ @ O . .
5 @ @ @ @ O @ @ @
6 @ * @ @ @ @ @ *
7 . * * * * * * *
8 . . . . . . . .
Score: 22-13

Valid moves: b1  b2  b6  h6  b7  c7  d7  e7  f7  g7  h7  
Depth: 4

Examined 1911/5392 game states in 0.094 s.

Opponent moves: b7

  a b c d e f g h
1 . . @ * O O * .
2 . * @ O O O * *
3 @ @ O O O O O O
4 @ @ @ @ O O * .
5 @ @ @ O O @ @ @
6 @ * O @ @ @ @ .
7 . O * * . . . .
8 . . * . . . . .
Score: 19-17

Valid moves: d1  g1  b2  g2  h2  g4  b6  c7  d7  c8  
Depth: 4

Examined 2328/6057 game states in 0.094 s.

Player moves: b6

  a b c d e f g h
1 . * @ . O O . .
2 * * @ O O O . .
3 @ @ O O O O O O
4 @ @ @ @ O O . .
5 @ @ @ O O @ @ @
6 @ @ @ @ @ @ @ *
7 * O * * * * * *
8 . . . . . . . .
Score: 21-16

Valid moves: b1  a2  b2  h6  a7  c7  d7  e7  f7  g7  h7  
Depth: 4

Examined 2346/6726 game states in 0.11 s.

Opponent moves: c7

  a b c d e f g h
1 . . @ * O O * .
2 . * @ O O O * .
3 @ @ O O O O O O
4 @ @ O @ O O * .
5 @ @ O O O @ @ @
6 @ @ O O @ @ @ .
7 . O O * * . . .
8 . * * * . . . .
Score: 17-21

Valid moves: d1  g1  b2  g2  g4  d7  e7  b8  c8  d8  
Depth: 4

Examined 2012/5464 game states in 0.094 s.

Player moves: d7

  a b c d e f g h
1 . * @ . O O . .
2 * * @ O O O . .
3 @ @ O O O O O O
4 @ @ O @ O O . .
5 @ @ O @ O @ @ @
6 @ @ @ @ @ @ @ *
7 * O O @ * * * *
8 . . . * . . . .
Score: 21-18

Valid moves: b1  a2  b2  h6  a7  e7  f7  g7  h7  d8  
Depth: 4

Examined 2871/7141 game states in 0.125 s.

Opponent moves: f7

  a b c d e f g h
1 . . @ * O O * .
2 . * @ O O O * *
3 @ @ O O O O O O
4 @ @ O @ O O * .
5 @ @ O O O O @ @
6 @ @ @ @ O O @ .
7 * O O @ * O * .
8 * * * * * . * .
Score: 17-23

Valid moves: d1  g1  b2  g2  h2  g4  a7  e7  g7  a8  b8  c8  d8  e8  g8  
Depth: 4

Examined 2987/9324 game states in 0.14 s.

Player moves: g4

  a b c d e f g h
1 . * @ . O O . .
2 * * @ O O O . .
3 @ @ O O O O O O
4 @ @ O @ @ @ @ *
5 @ @ O O O @ @ @
6 @ @ @ @ @ O @ *
7 * O O @ * O * *
8 . . * * . . . .
Score: 22-19

Valid moves: b1  a2  b2  h4  h6  a7  e7  g7  h7  c8  d8  
Depth: 4

Examined 3115/7340 game states in 0.11 s.

Opponent moves: a7

  a b c d e f g h
1 . . @ * O O * .
2 . * @ O O O * *
3 @ @ O O O O O O
4 @ @ O @ @ @ @ .
5 @ @ O O O @ @ @
6 @ O @ @ @ O @ .
7 O O O @ * O * .
8 * * * * * * * .
Score: 21-21

Valid moves: d1  g1  b2  g2  h2  e7  g7  a8  b8  c8  d8  e8  f8  g8  
Depth: 4

Examined 1363/4733 game states in 0.063 s.

Player moves: a8

  a b c d e f g h
1 . * @ . O O . .
2 * * @ O O O . .
3 @ @ O O O O O O
4 @ @ O @ @ @ @ *
5 @ @ O O O @ @ @
6 @ O @ @ @ O @ *
7 @ @ O @ * O * *
8 @ * * * . . . .
Score: 24-19

Valid moves: b1  a2  b2  h4  h6  e7  g7  h7  b8  c8  d8  
Depth: 4

Examined 2984/7350 game states in 0.109 s.

Opponent moves: c8

  a b c d e f g h
1 . . @ * O O * .
2 . * @ O O O * *
3 @ @ O O O O O O
4 @ @ O @ @ @ O *
5 @ @ O O O O @ @
6 @ O @ @ O O @ .
7 @ @ O O * O * .
8 @ * O * * * * .
Score: 20-24

Valid moves: d1  g1  b2  g2  h2  h4  e7  g7  b8  d8  e8  f8  g8  
Depth: 4

Examined 2000/5805 game states in 0.078 s.

Player moves: b8

  a b c d e f g h
1 . * @ . O O . .
2 * * @ O O O . .
3 @ @ O O O O O O
4 @ @ O @ @ @ O *
5 @ @ O O O O @ @
6 @ O @ @ O O @ *
7 @ @ @ O * O * *
8 @ @ O * . . . .
Score: 22-23

Valid moves: b1  a2  b2  h4  h6  e7  g7  h7  d8  
Depth: 4

Examined 1995/4105 game states in 0.063 s.

Opponent moves: e7

  a b c d e f g h
1 . . @ * O O * .
2 . * @ O O O * *
3 @ @ O O O O O O
4 @ @ O @ @ @ O *
5 @ @ O O O O @ @
6 @ O @ O O O @ .
7 @ @ @ O O O * .
8 @ @ O * * * * .
Score: 21-25

Valid moves: d1  g1  b2  g2  h2  h4  g7  d8  e8  f8  g8  
Depth: 4

Examined 1422/3988 game states in 0.046 s.

Player moves: f8

  a b c d e f g h
1 . * @ . O O . .
2 * * @ O O O . .
3 @ @ O O O O O O
4 @ @ O @ @ @ O .
5 @ @ @ O O @ @ @
6 @ O @ @ O @ @ *
7 @ @ @ O @ @ * *
8 @ @ O * * @ * .
Score: 28-19

Valid moves: b1  a2  b2  h6  g7  h7  d8  e8  g8  
Depth: 4

Examined 1767/3329 game states in 0.047 s.

Opponent moves: h7

  a b c d e f g h
1 . . @ * O O * .
2 . * @ O O O * *
3 @ @ O O O O O O
4 @ @ O @ O @ O *
5 @ @ @ O O O @ @
6 @ O @ @ O @ O *
7 @ @ @ O @ @ * O
8 @ @ O * * @ . .
Score: 25-23

Valid moves: d1  g1  b2  g2  h2  h4  h6  g7  d8  e8  
Depth: 4

Examined 1228/3043 game states in 0.047 s.

Player moves: d8

  a b c d e f g h
1 . * @ . O O . .
2 * * @ O O O . .
3 @ @ O O O O O O
4 @ @ O @ O @ O .
5 @ @ @ O O O @ @
6 @ O @ @ O @ O *
7 @ @ @ @ @ @ * O
8 @ @ @ @ * @ * .
Score: 28-21

Valid moves: b1  a2  b2  h6  g7  e8  g8  
Depth: 4

Examined 804/1608 game states in 0.032 s.

Opponent moves: e8

  a b c d e f g h
1 . . @ * O O * .
2 . * @ O O O * *
3 @ @ O O O O O O
4 @ @ O @ O @ O *
5 @ @ @ O O O @ @
6 @ O @ @ O @ O *
7 @ @ @ @ O O * O
8 @ @ @ @ O @ * .
Score: 26-24

Valid moves: d1  g1  b2  g2  h2  h4  h6  g7  g8  
Depth: 4

Examined 1005/1868 game states in 0.015 s.

Player moves: g7

  a b c d e f g h
1 . * @ . O O . .
2 * * @ O O O . .
3 @ @ O O O O O O
4 @ @ O @ O @ O .
5 @ @ @ O O O @ @
6 @ O @ @ O @ @ *
7 @ @ @ @ @ @ @ O
8 @ @ @ @ O @ * *
Score: 30-21

Valid moves: b1  a2  b2  h6  g8  h8  
Depth: 4

Examined 511/929 game states in 0 s.

Opponent moves: h8

  a b c d e f g h
1 . . @ * O O * .
2 . * @ O O O * *
3 @ @ O O O O O O
4 @ @ O @ O @ O *
5 @ @ @ O O O @ @
6 @ O @ @ O O @ *
7 @ @ @ @ @ @ O O
8 @ @ @ @ O @ * O
Score: 28-24

Valid moves: d1  g1  b2  g2  h2  h4  h6  g8  
Depth: 4

Examined 526/1032 game states in 0 s.

Player moves: g8

  a b c d e f g h
1 . * @ . O O . .
2 * * @ O O O . .
3 @ @ O O O O O O
4 @ @ O @ O @ O *
5 @ @ @ O O O @ @
6 @ O @ @ O O @ *
7 @ @ @ @ @ @ @ O
8 @ @ @ @ O @ @ O
Score: 30-23

Valid moves: b1  a2  b2  h4  h6  
Depth: 4

Examined 289/508 game states in 0 s.

Opponent moves: b1

  a b c d e f g h
1 * O @ * O O * .
2 . * O O O O * *
3 @ @ O O O O O O
4 @ @ O @ O @ O *
5 @ @ @ O O O @ @
6 @ O @ @ O O @ .
7 @ @ @ @ @ @ @ O
8 @ @ @ @ O @ @ O
Score: 29-25

Valid moves: a1  d1  g1  b2  g2  h2  h4  
Depth: 4

Examined 193/406 game states in 0.015 s.

Player moves: a1

  a b c d e f g h
1 @ @ @ . O O . .
2 * * O O O O . .
3 @ @ O O O O O O
4 @ @ O @ O @ O *
5 @ @ @ O O O @ @
6 @ O @ @ O O @ *
7 @ @ @ @ @ @ @ O
8 @ @ @ @ O @ @ O
Score: 31-24

Valid moves: a2  b2  h4  h6  
Depth: 4

Examined 197/278 game states in 0 s.

Opponent moves: h6

  a b c d e f g h
1 @ @ @ * O O * .
2 . * O O O O * *
3 @ @ O O O O O O
4 @ @ O @ O O O *
5 @ @ @ O O O O @
6 @ O @ @ O O O O
7 @ @ @ @ @ @ @ O
8 @ @ @ @ O @ @ O
Score: 28-28

Valid moves: d1  g1  b2  g2  h2  h4  
Depth: 4

Examined 105/188 game states in 0 s.

Player moves: d1

  a b c d e f g h
1 @ @ @ @ O O . .
2 * * @ @ @ O * .
3 @ @ O @ O @ O O
4 @ @ O @ O O @ *
5 @ @ @ O O O O @
6 @ O @ @ O O O O
7 @ @ @ @ @ @ @ O
8 @ @ @ @ O @ @ O
Score: 35-22

Valid moves: a2  b2  g2  h4  
Depth: 4

Examined 164/215 game states in 0 s.

Opponent moves: h4

  a b c d e f g h
1 @ @ @ @ O O * .
2 . * @ @ @ O * *
3 @ @ O @ O @ O O
4 @ @ O @ O O O O
5 @ @ @ O O O O O
6 @ O @ @ O O O O
7 @ @ @ @ @ @ @ O
8 @ @ @ @ O @ @ O
Score: 33-25

Valid moves: g1  b2  g2  h2  
Depth: 4

Examined 54/87 game states in 0 s.

Player moves: g1

  a b c d e f g h
1 @ @ @ @ @ @ @ .
2 * * @ @ @ @ * .
3 @ @ O @ @ @ O O
4 @ @ O @ O O O O
5 @ @ @ O O O O O
6 @ O @ @ O O O O
7 @ @ @ @ @ @ @ O
8 @ @ @ @ O @ @ O
Score: 38-21

Valid moves: a2  b2  g2  
Depth: 4

Examined 23/32 game states in 0 s.

Opponent moves: a2

  a b c d e f g h
1 @ @ @ @ @ @ @ .
2 O * @ @ @ @ * *
3 @ O O @ @ @ O O
4 @ @ O @ O O O O
5 @ @ @ O O O O O
6 @ O @ @ O O O O
7 @ @ @ @ @ @ @ O
8 @ @ @ @ O @ @ O
Score: 37-23

Valid moves: b2  g2  h2  
Depth: 4

Examined 17/19 game states in 0 s.

Player moves: b2

  a b c d e f g h
1 @ @ @ @ @ @ @ .
2 O @ @ @ @ @ * .
3 @ @ @ @ @ @ O O
4 @ @ O @ O O O O
5 @ @ @ O O O O O
6 @ O @ @ O O O O
7 @ @ @ @ @ @ @ O
8 @ @ @ @ O @ @ O
Score: 40-21

Valid moves: g2  
Depth: 4

Examined 8/8 game states in 0 s.

Opponent moves: g2

  a b c d e f g h
1 @ @ @ @ @ @ @ *
2 O O O O O O O *
3 @ @ @ @ @ O O O
4 @ @ O @ O O O O
5 @ @ @ O O O O O
6 @ O @ @ O O O O
7 @ @ @ @ @ @ @ O
8 @ @ @ @ O @ @ O
Score: 34-28

Valid moves: h1  h2  
Depth: 4

Examined 9/9 game states in 0 s.

Player moves: h1

  a b c d e f g h
1 @ @ @ @ @ @ @ @
2 O O O O O O @ *
3 @ @ @ @ @ @ O O
4 @ @ O @ @ O O O
5 @ @ @ @ O O O O
6 @ O @ @ O O O O
7 @ @ @ @ @ @ @ O
8 @ @ @ @ O @ @ O
Score: 39-24

Valid moves: h2  
Depth: 4

Examined 5/5 game states in 0 s.

Opponent moves: h2

  a b c d e f g h
1 @ @ @ @ @ @ @ @
2 O O O O O O O O
3 @ @ @ @ @ @ O O
4 @ @ O @ @ O O O
5 @ @ @ @ O O O O
6 @ O @ @ O O O O
7 @ @ @ @ @ @ @ O
8 @ @ @ @ O @ @ O
Score: 38-26

Score: 38-26
Game over.

Game took 4.578 s.
