  Play mode:    	automatic
  Player first: 	No
  Clear screen: 	Yes
  Verbosity:    	0
  AI max depth: 	5 (fixed)
  AI timeout:   	30 seconds.
Enter moves in form xy (no space).

  a b c d e f g h
1 . . . . . . . .
2 . . . . . . . .
3 . . . * . . . .
4 . . * @ O . . .
5 . . . O @ * . .
6 . . . . * . . .
7 . . . . . . . .
8 . . . . . . . .
Score: 2-2

Valid moves: d3  c4  f5  e6  
Depth: 5

Examined 532/770 game states in 0.062 s.

Opponent moves: e6

  a b c d e f g h
1 . . . . . . . .
2 . . . . . . . .
3 . . . . . . . .
4 . . . @ O * . .
5 . . . O O . . .
6 . . . * O * . .
7 . . . . . . . .
8 . . . . . . . .
Score: 1-4

Valid moves: f4  d6  f6  
Depth: 5

Examined 877/1456 game states in 0.077 s.

Player moves: f6

  a b c d e f g h
1 . . . . . . . .
2 . . . . . . . .
3 . . . * . . . .
4 . . * @ O . . .
5 . . . O @ * . .
6 . . . . O @ * .
7 . . . . . . . .
8 . . . . . . . .
Score: 3-3

Valid moves: d3  c4  f5  g6  
Depth: 5

Examined 1032/1549 game states in 0.092 s.

Opponent moves: f5

  a b c d e f g h
1 . . . . . . . .
2 . . . . . . . .
3 . . . . . . . .
4 . . . @ O * . .
5 . . . O O O . .
6 . . . * O @ . .
7 . . . . . . . .
8 . . . . . . . .
Score: 2-5

Valid moves: f4  d6  
Depth: 5

Examined 962/1962 game states in 0.106 s.

Player moves: f4

  a b c d e f g h
1 . . . . . . . .
2 . . . . . . . .
3 . . * * * * * .
4 . . . @ @ @ * .
5 . . . O O @ * .
6 . . . . O @ * .
7 . . . . . . * .
8 . . . . . . . .
Score: 5-3

Valid moves: c3  d3  e3  f3  g3  g4  g5  g6  g7  
Depth: 5

Examined 4379/6972 game states in 0.376 s.

Opponent moves: g6

  a b c d e f g h
1 . . . . . . . .
2 . . . . . . . .
3 . . . . . . . .
4 . . . @ @ @ . .
5 . . * O O @ . .
6 . . * * O O O .
7 . . . * * * * *
8 . . . . . . . .
Score: 4-5

Valid moves: c5  c6  d6  d7  e7  f7  g7  h7  
Depth: 5

Examined 7794/11838 game states in 0.719 s.

Player moves: d6

  a b c d e f g h
1 . . . . . . . .
2 . . . . . . . .
3 . . * * * * . .
4 . . * @ @ @ * .
5 . . . @ @ @ . .
6 . . * @ O O O .
7 . . . . . . . .
8 . . . . . . . .
Score: 7-3

Valid moves: c3  d3  e3  f3  c4  g4  c6  
Depth: 5

Examined 7706/15239 game states in 0.8 s.

Opponent moves: c6

  a b c d e f g h
1 . . . . . . . .
2 . . . . . . . .
3 . . . . . . . .
4 . . . @ @ @ . .
5 . . . @ @ @ . .
6 . . O O O O O .
7 . * * * * * * *
8 . . . . . . . .
Score: 6-5

Valid moves: b7  c7  d7  e7  f7  g7  h7  
Depth: 5

Examined 6994/10818 game states in 0.569 s.

Player moves: d7

  a b c d e f g h
1 . . . . . . . .
2 . . . . . . . .
3 . . * * . * . .
4 . . . @ @ @ . .
5 . . . @ @ @ . .
6 . . O @ @ O O .
7 . . . @ . . . .
8 . . . . * . . .
Score: 9-3

Valid moves: c3  d3  f3  e8  
Depth: 5

Examined 3218/5860 game states in 0.311 s.

Opponent moves: c3

  a b c d e f g h
1 . . . . . . . .
2 . . . . . . . .
3 . . O * . . . .
4 . . * O @ @ . .
5 . * . @ O @ . .
6 . * O @ @ O O *
7 . * . @ . * . *
8 . . . . . . . .
Score: 7-6

Valid moves: d3  c4  b5  b6  h6  b7  f7  h7  
Depth: 5

Examined 5442/8848 game states in 0.481 s.

Player moves: d3

  a b c d e f g h
1 . . . . . . . .
2 . . * . . . . .
3 . . O @ * * * .
4 . . . @ @ @ . .
5 . . * @ O @ * .
6 . . O @ @ O O .
7 . . * @ * . . .
8 . . . . * . . .
Score: 9-5

Valid moves: c2  e3  f3  g3  c5  g5  c7  e7  e8  
Depth: 5

Examined 18182/37719 game states in 1.953 s.

Opponent moves: f3

  a b c d e f g h
1 . . . . . . . .
2 . * . . . . . .
3 . * O @ * O * .
4 . . * @ O O * .
5 . * . O O O . .
6 . * O @ @ O O *
7 . . . @ . . * *
8 . . . . . . . .
Score: 5-10

Valid moves: b2  b3  e3  g3  c4  g4  b5  b6  h6  g7  h7  
Depth: 5

Examined 14490/23803 game states in 1.25 s.

Player moves: e3

  a b c d e f g h
1 . . . . . . . .
2 . . * * . . . .
3 . . O @ @ O . .
4 . . * @ @ O . .
5 . . . O @ O . .
6 . . O @ @ O O .
7 . . * @ . * . .
8 . . * * * . . .
Score: 8-8

Valid moves: c2  d2  c4  c7  f7  c8  d8  e8  
Depth: 5

Examined 20043/45550 game states in 2.923 s.

Opponent moves: c7

  a b c d e f g h
1 . . . . . . . .
2 . * . . . . * .
3 . * O @ @ O * .
4 . . * @ @ O * .
5 . * . O O O * .
6 . * O O @ O O *
7 . * O @ . . * *
8 . . . . . . . .
Score: 6-11

Valid moves: b2  g2  b3  g3  c4  g4  b5  g5  b6  h6  b7  g7  h7  
Depth: 5

Examined 33480/62994 game states in 4.36 s.

Player moves: h6

  a b c d e f g h
1 . . . . . . . .
2 . . * * * . . .
3 . . O @ @ O . .
4 . . * @ @ O . .
5 . . . O O O . .
6 . . O O @ @ @ @
7 . . O @ * * * *
8 . . * * * . . .
Score: 9-9

Valid moves: c2  d2  e2  c4  e7  f7  g7  h7  c8  d8  e8  
Depth: 5

Examined 17001/31868 game states in 2.194 s.

Opponent moves: c4

  a b c d e f g h
1 . . . . . . . .
2 . * . . . * . .
3 . * O @ @ O * .
4 . . O O O O * .
5 . * * O O O * .
6 . * O O @ @ @ @
7 . * O @ . . . .
8 . . . . . . . .
Score: 7-12

Valid moves: b2  f2  b3  g3  g4  b5  c5  g5  b6  b7  
Depth: 5

Examined 20986/45924 game states in 3.313 s.

Player moves: f2

  a b c d e f g h
1 . . . . . . * .
2 . . * * * @ * .
3 . . O @ @ @ * .
4 . . O O O @ * .
5 . . . O O @ * .
6 . . O O @ @ @ @
7 . . O @ * * * *
8 . . . * * . . .
Score: 11-9

Valid moves: g1  c2  d2  e2  g2  g3  g4  g5  e7  f7  g7  h7  d8  e8  
Depth: 5

Examined 20114/34194 game states in 2.371 s.

Opponent moves: d8

  a b c d e f g h
1 . . . . . . . .
2 . * . . . @ . .
3 . * O @ @ @ . .
4 . * O O O @ . .
5 . * * O O @ . .
6 . * O O @ @ @ @
7 . * O O . . . .
8 . * * O . . . .
Score: 10-11

Valid moves: b2  b3  b4  b5  c5  b6  b7  b8  c8  
Depth: 5

Examined 28797/48100 game states in 3.271 s.

Player moves: c5

  a b c d e f g h
1 . . . . . . . .
2 . . * * * @ * .
3 . . O @ @ @ * .
4 . * O @ O @ * .
5 . . @ @ @ @ . .
6 . . O O @ @ @ @
7 . . O O * * * *
8 . . . O . . . .
Score: 14-8

Valid moves: c2  d2  e2  g2  g3  b4  g4  e7  f7  g7  h7  
Depth: 5

Examined 26323/46959 game states in 3.132 s.

Opponent moves: g3

  a b c d e f g h
1 . . . . . . . .
2 . * * * * @ * .
3 . * O O O O O .
4 . * O @ O O * *
5 . . @ @ O @ . .
6 . * O O @ @ @ @
7 . * O O * . . .
8 . . * O . . . .
Score: 9-14

Valid moves: b2  c2  d2  e2  g2  b3  b4  g4  h4  b6  b7  e7  c8  
Depth: 5

Examined 29701/47948 game states in 3.201 s.

Player moves: e2

  a b c d e f g h
1 . . . * * * . .
2 . . . * @ @ . .
3 . . O O @ O O .
4 . * O @ @ O * .
5 . . @ @ @ @ . .
6 . . O O @ @ @ @
7 . . O O . * * *
8 . . . O . . . .
Score: 13-11

Valid moves: d1  e1  f1  d2  b4  g4  f7  g7  h7  
Depth: 5

Examined 11125/26771 game states in 1.754 s.

Opponent moves: e1

  a b c d e f g h
1 . . . . O * * .
2 . * * * @ O * *
3 . * O O @ O O *
4 . * O @ @ O * .
5 . * @ @ @ @ * .
6 . * O O @ @ @ @
7 . * O O * . . .
8 . * * O . . . .
Score: 12-13

Valid moves: f1  g1  b2  c2  d2  g2  h2  b3  h3  b4  g4  b5  g5  b6  b7  e7  b8  c8  
Depth: 5

Examined 21905/38635 game states in 2.515 s.

Player moves: h3

  a b c d e f g h
1 . . . . O * . .
2 . . . * @ O * *
3 . . O O @ @ @ @
4 . * O @ @ O * *
5 . . @ @ @ @ . .
6 . * O O @ @ @ @
7 . . O O * * * *
8 . . . O . . . .
Score: 15-11

Valid moves: f1  d2  g2  h2  b4  g4  h4  b6  e7  f7  g7  h7  
Depth: 5

Examined 8234/17180 game states in 1.106 s.

Opponent moves: f1

  a b c d e f g h
1 . . . * O O * .
2 . * * * O O . .
3 . * O O @ @ @ @
4 . * O @ @ O * .
5 . . @ @ @ @ * .
6 . * O O @ @ @ @
7 . * O O * . . .
8 . * * O . . . .
Score: 14-13

Valid moves: d1  g1  b2  c2  d2  b3  b4  g4  g5  b6  b7  e7  b8  c8  
Depth: 5

Examined 22556/48049 game states in 3 s.

Player moves: g4

  a b c d e f g h
1 . . . . O O . .
2 . . . . O O * *
3 . . O O @ @ @ @
4 . * O @ @ @ @ *
5 . . @ @ @ @ . *
6 . * O O @ @ @ @
7 . . O O * * * *
8 . . . O . . . .
Score: 16-12

Valid moves: g2  h2  b4  h4  h5  b6  e7  f7  g7  h7  
Depth: 5

Examined 18455/43594 game states in 3.115 s.

Opponent moves: f7

  a b c d e f g h
1 . . . * O O * .
2 . * * * O O * .
3 . * O O @ O @ @
4 . * O @ @ O @ .
5 . . @ O @ O * .
6 . * O O O O @ @
7 . * O O * O * .
8 . * * O * . . .
Score: 10-19

Valid moves: d1  g1  b2  c2  d2  g2  b3  b4  g5  b6  b7  e7  g7  b8  c8  e8  
Depth: 5

Examined 24981/45877 game states in 2.798 s.

Player moves: g5

  a b c d e f g h
1 . . . . O O . .
2 . . . . O O . *
3 . . O O @ O @ @
4 . * O @ @ @ @ *
5 . * @ O @ @ @ *
6 . * O O O O @ @
7 . . O O . O . *
8 . . . O . . . .
Score: 13-17

Valid moves: h2  b4  h4  b5  h5  b6  h7  
Depth: 5

Examined 15906/42137 game states in 2.507 s.

Opponent moves: b4

  a b c d e f g h
1 . . . * O O * .
2 . * * * O O * .
3 . * O O @ O @ @
4 * O O @ @ @ @ .
5 . * O O @ @ @ .
6 . * O O O O @ @
7 . * O O * O * .
8 . * * O * * . .
Score: 12-19

Valid moves: d1  g1  b2  c2  d2  g2  b3  a4  b5  b6  b7  e7  g7  b8  c8  e8  f8  
Depth: 5

Examined 20631/33713 game states in 2.061 s.

Player moves: f8

  a b c d e f g h
1 . . . . O O . .
2 . . . . O O . *
3 . . O O @ O @ @
4 . O O @ @ @ @ *
5 . . O O @ @ @ *
6 . . O O O @ @ @
7 . . O O . @ * *
8 . . . O . @ * .
Score: 15-17

Valid moves: h2  h4  h5  g7  h7  g8  
Depth: 5

Examined 12600/33175 game states in 1.924 s.

Opponent moves: h4

  a b c d e f g h
1 . . . . O O * .
2 . * * . O O * *
3 . * O O @ O O @
4 . O O O O O O O
5 . * O O @ @ @ *
6 . * O O O @ @ @
7 . . O O * @ . .
8 . * * O . @ . .
Score: 10-23

Valid moves: g1  b2  c2  g2  h2  b3  b5  h5  b6  e7  b8  c8  
Depth: 5

Examined 10706/18748 game states in 1.128 s.

Player moves: h5

  a b c d e f g h
1 . . . . O O . .
2 . . . * O O . .
3 . . O O @ O O @
4 . O O O O O O @
5 . . O O @ @ @ @
6 . . O O O @ @ @
7 . . O O . @ * *
8 . . . O . @ * .
Score: 12-22

Valid moves: d2  g7  h7  g8  
Depth: 5

Examined 6178/15871 game states in 0.973 s.

Opponent moves: d2

  a b c d e f g h
1 . . * * O O . .
2 . * * O O O * *
3 . * O O O O O @
4 * O O O O O O @
5 . * O O @ @ @ @
6 . * O O O @ @ @
7 . . O O * @ . .
8 . * * O . @ . .
Score: 11-24

Valid moves: c1  d1  b2  c2  g2  h2  b3  a4  b5  b6  e7  b8  c8  
Depth: 5

Examined 5967/8176 game states in 0.486 s.

Player moves: c1

  a b c d e f g h
1 . . @ * O O . .
2 . . * @ O O . .
3 . . O O @ O O @
4 . O O O O @ O @
5 . . O O @ @ @ @
6 . . O O O @ @ @
7 . . O O . @ * *
8 . . . O . @ * .
Score: 15-21

Valid moves: d1  c2  g7  h7  g8  
Depth: 5

Examined 8179/21968 game states in 1.182 s.

Opponent moves: h7

  a b c d e f g h
1 . . @ * O O * .
2 . * . @ O O * *
3 . * O O @ O O @
4 * O O O O @ O @
5 * * O O @ O @ @
6 . * O O O @ O @
7 . . O O * @ * O
8 . * * O . @ . *
Score: 13-24

Valid moves: d1  g1  b2  g2  h2  b3  a4  a5  b5  b6  e7  g7  b8  c8  h8  
Depth: 5

Examined 10661/19550 game states in 1.095 s.

Player moves: h8

  a b c d e f g h
1 . . @ * O O . .
2 . . * @ O O . .
3 . . O O @ O O @
4 . O O O O @ O @
5 . . O O @ O @ @
6 . . O O O @ O @
7 . . O O . @ * @
8 . . . O * @ * @
Score: 15-23

Valid moves: d1  c2  g7  e8  g8  
Depth: 5

Examined 5962/16136 game states in 0.818 s.

Opponent moves: g8

  a b c d e f g h
1 . . @ * O O * .
2 . * * @ O O * *
3 . * O O @ O O @
4 * O O O O @ O @
5 * * O O @ O @ @
6 . * O O O @ O @
7 . . O O * O * @
8 . * * O * @ O @
Score: 14-25

Valid moves: d1  g1  b2  c2  g2  h2  b3  a4  a5  b5  b6  e7  g7  b8  c8  e8  
Depth: 5

Examined 8990/12706 game states in 0.717 s.

Player moves: e8

  a b c d e f g h
1 . . @ * O O . .
2 . . * @ O O . .
3 . . O O @ O O @
4 . O O O O @ O @
5 . . O O @ O @ @
6 . . O O O @ @ @
7 . . O O . @ * @
8 . . . O @ @ O @
Score: 17-23

Valid moves: d1  c2  g7  
Depth: 5

Examined 1735/4677 game states in 0.239 s.

Opponent moves: g7

  a b c d e f g h
1 . . @ * O O * .
2 . * * @ O O * *
3 . * O O @ O O @
4 * O O O O @ O @
5 * * O O O O O @
6 . * O O O O O @
7 . . O O * @ O @
8 . * * O @ @ O @
Score: 13-28

Valid moves: d1  g1  b2  c2  g2  h2  b3  a4  a5  b5  b6  e7  b8  c8  
Depth: 5

Examined 8855/12560 game states in 0.67 s.

Player moves: c8

  a b c d e f g h
1 . . @ * O O . .
2 . . * @ O O . .
3 . . O O @ O O @
4 . O O O O @ @ @
5 . . O O O @ O @
6 . . O O @ O O @
7 . . O @ * @ O @
8 . * @ @ @ @ O @
Score: 19-23

Valid moves: d1  c2  e7  b8  
Depth: 5

Examined 4495/6068 game states in 0.315 s.

Opponent moves: e7

  a b c d e f g h
1 . . @ * O O * .
2 . * * @ O O * *
3 * * O O @ O O @
4 * O O O O @ @ @
5 * * O O O @ O @
6 . * O O O O O @
7 . * O O O O O @
8 . * @ @ @ @ O @
Score: 16-27

Valid moves: d1  g1  b2  c2  g2  h2  a3  b3  a4  a5  b5  b6  b7  b8  
Depth: 5

Examined 5724/8559 game states in 0.425 s.

Player moves: h2

  a b c d e f g h
1 . . @ * O O . .
2 . . * @ O O * @
3 . . O O @ O @ @
4 . O O O O @ @ @
5 . . O O O @ O @
6 . . O O O O O @
7 . . O O O O O @
8 . * @ @ @ @ O @
Score: 18-26

Valid moves: d1  c2  g2  b8  
Depth: 5

Examined 1796/2598 game states in 0.139 s.

Opponent moves: c2

  a b c d e f g h
1 . * @ * O O * .
2 . * O O O O . @
3 * * O O @ O @ @
4 * O O O O @ @ @
5 . * O O O @ O @
6 . * O O O O O @
7 . * O O O O O @
8 . * @ @ @ @ O @
Score: 17-28

Valid moves: b1  d1  g1  b2  a3  b3  a4  b5  b6  b7  b8  
Depth: 5

Examined 2910/3799 game states in 0.195 s.

Player moves: b1

  a b c d e f g h
1 . @ @ . O O . .
2 . * @ O O O * @
3 . . O @ @ O @ @
4 . O O O @ @ @ @
5 . . O O O @ O @
6 . . O O O O O @
7 . . O O O O O @
8 . * @ @ @ @ O @
Score: 21-25

Valid moves: b2  g2  b8  
Depth: 5

Examined 1173/1749 game states in 0.218 s.

Opponent moves: b2

  a b c d e f g h
1 * @ @ * O O * .
2 . O O O O O * @
3 * * O @ @ O @ @
4 * O O O @ @ @ @
5 . * O O O @ O @
6 . * O O O O O @
7 . * O O O O O @
8 . * @ @ @ @ O @
Score: 20-27

Valid moves: a1  d1  g1  g2  a3  b3  a4  b5  b6  b7  b8  
Depth: 5

Examined 2019/2836 game states in 0.275 s.

Player moves: a1

  a b c d e f g h
1 @ @ @ . O O . .
2 * @ O O O O * @
3 . * @ @ @ O @ @
4 . O O @ @ @ @ @
5 . . O O @ @ O @
6 . . O O O @ O @
7 . . O O O O @ @
8 . * @ @ @ @ O @
Score: 27-21

Valid moves: a2  g2  b3  b8  
Depth: 5

Examined 1565/1775 game states in 0.107 s.

Opponent moves: b3

  a b c d e f g h
1 @ @ @ * O O * .
2 . @ O O O O * @
3 * O O O O O @ @
4 * O O @ @ @ @ @
5 . * O O @ @ O @
6 . * O O O @ O @
7 . * O O O O @ @
8 . * @ @ @ @ O @
Score: 24-25

Valid moves: d1  g1  g2  a3  a4  b5  b6  b7  b8  
Depth: 5

Examined 938/1318 game states in 0.075 s.

Player moves: d1

  a b c d e f g h
1 @ @ @ @ O O . .
2 * @ O @ @ O * @
3 . O O @ O @ @ @
4 . O O @ @ @ @ @
5 . . O O @ @ O @
6 . . O O O @ O @
7 . . O O O O @ @
8 . * @ @ @ @ O @
Score: 29-21

Valid moves: a2  g2  b8  
Depth: 5

Examined 1075/1260 game states in 0.062 s.

Opponent moves: g2

  a b c d e f g h
1 @ @ @ @ O O * .
2 . @ O @ @ O O @
3 * O O @ O O O @
4 * O O @ O @ O @
5 * * O O @ @ O @
6 . * O O O @ O @
7 . * O O O O @ @
8 . * @ @ @ @ O @
Score: 25-26

Valid moves: g1  a3  a4  a5  b5  b6  b7  b8  
Depth: 5

Examined 1122/1678 game states in 0.078 s.

Player moves: a4

  a b c d e f g h
1 @ @ @ @ O O . .
2 * @ @ @ @ O O @
3 * @ O @ O O O @
4 @ @ @ @ O @ O @
5 * * O O @ @ O @
6 . . O O O @ O @
7 . . O O O O @ @
8 . * @ @ @ @ O @
Score: 30-22

Valid moves: a2  a3  a5  b5  b8  
Depth: 5

Examined 764/990 game states in 0.048 s.

Opponent moves: b5

  a b c d e f g h
1 @ @ @ @ O O * .
2 . @ @ @ O O O @
3 . @ O O O O O @
4 @ @ O @ O @ O @
5 * O O O @ @ O @
6 . * O O O @ O @
7 . * O O O O @ @
8 . * @ @ @ @ O @
Score: 27-26

Valid moves: g1  a5  b6  b7  b8  
Depth: 5

Examined 458/708 game states in 0.034 s.

Player moves: a5

  a b c d e f g h
1 @ @ @ @ O O . .
2 * @ @ @ O O O @
3 * @ O O O O O @
4 @ @ O @ O @ O @
5 @ @ @ @ @ @ O @
6 * * O O O @ O @
7 . . O O O O @ @
8 . * @ @ @ @ O @
Score: 31-23

Valid moves: a2  a3  a6  b6  b8  
Depth: 5

Examined 726/946 game states in 0.051 s.

Opponent moves: a6

  a b c d e f g h
1 @ @ @ @ O O * *
2 . @ @ @ O O O @
3 . @ O O O O O @
4 @ @ O @ O @ O @
5 @ O @ @ @ @ O @
6 O * O O O @ O @
7 * * O O O O @ @
8 . * @ @ @ @ O @
Score: 30-25

Valid moves: g1  h1  b6  a7  b7  b8  
Depth: 5

Examined 395/556 game states in 0.028 s.

Player moves: h1

  a b c d e f g h
1 @ @ @ @ O O * @
2 * @ @ @ O O @ @
3 * @ O O O @ O @
4 @ @ O @ @ @ O @
5 @ O @ @ @ @ O @
6 O * O O O @ O @
7 . . O O O O @ @
8 . * @ @ @ @ O @
Score: 34-22

Valid moves: g1  a2  a3  b6  b8  
Depth: 5

Examined 219/279 game states in 0.018 s.

Opponent moves: g1

  a b c d e f g h
1 @ @ @ @ O O O @
2 . @ @ @ O O O @
3 . @ O O O @ O @
4 @ @ O @ @ @ O @
5 @ O @ @ @ @ O @
6 O * O O O @ O @
7 * * O O O O @ @
8 . * @ @ @ @ O @
Score: 33-24

Valid moves: b6  a7  b7  b8  
Depth: 5

Examined 246/291 game states in 0.016 s.

Player moves: a7

  a b c d e f g h
1 @ @ @ @ O O O @
2 * @ @ @ O O O @
3 * @ O O O @ O @
4 @ @ O @ @ @ O @
5 @ O @ @ @ @ O @
6 @ * O O O @ O @
7 @ . O O O O @ @
8 . * @ @ @ @ O @
Score: 35-23

Valid moves: a2  a3  b6  b8  
Depth: 5

Examined 87/111 game states in 0.017 s.

Opponent moves: b6

  a b c d e f g h
1 @ @ @ @ O O O @
2 . @ @ @ O O O @
3 . @ O O O @ O @
4 @ @ O O @ @ O @
5 @ O O @ @ @ O @
6 @ O O O O @ O @
7 @ * O O O O @ @
8 . * @ @ @ @ O @
Score: 33-26

Valid moves: b7  b8  
Depth: 5

Examined 61/61 game states in 0.003 s.

Player moves: b7

  a b c d e f g h
1 @ @ @ @ O O O @
2 * @ @ @ O O O @
3 * @ O O O @ O @
4 @ @ O O @ @ O @
5 @ @ O @ @ @ O @
6 @ @ @ O O @ O @
7 @ @ @ @ @ @ @ @
8 * * @ @ @ @ O @
Score: 41-19

Valid moves: a2  a3  a8  b8  
Depth: 5

Examined 33/33 game states in 0.007 s.

Opponent moves: a8

  a b c d e f g h
1 @ @ @ @ O O O @
2 . @ @ @ O O O @
3 . @ O O O O O @
4 @ @ O O O @ O @
5 @ @ O O @ @ O @
6 @ @ O O O @ O @
7 @ O @ @ @ @ @ @
8 O * @ @ @ @ O @
Score: 36-25

Valid moves: b8  
Depth: 5

Examined 10/10 game states in 0.002 s.

Player moves: b8

  a b c d e f g h
1 @ @ @ @ O O O @
2 * @ @ @ O O O @
3 * @ O O O O O @
4 @ @ O O O @ O @
5 @ @ O O @ @ O @
6 @ @ O O O @ O @
7 @ @ @ @ @ @ @ @
8 O @ @ @ @ @ O @
Score: 38-24

Valid moves: a2  a3  
Depth: 5

Examined 11/11 game states in 0 s.

Opponent moves: a3

  a b c d e f g h
1 @ @ @ @ O O O @
2 * @ @ @ O O O @
3 O O O O O O O @
4 O O O O O @ O @
5 O @ O O @ @ O @
6 O @ O O O @ O @
7 O @ @ @ @ @ @ @
8 O @ @ @ @ @ O @
Score: 32-31

Valid moves: a2  
Depth: 5

Examined 6/6 game states in 0 s.

Player moves: a2

  a b c d e f g h
1 @ @ @ @ O O O @
2 @ @ @ @ O O O @
3 O @ O O O O O @
4 O O @ O O @ O @
5 O @ O @ @ @ O @
6 O @ O O @ @ O @
7 O @ @ @ @ @ @ @
8 O @ @ @ @ @ O @
Score: 37-27
YOU WIN. EXCELLENT.
Game over.

Game took 64.311 s.
