OTHELLO
Settings: 
  Play mode:    	automatic
  Player first: 	Yes
  Clear screen: 	Yes
  Verbosity:    	0
  AI max depth: 	0 (based on move number)
  AI timeout:   	2 seconds.
  AI time mode: 	Time-limited
Enter moves in form xy (no space).

  a b c d e f g h
1 . . . . . . . .
2 . . . . . . . .
3 . . . . * . . .
4 . . . @ O * . .
5 . . * O @ . . .
6 . . . * . . . .
7 . . . . . . . .
8 . . . . . . . .
Score: 2-2

Valid moves: e3  f4  c5  d6  
Time remaining. Increasing depth to 2
Time remaining. Increasing depth to 3
Time remaining. Increasing depth to 4
Time remaining. Increasing depth to 5
Time remaining. Increasing depth to 6
Time remaining. Increasing depth to 7
Time remaining. Increasing depth to 8

Examined 37689/66717 game states in 2.015 s.

Player moves: e3

  a b c d e f g h
1 . . . . . . . .
2 . . . . . . . .
3 . . . * @ * . .
4 . . . @ @ . . .
5 . . . O @ * . .
6 . . . . . . . .
7 . . . . . . . .
8 . . . . . . . .
Score: 4-1

Valid moves: d3  f3  f5  
Time remaining. Increasing depth to 2
Time remaining. Increasing depth to 3
Time remaining. Increasing depth to 4
Time remaining. Increasing depth to 5
Time remaining. Increasing depth to 6
Time remaining. Increasing depth to 7

Examined 34536/66064 game states in 2.015 s.

Opponent moves: f3

  a b c d e f g h
1 . . . . . . . .
2 . . . . . . . .
3 . . . . @ O * .
4 . . . @ O * . .
5 . . * O @ . . .
6 . . . * . . . .
7 . . . . . . . .
8 . . . . . . . .
Score: 3-3

Valid moves: g3  f4  c5  d6  
Time remaining. Increasing depth to 2
Time remaining. Increasing depth to 3
Time remaining. Increasing depth to 4
Time remaining. Increasing depth to 5
Time remaining. Increasing depth to 6
Time remaining. Increasing depth to 7

Examined 32372/66722 game states in 2.015 s.

Player moves: g3

  a b c d e f g h
1 . . . . . . . .
2 . . . . * . * .
3 . . . * @ @ @ .
4 . . * @ O . . .
5 . . . O @ * . .
6 . . . . * . . .
7 . . . . . . . .
8 . . . . . . . .
Score: 5-2

Valid moves: e2  g2  d3  c4  f5  e6  
Time remaining. Increasing depth to 2
Time remaining. Increasing depth to 3
Time remaining. Increasing depth to 4
Time remaining. Increasing depth to 5
Time remaining. Increasing depth to 6
Time remaining. Increasing depth to 7

Examined 36174/66264 game states in 2.015 s.

Opponent moves: d3

  a b c d e f g h
1 . . . . . . . .
2 . . . . . . . .
3 . . * O @ @ @ .
4 . . . O O . . .
5 . . * O @ . . .
6 . . * . . . . .
7 . . . . . . . .
8 . . . . . . . .
Score: 4-4

Valid moves: c3  c5  c6  
Time remaining. Increasing depth to 2
Time remaining. Increasing depth to 3
Time remaining. Increasing depth to 4
Time remaining. Increasing depth to 5
Time remaining. Increasing depth to 6
Time remaining. Increasing depth to 7

Examined 33998/66429 game states in 2.015 s.

Player moves: c3

  a b c d e f g h
1 . . . . . . . .
2 . . * * * . * .
3 . . @ @ @ @ @ .
4 . . * @ O . . .
5 . . . O @ * . .
6 . . . . * . . .
7 . . . . . . . .
8 . . . . . . . .
Score: 7-2

Valid moves: c2  d2  e2  g2  c4  f5  e6  
Time remaining. Increasing depth to 2
Time remaining. Increasing depth to 3
Time remaining. Increasing depth to 4
Time remaining. Increasing depth to 5
Time remaining. Increasing depth to 6
Time remaining. Increasing depth to 7

Examined 37103/65808 game states in 2.015 s.

Opponent moves: d2

  a b c d e f g h
1 . . * . * . . .
2 . . . O . . . .
3 . . @ O @ @ @ .
4 . . . O O . . .
5 . . * O @ . . .
6 . . * . . . . .
7 . . . . . . . .
8 . . . . . . . .
Score: 5-5

Valid moves: c1  e1  c5  c6  
Time remaining. Increasing depth to 2
Time remaining. Increasing depth to 3
Time remaining. Increasing depth to 4
Time remaining. Increasing depth to 5
Time remaining. Increasing depth to 6
Time remaining. Increasing depth to 7

Examined 32179/66490 game states in 2.015 s.

Player moves: c6

  a b c d e f g h
1 . . . . . . . .
2 . * . O . * . .
3 . * @ O @ @ @ *
4 . * . O @ * . .
5 . . . @ @ * . .
6 . . @ * . * . .
7 . . . . . . . .
8 . . . . . . . .
Score: 8-3

Valid moves: b2  f2  b3  h3  b4  f4  f5  d6  f6  
Time remaining. Increasing depth to 2
Time remaining. Increasing depth to 3
Time remaining. Increasing depth to 4
Time remaining. Increasing depth to 5
Time remaining. Increasing depth to 6
Time remaining. Increasing depth to 7

Examined 35565/64395 game states in 2.015 s.

Opponent moves: h3

  a b c d e f g h
1 . . . * * . . .
2 . . * O * . * .
3 . . @ O O O O O
4 . . * O @ . . .
5 . . . @ @ . . .
6 . . @ . . . . .
7 . . . . . . . .
8 . . . . . . . .
Score: 5-7

Valid moves: d1  e1  c2  e2  g2  c4  
Time remaining. Increasing depth to 2
Time remaining. Increasing depth to 3
Time remaining. Increasing depth to 4
Time remaining. Increasing depth to 5
Time remaining. Increasing depth to 6
Time remaining. Increasing depth to 7

Examined 33505/65077 game states in 2.015 s.

Player moves: d1

  a b c d e f g h
1 . . * @ . . . .
2 . . . @ . . . .
3 . * @ @ O O O O
4 . . . @ @ . . .
5 . . * @ @ . . .
6 . . @ . * . . .
7 . * . . . . . .
8 . . . . . . . .
Score: 9-4

Valid moves: c1  b3  c5  e6  b7  
Time remaining. Increasing depth to 2
Time remaining. Increasing depth to 3
Time remaining. Increasing depth to 4
Time remaining. Increasing depth to 5
Time remaining. Increasing depth to 6
Time remaining. Increasing depth to 7

Examined 31366/65673 game states in 2.016 s.

Opponent moves: c5

  a b c d e f g h
1 . . . @ . . . .
2 . . . @ * . * .
3 . . @ @ O O O O
4 . . * O @ * . .
5 . * O @ @ . . .
6 . . @ . . . . .
7 . . . . . . . .
8 . . . . . . . .
Score: 8-6

Valid moves: e2  g2  c4  f4  b5  
Time remaining. Increasing depth to 2
Time remaining. Increasing depth to 3
Time remaining. Increasing depth to 4
Time remaining. Increasing depth to 5
Time remaining. Increasing depth to 6
Time remaining. Increasing depth to 7

Examined 31520/65927 game states in 2.015 s.

Player moves: c4

  a b c d e f g h
1 . . * @ . . . .
2 . . . @ . . . .
3 . * @ @ O O O O
4 . . @ @ @ . . .
5 . . @ @ @ . . .
6 . * @ . * . . .
7 . * . . . . . .
8 . . . . . . . .
Score: 11-4

Valid moves: c1  b3  b6  e6  b7  
Time remaining. Increasing depth to 2
Time remaining. Increasing depth to 3
Time remaining. Increasing depth to 4
Time remaining. Increasing depth to 5
Time remaining. Increasing depth to 6
Time remaining. Increasing depth to 7

Examined 31475/66125 game states in 2.016 s.

Opponent moves: e6

  a b c d e f g h
1 . . . @ . . . .
2 . . . @ . * * .
3 . . @ @ O O O O
4 . . @ @ O * . .
5 . . @ @ O * . .
6 . . @ . O * . .
7 . . . . . * . .
8 . . . . . . . .
Score: 9-7

Valid moves: f2  g2  f4  f5  f6  f7  
Time remaining. Increasing depth to 2
Time remaining. Increasing depth to 3
Time remaining. Increasing depth to 4
Time remaining. Increasing depth to 5
Time remaining. Increasing depth to 6

Examined 28174/65252 game states in 2.015 s.

Player moves: f4

  a b c d e f g h
1 . . . @ . . . .
2 . * . @ * . . .
3 . * @ @ @ O O O
4 . . @ @ @ @ . .
5 . * @ @ O * . .
6 . . @ . O . . .
7 . * . . . . . .
8 . . . . . . . .
Score: 12-5

Valid moves: b2  e2  b3  b5  f5  b7  
Time remaining. Increasing depth to 2
Time remaining. Increasing depth to 3
Time remaining. Increasing depth to 4
Time remaining. Increasing depth to 5
Time remaining. Increasing depth to 6

Examined 20713/66751 game states in 2.016 s.

Opponent moves: f5

  a b c d e f g h
1 . . . @ . . . .
2 . . . @ . . * .
3 . . @ @ @ O O O
4 . . @ @ @ O * .
5 . . @ @ O O * .
6 . . @ . O * * .
7 . . . . * * . .
8 . . . . . . . .
Score: 11-7

Valid moves: g2  g4  g5  f6  g6  e7  f7  
Time remaining. Increasing depth to 2
Time remaining. Increasing depth to 3
Time remaining. Increasing depth to 4
Time remaining. Increasing depth to 5
Time remaining. Increasing depth to 6

Examined 21341/67200 game states in 2.015 s.

Player moves: f6

  a b c d e f g h
1 . . * @ . . . .
2 . . * @ * . . .
3 . * @ @ @ O O O
4 . * @ @ @ O . .
5 . * @ @ @ O . .
6 . . @ * O @ * .
7 . * . . . * . .
8 . . . . . . . .
Score: 13-6

Valid moves: c1  c2  e2  b3  b4  b5  d6  g6  b7  f7  
Time remaining. Increasing depth to 2
Time remaining. Increasing depth to 3
Time remaining. Increasing depth to 4
Time remaining. Increasing depth to 5
Time remaining. Increasing depth to 6

Examined 21171/67444 game states in 2.016 s.

Opponent moves: g6

  a b c d e f g h
1 . . . @ . . . .
2 . . . @ . . * *
3 . . @ @ @ O O O
4 . . @ @ @ O * .
5 . . @ @ @ O * .
6 . . @ . O O O .
7 . . . . * * * *
8 . . . . . . . .
Score: 12-8

Valid moves: g2  h2  g4  g5  e7  f7  g7  h7  
Time remaining. Increasing depth to 2
Time remaining. Increasing depth to 3
Time remaining. Increasing depth to 4
Time remaining. Increasing depth to 5
Time remaining. Increasing depth to 6

Examined 22668/67225 game states in 2.015 s.

Player moves: e7

  a b c d e f g h
1 . . * @ . . . .
2 . * * @ . . . .
3 . * @ @ @ O O O
4 . * @ @ @ O . .
5 . * @ @ @ O . .
6 . . @ * @ O O .
7 . * . * @ . . .
8 . . . * . . . .
Score: 14-7

Valid moves: c1  b2  c2  b3  b4  b5  d6  b7  d7  d8  
Time remaining. Increasing depth to 2
Time remaining. Increasing depth to 3
Time remaining. Increasing depth to 4
Time remaining. Increasing depth to 5
Time remaining. Increasing depth to 6

Examined 26449/66324 game states in 2.016 s.

Opponent moves: d7

  a b c d e f g h
1 . . . @ . . . .
2 . . . @ . . * *
3 . . @ @ @ O O O
4 . . @ @ @ O * .
5 . . @ @ @ O * .
6 . . @ . O O O .
7 . . * O @ * * *
8 . . . . * . . .
Score: 13-9

Valid moves: g2  h2  g4  g5  c7  f7  g7  h7  e8  
Time remaining. Increasing depth to 2
Time remaining. Increasing depth to 3
Time remaining. Increasing depth to 4
Time remaining. Increasing depth to 5
Time remaining. Increasing depth to 6

Examined 22631/67535 game states in 2.015 s.

Player moves: g5

  a b c d e f g h
1 . . . @ . . . .
2 . . * @ * . . .
3 . * @ @ @ O O O
4 . . @ @ @ @ * .
5 . * @ @ @ @ @ .
6 . . @ * O @ O .
7 . * . O @ * . .
8 . . . . * . . .
Score: 17-6

Valid moves: c2  e2  b3  g4  b5  d6  b7  f7  e8  
Time remaining. Increasing depth to 2
Time remaining. Increasing depth to 3
Time remaining. Increasing depth to 4
Time remaining. Increasing depth to 5
Time remaining. Increasing depth to 6

Examined 24186/68036 game states in 2.016 s.

Opponent moves: e8

  a b c d e f g h
1 . . . @ . . . .
2 . . . @ . * * *
3 . . @ @ @ O O O
4 . . @ @ @ @ . .
5 . . @ @ @ @ @ .
6 . . @ * O @ O *
7 . . . O O * * *
8 . . * * O . . .
Score: 16-8

Valid moves: f2  g2  h2  d6  h6  f7  g7  h7  c8  d8  
Time remaining. Increasing depth to 2
Time remaining. Increasing depth to 3
Time remaining. Increasing depth to 4
Time remaining. Increasing depth to 5
Time remaining. Increasing depth to 6

Examined 28737/68044 game states in 2.015 s.

Player moves: c8

  a b c d e f g h
1 . . . @ . . . .
2 . . * @ * . . .
3 . * @ @ @ O O O
4 . . @ @ @ @ * *
5 . * @ @ @ @ @ .
6 . . @ * @ @ O .
7 . * * @ O * . .
8 . . @ . O . . .
Score: 19-6

Valid moves: c2  e2  b3  g4  h4  b5  d6  b7  c7  f7  
Time remaining. Increasing depth to 2
Time remaining. Increasing depth to 3
Time remaining. Increasing depth to 4
Time remaining. Increasing depth to 5
Time remaining. Increasing depth to 6

Examined 25887/68403 game states in 2.016 s.

Opponent moves: c7

  a b c d e f g h
1 . . . @ . . . .
2 . . . @ . * * *
3 . . @ @ @ O O O
4 . . @ @ @ @ . .
5 . . @ @ @ @ @ .
6 . . @ . @ @ O *
7 . . O O O . * *
8 . . @ * O . . .
Score: 18-8

Valid moves: f2  g2  h2  h6  g7  h7  d8  
Time remaining. Increasing depth to 2
Time remaining. Increasing depth to 3
Time remaining. Increasing depth to 4
Time remaining. Increasing depth to 5
Time remaining. Increasing depth to 6

Examined 33782/68840 game states in 2.015 s.

Player moves: f2

  a b c d e f g h
1 . . . @ * . . .
2 . . * @ * @ . .
3 . * @ @ @ @ O O
4 . . @ @ @ @ * *
5 . * @ @ @ @ @ .
6 . . @ * @ @ O .
7 . . O O O . . .
8 . . @ . O . . .
Score: 20-7

Valid moves: e1  c2  e2  b3  g4  h4  b5  d6  
Time remaining. Increasing depth to 2
Time remaining. Increasing depth to 3
Time remaining. Increasing depth to 4
Time remaining. Increasing depth to 5
Time remaining. Increasing depth to 6

Examined 24873/70516 game states in 2.016 s.

Opponent moves: h4

  a b c d e f g h
1 . . . @ . . . .
2 . . . @ . @ . *
3 . . @ @ @ @ O O
4 . . @ @ @ @ . O
5 . . @ @ @ @ O *
6 . . @ . @ O O *
7 . . O O O * * *
8 . . @ . O . . .
Score: 18-10

Valid moves: h2  h5  h6  f7  g7  h7  
Time remaining. Increasing depth to 2
Time remaining. Increasing depth to 3
Time remaining. Increasing depth to 4
Time remaining. Increasing depth to 5
Time remaining. Increasing depth to 6

Examined 29502/70462 game states in 2.015 s.

Player moves: h6

  a b c d e f g h
1 . . . @ * . . .
2 . . * @ * @ . .
3 . * @ @ @ @ O O
4 . . @ @ @ @ * O
5 . * @ @ @ @ @ .
6 . . @ * @ @ @ @
7 . . O O O . . .
8 . . @ . O . . .
Score: 22-7

Valid moves: e1  c2  e2  b3  g4  b5  d6  
Time remaining. Increasing depth to 2
Time remaining. Increasing depth to 3
Time remaining. Increasing depth to 4
Time remaining. Increasing depth to 5
Time remaining. Increasing depth to 6

Examined 33157/71319 game states in 2.016 s.

Opponent moves: b3

  a b c d e f g h
1 . . . @ . . . .
2 * * * @ * @ * *
3 . O O O O O O O
4 . * @ @ @ @ . O
5 . . @ @ @ @ @ .
6 . . @ . @ @ @ @
7 . . O O O . . .
8 . . @ * O . . .
Score: 18-12

Valid moves: a2  b2  c2  e2  g2  h2  b4  d8  
Time remaining. Increasing depth to 2
Time remaining. Increasing depth to 3
Time remaining. Increasing depth to 4
Time remaining. Increasing depth to 5
Time remaining. Increasing depth to 6

Examined 33330/71502 game states in 2.015 s.

Player moves: e2

  a b c d e f g h
1 . . . @ * * . .
2 . . . @ @ @ . .
3 . O O @ @ O O O
4 . . @ @ @ @ * O
5 . * @ @ @ @ @ .
6 . . @ * @ @ @ @
7 . * O O O * * .
8 . . @ . O . . .
Score: 21-10

Valid moves: e1  f1  g4  b5  d6  b7  f7  g7  
Time remaining. Increasing depth to 2
Time remaining. Increasing depth to 3
Time remaining. Increasing depth to 4
Time remaining. Increasing depth to 5
Time remaining. Increasing depth to 6

Examined 27473/73341 game states in 2.016 s.

Opponent moves: f1

  a b c d e f g h
1 . . . @ . O * .
2 * * * @ @ O * *
3 * O O @ @ O O O
4 . * @ @ @ @ * O
5 . . @ @ @ @ @ .
6 . . @ . @ @ @ @
7 . . O O O . . .
8 . . @ * O . . .
Score: 20-12

Valid moves: g1  a2  b2  c2  g2  h2  a3  b4  g4  d8  
Time remaining. Increasing depth to 2
Time remaining. Increasing depth to 3
Time remaining. Increasing depth to 4
Time remaining. Increasing depth to 5
Time remaining. Increasing depth to 6

Examined 28607/74223 game states in 2.015 s.

Player moves: a3

  a b c d e f g h
1 . . . @ * O . .
2 . . * @ @ O . .
3 @ @ @ @ @ O O O
4 . . @ @ @ @ * O
5 . * @ @ @ @ @ .
6 . * @ * @ @ @ @
7 . * O O O * . .
8 . . @ . O . . .
Score: 23-10

Valid moves: e1  c2  g4  b5  b6  d6  b7  f7  
Time remaining. Increasing depth to 2
Time remaining. Increasing depth to 3
Time remaining. Increasing depth to 4
Time remaining. Increasing depth to 5
Time remaining. Increasing depth to 6

Examined 29717/76189 game states in 2.015 s.

Opponent moves: d6

  a b c d e f g h
1 . . . @ . O * .
2 . . . @ @ O * .
3 @ @ @ @ @ O O O
4 . . @ @ @ O * O
5 . . @ @ O @ @ .
6 . . @ O @ @ @ @
7 . . O O O . . .
8 . . @ * O * . .
Score: 21-13

Valid moves: g1  g2  g4  d8  f8  
Time remaining. Increasing depth to 2
Time remaining. Increasing depth to 3
Time remaining. Increasing depth to 4
Time remaining. Increasing depth to 5
Time remaining. Increasing depth to 6

Examined 32889/78311 game states in 2.016 s.

Player moves: g4

  a b c d e f g h
1 . . . @ * O . .
2 . * * @ @ O . .
3 @ @ @ @ @ @ O O
4 . * @ @ @ @ @ O
5 . * @ @ O @ @ *
6 . * @ O @ @ @ @
7 . . O O O * * .
8 . . @ . O . . .
Score: 24-11

Valid moves: e1  b2  c2  b4  b5  h5  b6  f7  g7  
Time remaining. Increasing depth to 2
Time remaining. Increasing depth to 3
Time remaining. Increasing depth to 4
Time remaining. Increasing depth to 5
Time remaining. Increasing depth to 6

Examined 29429/81078 game states in 2.016 s.

Opponent moves: f7

  a b c d e f g h
1 . . . @ . O * .
2 . . . @ @ O * .
3 @ @ @ @ @ O O O
4 . . @ @ @ O @ O
5 . . @ @ O O @ .
6 . . @ O @ O @ @
7 . . O O O O * .
8 . . @ * O * * .
Score: 20-16

Valid moves: g1  g2  g7  d8  f8  g8  
Time remaining. Increasing depth to 2
Time remaining. Increasing depth to 3
Time remaining. Increasing depth to 4
Time remaining. Increasing depth to 5
Time remaining. Increasing depth to 6

Examined 29273/83048 game states in 2.016 s.

Player moves: g8

  a b c d e f g h
1 . . * @ * O . .
2 . * * @ @ O . .
3 @ @ @ @ @ O O O
4 . * @ @ @ O @ O
5 . * @ @ O O @ *
6 . * @ O @ O @ @
7 . * O O O @ * *
8 . . @ . O * @ .
Score: 22-15

Valid moves: c1  e1  b2  c2  b4  b5  h5  b6  b7  g7  h7  f8  
Time remaining. Increasing depth to 2
Time remaining. Increasing depth to 3
Time remaining. Increasing depth to 4
Time remaining. Increasing depth to 5
Time remaining. Increasing depth to 6

Examined 38356/82670 game states in 2.015 s.

Opponent moves: b5

  a b c d e f g h
1 . . . @ * O * .
2 . . * @ O O * .
3 @ @ @ O @ O O O
4 . * O @ @ O @ O
5 * O O O O O @ .
6 . * O O @ O @ @
7 . * O O O @ * .
8 . . @ * O . @ .
Score: 16-22

Valid moves: e1  g1  c2  g2  b4  a5  b6  b7  g7  d8  
Time remaining. Increasing depth to 2
Time remaining. Increasing depth to 3
Time remaining. Increasing depth to 4
Time remaining. Increasing depth to 5
Time remaining. Increasing depth to 6

Examined 40146/82707 game states in 2.015 s.

Player moves: b4

  a b c d e f g h
1 . . * @ . O . .
2 * * * @ O O . .
3 @ @ @ O @ O O O
4 * @ @ @ @ O @ O
5 . O O O O O @ *
6 . . O O @ O @ @
7 . . O O O @ * *
8 . . @ . O * @ .
Score: 18-21

Valid moves: c1  a2  b2  c2  a4  h5  g7  h7  f8  
Time remaining. Increasing depth to 2
Time remaining. Increasing depth to 3
Time remaining. Increasing depth to 4
Time remaining. Increasing depth to 5
Time remaining. Increasing depth to 6

Examined 37155/86108 game states in 2.016 s.

Opponent moves: c1

  a b c d e f g h
1 . * O @ * O * .
2 . . * O O O * .
3 @ @ @ O O O O O
4 . @ @ @ @ O @ O
5 * O O O O O @ .
6 * * O O @ O @ @
7 . * O O O @ * .
8 . . @ * O * @ .
Score: 16-24

Valid moves: b1  e1  g1  c2  g2  a5  a6  b6  b7  g7  d8  f8  
Time remaining. Increasing depth to 2
Time remaining. Increasing depth to 3
Time remaining. Increasing depth to 4
Time remaining. Increasing depth to 5
Time remaining. Increasing depth to 6

Examined 42291/84866 game states in 2.016 s.

Player moves: b1

  a b c d e f g h
1 . @ @ @ . O . .
2 * * * O O O . .
3 @ @ @ O O O O O
4 * @ @ @ @ O @ O
5 * O O O O O @ *
6 . . O O @ O @ @
7 . . O O O @ * *
8 . . @ . O * @ .
Score: 18-23

Valid moves: a2  b2  c2  a4  a5  h5  g7  h7  f8  
Time remaining. Increasing depth to 2
Time remaining. Increasing depth to 3
Time remaining. Increasing depth to 4
Time remaining. Increasing depth to 5
Time remaining. Increasing depth to 6

Examined 39234/87557 game states in 2.016 s.

Opponent moves: c2

  a b c d e f g h
1 . @ @ @ * O * .
2 . * O O O O * .
3 @ @ O O O O O O
4 . @ O @ @ O @ O
5 * O O O O O @ .
6 . * O O @ O @ @
7 . * O O O @ * .
8 . . @ * O * @ .
Score: 16-26

Valid moves: e1  g1  b2  g2  a5  b6  b7  g7  d8  f8  
Time remaining. Increasing depth to 2
Time remaining. Increasing depth to 3
Time remaining. Increasing depth to 4
Time remaining. Increasing depth to 5
Time remaining. Increasing depth to 6

Examined 42755/88326 game states in 2.016 s.

Player moves: b6

  a b c d e f g h
1 . @ @ @ . O . .
2 * . O O O O . .
3 @ @ O O O O O O
4 * @ O @ @ O @ O
5 * @ @ O O O @ *
6 * @ @ @ @ O @ @
7 * * O O O @ * *
8 . . @ . O * @ .
Score: 21-22

Valid moves: a2  a4  a5  h5  a6  a7  b7  g7  h7  f8  
Time remaining. Increasing depth to 2
Time remaining. Increasing depth to 3
Time remaining. Increasing depth to 4
Time remaining. Increasing depth to 5
Time remaining. Increasing depth to 6

Examined 37642/92393 game states in 2.015 s.

Opponent moves: a7

  a b c d e f g h
1 . @ @ @ * O . .
2 . . O O O O * *
3 @ @ O O O O O O
4 . @ O O @ O @ O
5 . @ O O O O @ .
6 * O @ @ @ O @ @
7 O * O O O @ . .
8 . * @ * O * @ .
Score: 18-26

Valid moves: e1  g2  h2  a6  b7  b8  d8  f8  
Time remaining. Increasing depth to 2
Time remaining. Increasing depth to 3
Time remaining. Increasing depth to 4
Time remaining. Increasing depth to 5
Time remaining. Increasing depth to 6

Examined 41755/93310 game states in 2.016 s.

Player moves: b8

  a b c d e f g h
1 . @ @ @ . O . .
2 * * O O O O . .
3 @ @ O O O O O O
4 * @ O O @ O @ O
5 * @ O O O O @ *
6 * O @ @ @ O @ @
7 O * @ O O @ * *
8 . @ @ * O * @ .
Score: 20-25

Valid moves: a2  b2  a4  a5  h5  a6  b7  g7  h7  d8  f8  
Time remaining. Increasing depth to 2
Time remaining. Increasing depth to 3
Time remaining. Increasing depth to 4
Time remaining. Increasing depth to 5
Time remaining. Increasing depth to 6

Examined 44643/95252 game states in 2.016 s.

Opponent moves: h5

  a b c d e f g h
1 . @ @ @ * O . .
2 . . O O O O * *
3 @ @ O O O O O O
4 . @ O O @ O O O
5 * @ O O O O O O
6 * O @ @ @ O O @
7 O * @ O O O * *
8 . @ @ * O * @ .
Score: 16-30

Valid moves: e1  g2  h2  a5  a6  b7  g7  h7  d8  f8  
Time remaining. Increasing depth to 2
Time remaining. Increasing depth to 3
Time remaining. Increasing depth to 4
Time remaining. Increasing depth to 5
Time remaining. Increasing depth to 6
Time remaining. Increasing depth to 7

Examined 54236/95433 game states in 2.016 s.

Player moves: h2

  a b c d e f g h
1 . @ @ @ . O . .
2 * * O O O O * @
3 @ @ O O O O @ @
4 * @ O O @ @ O @
5 * @ O O @ O O @
6 * O @ @ @ O O @
7 O * @ O O O . .
8 . @ @ * O . @ .
Score: 23-24

Valid moves: a2  b2  g2  a4  a5  a6  b7  d8  
Time remaining. Increasing depth to 2
Time remaining. Increasing depth to 3
Time remaining. Increasing depth to 4
Time remaining. Increasing depth to 5
Time remaining. Increasing depth to 6

Examined 53480/98959 game states in 2.016 s.

Opponent moves: d8

  a b c d e f g h
1 . @ @ @ * O . .
2 . * O O O O * @
3 @ @ O O O O @ @
4 . @ O O @ @ O @
5 . @ O O @ O O @
6 * O @ @ @ O O @
7 O * O O O O * *
8 . @ @ O O * @ .
Score: 22-26

Valid moves: e1  b2  g2  a6  b7  g7  h7  f8  
Time remaining. Increasing depth to 2
Time remaining. Increasing depth to 3
Time remaining. Increasing depth to 4
Time remaining. Increasing depth to 5
Time remaining. Increasing depth to 6
Time remaining. Increasing depth to 7

Examined 60423/101069 game states in 2.015 s.

Player moves: f8

  a b c d e f g h
1 . @ @ @ . O . .
2 * * O O O O * @
3 @ @ O O O O @ @
4 * @ O O @ @ O @
5 * @ O O @ @ O @
6 * O @ @ @ @ O @
7 O * O O @ @ * .
8 . @ @ @ @ @ @ .
Score: 29-20

Valid moves: a2  b2  g2  a4  a5  a6  b7  g7  
Time remaining. Increasing depth to 2
Time remaining. Increasing depth to 3
Time remaining. Increasing depth to 4
Time remaining. Increasing depth to 5
Time remaining. Increasing depth to 6
Time remaining. Increasing depth to 7

Examined 61595/104107 game states in 2.016 s.

Opponent moves: g7

  a b c d e f g h
1 . @ @ @ * O . .
2 . . O O O O * @
3 @ @ O O O O @ @
4 . @ O O @ @ O @
5 * @ O O O @ O @
6 * O @ @ @ O O @
7 O * O O O O O *
8 . @ @ @ @ @ @ .
Score: 25-25

Valid moves: e1  g2  a5  a6  b7  h7  
Time remaining. Increasing depth to 2
Time remaining. Increasing depth to 3
Time remaining. Increasing depth to 4
Time remaining. Increasing depth to 5
Time remaining. Increasing depth to 6
Time remaining. Increasing depth to 7

Examined 61411/108003 game states in 2.016 s.

Player moves: h7

  a b c d e f g h
1 . @ @ @ . O . .
2 * * O O O O * @
3 @ @ O O O O @ @
4 * @ O O @ @ O @
5 * @ O O O @ O @
6 * O @ @ @ O @ @
7 O * O O O O O @
8 . @ @ @ @ @ @ .
Score: 27-24

Valid moves: a2  b2  g2  a4  a5  a6  b7  
Time remaining. Increasing depth to 2
Time remaining. Increasing depth to 3
Time remaining. Increasing depth to 4
Time remaining. Increasing depth to 5
Time remaining. Increasing depth to 6
Time remaining. Increasing depth to 7

Examined 67531/110958 game states in 2.015 s.

Opponent moves: a5

  a b c d e f g h
1 . @ @ @ * O . .
2 . . O O O O * @
3 @ @ O O O O @ @
4 * O O O @ @ O @
5 O O O O O @ O @
6 * O @ @ @ O @ @
7 O * O O O O O @
8 . @ @ @ @ @ @ .
Score: 25-27

Valid moves: e1  g2  a4  a6  b7  
Time remaining. Increasing depth to 2
Time remaining. Increasing depth to 3
Time remaining. Increasing depth to 4
Time remaining. Increasing depth to 5
Time remaining. Increasing depth to 6
Time remaining. Increasing depth to 7

Examined 63848/118691 game states in 2.016 s.

Player moves: a6

  a b c d e f g h
1 . @ @ @ . O . .
2 * * O O O O * @
3 @ @ O O O O @ @
4 * O O O @ @ O @
5 O O O O O @ O @
6 @ @ @ @ @ O @ @
7 O * O O O O O @
8 . @ @ @ @ @ @ .
Score: 27-26

Valid moves: a2  b2  g2  a4  b7  
Time remaining. Increasing depth to 2
Time remaining. Increasing depth to 3
Time remaining. Increasing depth to 4
Time remaining. Increasing depth to 5
Time remaining. Increasing depth to 6
Time remaining. Increasing depth to 7
Time remaining. Increasing depth to 8

Examined 78885/119751 game states in 2.015 s.

Opponent moves: a4

  a b c d e f g h
1 . @ @ @ * O * .
2 * * O O O O * @
3 @ O O O O O @ @
4 O O O O @ @ O @
5 O O O O O @ O @
6 @ @ @ @ @ O @ @
7 O * O O O O O @
8 * @ @ @ @ @ @ .
Score: 26-28

Valid moves: e1  g1  a2  b2  g2  b7  a8  
Time remaining. Increasing depth to 2
Time remaining. Increasing depth to 3
Time remaining. Increasing depth to 4
Time remaining. Increasing depth to 5
Time remaining. Increasing depth to 6
Time remaining. Increasing depth to 7
Time remaining. Increasing depth to 8

Examined 86186/124632 game states in 2.016 s.

Player moves: g1

  a b c d e f g h
1 . @ @ @ . O @ *
2 * . O O O @ * @
3 @ O O O @ O @ @
4 O O O @ @ @ O @
5 O O @ O O @ O @
6 @ @ @ @ @ O @ @
7 O * O O O O O @
8 . @ @ @ @ @ @ .
Score: 31-24

Valid moves: h1  a2  g2  b7  
Time remaining. Increasing depth to 2
Time remaining. Increasing depth to 3
Time remaining. Increasing depth to 4
Time remaining. Increasing depth to 5
Time remaining. Increasing depth to 6
Time remaining. Increasing depth to 7
Time remaining. Increasing depth to 8

Examined 99671/128786 game states in 2.016 s.

Opponent moves: h1

  a b c d e f g h
1 . @ @ @ * O O O
2 * * O O O @ * @
3 @ O O O @ O @ @
4 O O O @ @ @ O @
5 O O @ O O @ O @
6 @ @ @ @ @ O @ @
7 O * O O O O O @
8 * @ @ @ @ @ @ *
Score: 30-26

Valid moves: e1  a2  b2  g2  b7  a8  h8  
Time remaining. Increasing depth to 2
Time remaining. Increasing depth to 3
Time remaining. Increasing depth to 4
Time remaining. Increasing depth to 5
Time remaining. Increasing depth to 6
Time remaining. Increasing depth to 7
Time remaining. Increasing depth to 8

Examined 112403/134267 game states in 2.016 s.

Player moves: h8

  a b c d e f g h
1 . @ @ @ . O O O
2 * . O O O @ * @
3 @ O O O @ O @ @
4 O O O @ @ @ O @
5 O O @ O @ @ O @
6 @ @ @ @ @ @ @ @
7 O * O O O O @ @
8 . @ @ @ @ @ @ @
Score: 34-23

Valid moves: a2  g2  b7  
Time remaining. Increasing depth to 2
Time remaining. Increasing depth to 3
Time remaining. Increasing depth to 4
Time remaining. Increasing depth to 5
Time remaining. Increasing depth to 6
Time remaining. Increasing depth to 7
Time remaining. Increasing depth to 8
Time remaining. Increasing depth to 9
Time remaining. Increasing depth to 10
Time remaining. Increasing depth to 11

Examined 223945/192819 game states in 2.016 s.

Opponent moves: g2

  a b c d e f g h
1 . @ @ @ * O O O
2 * * O O O O O @
3 @ O O O @ O O @
4 O O O @ @ @ O @
5 O O @ O @ @ O @
6 @ @ @ @ @ @ @ @
7 O * O O O O @ @
8 * @ @ @ @ @ @ @
Score: 32-26

Valid moves: e1  a2  b2  b7  a8  
Time remaining. Increasing depth to 2
Time remaining. Increasing depth to 3
Time remaining. Increasing depth to 4
Time remaining. Increasing depth to 5
Time remaining. Increasing depth to 6
Time remaining. Increasing depth to 7
Time remaining. Increasing depth to 8
Time remaining. Increasing depth to 9
Time remaining. Increasing depth to 10
Time remaining. Increasing depth to 11
Time remaining. Increasing depth to 12

Examined 342621/269960 game states in 2.016 s.

Player moves: a2

  a b c d e f g h
1 * @ @ @ . O O O
2 @ * O O O O O @
3 @ @ O O @ O O @
4 O O @ @ @ @ O @
5 O O @ @ @ @ O @
6 @ @ @ @ @ @ @ @
7 O * O O O O @ @
8 . @ @ @ @ @ @ @
Score: 36-23

Valid moves: a1  b2  b7  
Time remaining. Increasing depth to 2
Time remaining. Increasing depth to 3
Time remaining. Increasing depth to 4
Time remaining. Increasing depth to 5
Time remaining. Increasing depth to 6
Time remaining. Increasing depth to 7
Time remaining. Increasing depth to 8
Time remaining. Increasing depth to 9
Time remaining. Increasing depth to 10
Time remaining. Increasing depth to 11
Time remaining. Increasing depth to 12
Time remaining. Increasing depth to 13
Time remaining. Increasing depth to 14

Examined 531409/404905 game states in 2.016 s.

Opponent moves: a1

  a b c d e f g h
1 O @ @ @ * O O O
2 O * O O O O O @
3 O @ O O @ O O @
4 O O @ @ @ @ O @
5 O O @ @ @ @ O @
6 @ @ @ @ @ @ @ @
7 O * O O O O @ @
8 * @ @ @ @ @ @ @
Score: 34-26

Valid moves: e1  b2  b7  a8  
Time remaining. Increasing depth to 2
Time remaining. Increasing depth to 3
Time remaining. Increasing depth to 4
Time remaining. Increasing depth to 5
Time remaining. Increasing depth to 6
Time remaining. Increasing depth to 7
Time remaining. Increasing depth to 8
Time remaining. Increasing depth to 9
Time remaining. Increasing depth to 10
Time remaining. Increasing depth to 11
Time remaining. Increasing depth to 12
Time remaining. Increasing depth to 13
Time remaining. Increasing depth to 14

Examined 572708/439084 game states in 2.016 s.

Player moves: e1

  a b c d e f g h
1 O @ @ @ @ O O O
2 O * O O @ @ O @
3 O @ O O @ O @ @
4 O O @ @ @ @ O @
5 O O @ @ @ @ O @
6 @ @ @ @ @ @ @ @
7 O * O O O O @ @
8 . @ @ @ @ @ @ @
Score: 38-23

Valid moves: b2  b7  
Time remaining. Increasing depth to 2
Time remaining. Increasing depth to 3
Time remaining. Increasing depth to 4
Time remaining. Increasing depth to 5
Time remaining. Increasing depth to 6
Time remaining. Increasing depth to 7
Time remaining. Increasing depth to 8
Time remaining. Increasing depth to 9
Time remaining. Increasing depth to 10
Time remaining. Increasing depth to 11
Time remaining. Increasing depth to 12
Time remaining. Increasing depth to 13
Time remaining. Increasing depth to 14
Time remaining. Increasing depth to 15

Examined 584931/445356 game states in 2.016 s.

Opponent moves: b2

  a b c d e f g h
1 O @ @ @ @ O O O
2 O O O O @ @ O @
3 O O O O @ O @ @
4 O O @ @ @ @ O @
5 O O @ @ @ @ O @
6 @ @ @ @ @ @ @ @
7 O * O O O O @ @
8 * @ @ @ @ @ @ @
Score: 37-25

Valid moves: b7  a8  
Time remaining. Increasing depth to 2
Time remaining. Increasing depth to 3
Time remaining. Increasing depth to 4
Time remaining. Increasing depth to 5
Time remaining. Increasing depth to 6
Time remaining. Increasing depth to 7
Time remaining. Increasing depth to 8
Time remaining. Increasing depth to 9
Time remaining. Increasing depth to 10
Time remaining. Increasing depth to 11
Time remaining. Increasing depth to 12
Time remaining. Increasing depth to 13
Time remaining. Increasing depth to 14
Time remaining. Increasing depth to 15
Time remaining. Increasing depth to 16

Examined 594064/452813 game states in 2.015 s.

Player moves: a8

  a b c d e f g h
1 O @ @ @ @ O O O
2 O O O O @ @ O @
3 O O O O @ O @ @
4 O O @ @ @ @ O @
5 O O @ @ @ @ O @
6 @ @ @ @ @ @ @ @
7 @ * O O O O @ @
8 @ @ @ @ @ @ @ @
Score: 39-24

Valid moves: b7  
Time remaining. Increasing depth to 2
Time remaining. Increasing depth to 3
Time remaining. Increasing depth to 4
Time remaining. Increasing depth to 5
Time remaining. Increasing depth to 6
Time remaining. Increasing depth to 7
Time remaining. Increasing depth to 8
Time remaining. Increasing depth to 9
Time remaining. Increasing depth to 10
Time remaining. Increasing depth to 11
Time remaining. Increasing depth to 12
Time remaining. Increasing depth to 13
Time remaining. Increasing depth to 14
Time remaining. Increasing depth to 15
Time remaining. Increasing depth to 16
Time remaining. Increasing depth to 17

Examined 584458/448081 game states in 2.016 s.

Opponent moves: b7

  a b c d e f g h
1 O @ @ @ @ O O O
2 O O O O @ @ O @
3 O O O O @ O @ @
4 O O @ @ O @ O @
5 O O @ O @ @ O @
6 @ O O @ @ @ @ @
7 @ O O O O O @ @
8 @ @ @ @ @ @ @ @
Score: 35-29

Score: 35-29
Game over.

Game took 124.703 s.
