  Play mode:    	automatic
  Player first: 	Yes
  Clear screen: 	Yes
  Verbosity:    	0
  AI max depth: 	1 (fixed)
  AI timeout:   	10 seconds.
Enter moves in form xy (no space).

  a b c d e f g h
1 . . . . . . . .
2 . . . . . . . .
3 . . . . * . . .
4 . . . @ O * . .
5 . . * O @ . . .
6 . . . * . . . .
7 . . . . . . . .
8 . . . . . . . .
Score: 2-2

Valid moves: e3  f4  c5  d6  
Time remaining. Increasing depth to 2
Time remaining. Increasing depth to 3
Time remaining. Increasing depth to 4
Time remaining. Increasing depth to 5
Time remaining. Increasing depth to 6
Time remaining. Increasing depth to 7
Time remaining. Increasing depth to 8

Examined 151620/246944 game states in 10.001 s (timed out).

Player moves: e3

  a b c d e f g h
1 . . . . . . . .
2 . . . . . . . .
3 . . . * @ * . .
4 . . . @ @ . . .
5 . . . O @ * . .
6 . . . . . . . .
7 . . . . . . . .
8 . . . . . . . .
Score: 4-1

Valid moves: d3  f3  f5  
Time remaining. Increasing depth to 2
Time remaining. Increasing depth to 3
Time remaining. Increasing depth to 4
Time remaining. Increasing depth to 5
Time remaining. Increasing depth to 6
Time remaining. Increasing depth to 7
Time remaining. Increasing depth to 8

Examined 117637/250710 game states in 10.001 s (timed out).

Opponent moves: f3

  a b c d e f g h
1 . . . . . . . .
2 . . . . . . . .
3 . . . . @ O * .
4 . . . @ O * . .
5 . . * O @ . . .
6 . . . * . . . .
7 . . . . . . . .
8 . . . . . . . .
Score: 3-3

Valid moves: g3  f4  c5  d6  
Time remaining. Increasing depth to 2
Time remaining. Increasing depth to 3
Time remaining. Increasing depth to 4
Time remaining. Increasing depth to 5
Time remaining. Increasing depth to 6
Time remaining. Increasing depth to 7
Time remaining. Increasing depth to 8

Examined 104467/252577 game states in 10.001 s (timed out).

Player moves: f4

  a b c d e f g h
1 . . . . . . . .
2 . . . . . . . .
3 . . . * @ O . .
4 . . . @ @ @ . .
5 . . . O @ * . .
6 . . . . . . . .
7 . . . . . . . .
8 . . . . . . . .
Score: 5-2

Valid moves: d3  f5  
Time remaining. Increasing depth to 2
Time remaining. Increasing depth to 3
Time remaining. Increasing depth to 4
Time remaining. Increasing depth to 5
Time remaining. Increasing depth to 6
Time remaining. Increasing depth to 7
Time remaining. Increasing depth to 8

Examined 117773/241523 game states in 10.001 s (timed out).

Opponent moves: d3

  a b c d e f g h
1 . . . . . . . .
2 . . * * * * * .
3 . . * O O O . .
4 . . * O @ @ . .
5 . . * O @ . . .
6 . . * . . . . .
7 . . . . . . . .
8 . . . . . . . .
Score: 3-5

Valid moves: c2  d2  e2  f2  g2  c3  c4  c5  c6  
Time remaining. Increasing depth to 2
Time remaining. Increasing depth to 3
Time remaining. Increasing depth to 4
Time remaining. Increasing depth to 5
Time remaining. Increasing depth to 6
Time remaining. Increasing depth to 7

Examined 115994/249754 game states in 10.001 s (timed out).

Player moves: c3

  a b c d e f g h
1 . . . . . . . .
2 . . . . . . . .
3 . * @ O O O . .
4 . . . @ @ @ . .
5 . . * O @ * * .
6 . . . . * . . .
7 . . . . . . . .
8 . . . . . . . .
Score: 5-4

Valid moves: b3  c5  f5  g5  e6  
Time remaining. Increasing depth to 2
Time remaining. Increasing depth to 3
Time remaining. Increasing depth to 4
Time remaining. Increasing depth to 5
Time remaining. Increasing depth to 6
Time remaining. Increasing depth to 7

Examined 112242/241468 game states in 10.001 s (timed out).

Opponent moves: b3

  a b c d e f g h
1 . . . . . . . .
2 . * * * * * * .
3 . O O O O O . .
4 . . . @ @ @ . .
5 . . * O @ . . .
6 . . * * . . . .
7 . . . . . . . .
8 . . . . . . . .
Score: 4-6

Valid moves: b2  c2  d2  e2  f2  g2  c5  c6  d6  
Time remaining. Increasing depth to 2
Time remaining. Increasing depth to 3
Time remaining. Increasing depth to 4
Time remaining. Increasing depth to 5
Time remaining. Increasing depth to 6
Time remaining. Increasing depth to 7

Examined 107968/243359 game states in 10.001 s (timed out).

Player moves: d2

  a b c d e f g h
1 . . . * * . . .
2 . . . @ . . . .
3 . O O @ @ O . .
4 . . . @ @ @ . .
5 . . . O @ * . .
6 . . . . . * . .
7 . . . . . . . .
8 . . . . . . . .
Score: 7-4

Valid moves: d1  e1  f5  f6  
Time remaining. Increasing depth to 2
Time remaining. Increasing depth to 3
Time remaining. Increasing depth to 4
Time remaining. Increasing depth to 5
Time remaining. Increasing depth to 6
Time remaining. Increasing depth to 7

Examined 107516/236487 game states in 10.001 s (timed out).

Opponent moves: d1

  a b c d e f g h
1 . . * O . . . .
2 . * * O . * * .
3 * O O O @ O * .
4 . . * O @ @ . .
5 . . * O @ . . .
6 . . * . . . . .
7 . . . . . . . .
8 . . . . . . . .
Score: 4-8

Valid moves: c1  b2  c2  f2  g2  a3  g3  c4  c5  c6  
Time remaining. Increasing depth to 2
Time remaining. Increasing depth to 3
Time remaining. Increasing depth to 4
Time remaining. Increasing depth to 5
Time remaining. Increasing depth to 6
Time remaining. Increasing depth to 7

Examined 85120/199897 game states in 10.001 s (timed out).

Player moves: a3

  a b c d e f g h
1 . . . O . . . .
2 . * . O . * . .
3 @ @ @ @ @ O . .
4 . * . O @ @ * .
5 . . . O @ * * .
6 . . . . . * . .
7 . . . . . . . .
8 . . . . . . . .
Score: 8-5

Valid moves: b2  f2  b4  g4  f5  g5  f6  
Time remaining. Increasing depth to 2
Time remaining. Increasing depth to 3
Time remaining. Increasing depth to 4
Time remaining. Increasing depth to 5
Time remaining. Increasing depth to 6
Time remaining. Increasing depth to 7

Examined 117471/243930 game states in 10.001 s (timed out).

Opponent moves: f6

  a b c d e f g h
1 . . * O * . . .
2 . . . O . * * .
3 @ @ @ @ @ O * .
4 . . * O @ @ . .
5 . . * O O . . .
6 . . * * * O . .
7 . . . . . . * .
8 . . . . . . . .
Score: 7-7

Valid moves: c1  e1  f2  g2  g3  c4  c5  c6  d6  e6  g7  
Time remaining. Increasing depth to 2
Time remaining. Increasing depth to 3
Time remaining. Increasing depth to 4
Time remaining. Increasing depth to 5
Time remaining. Increasing depth to 6
Time remaining. Increasing depth to 7

Examined 111691/236897 game states in 10.001 s (timed out).

Player moves: c4

  a b c d e f g h
1 . . . O . . . .
2 * * . O * . . .
3 @ @ @ @ @ O * .
4 . * @ @ @ @ . .
5 . . . O O * * .
6 . . . . . O . .
7 . . . . . . . .
8 . . . . . . . .
Score: 9-6

Valid moves: a2  b2  e2  g3  b4  f5  g5  
Time remaining. Increasing depth to 2
Time remaining. Increasing depth to 3
Time remaining. Increasing depth to 4
Time remaining. Increasing depth to 5
Time remaining. Increasing depth to 6
Time remaining. Increasing depth to 7

Examined 96517/233679 game states in 10.002 s (timed out).

Opponent moves: f5

  a b c d e f g h
1 . . * O * . . .
2 . . . O . . * .
3 @ @ @ @ @ O * .
4 . . @ @ @ O * .
5 . . . O O O * .
6 . . * * * O * .
7 . . . . . . * .
8 . . . . . . . .
Score: 8-8

Valid moves: c1  e1  g2  g3  g4  g5  c6  d6  e6  g6  g7  
Time remaining. Increasing depth to 2
Time remaining. Increasing depth to 3
Time remaining. Increasing depth to 4
Time remaining. Increasing depth to 5
Time remaining. Increasing depth to 6
Time remaining. Increasing depth to 7

Examined 111718/243540 game states in 10.002 s (timed out).

Player moves: e6

  a b c d e f g h
1 . . . O . . . .
2 . * * O . . . .
3 @ @ @ @ @ O . .
4 . * @ @ @ O . .
5 . . * @ @ O . .
6 . . * * @ O . .
7 . . . * . . . .
8 . . . . . . . .
Score: 11-6

Valid moves: b2  c2  b4  c5  c6  d6  d7  
Time remaining. Increasing depth to 2
Time remaining. Increasing depth to 3
Time remaining. Increasing depth to 4
Time remaining. Increasing depth to 5
Time remaining. Increasing depth to 6
Time remaining. Increasing depth to 7

Examined 102352/254404 game states in 10.001 s (timed out).

Opponent moves: c2

  a b c d e f g h
1 . . * O * . . .
2 . . O O * . * .
3 @ @ @ O @ O * .
4 . . @ @ O O * .
5 . . . @ @ O * .
6 . . . . @ O * .
7 . . . . . . * .
8 . . . . . . . .
Score: 9-9

Valid moves: c1  e1  e2  g2  g3  g4  g5  g6  g7  
Time remaining. Increasing depth to 2
Time remaining. Increasing depth to 3
Time remaining. Increasing depth to 4
Time remaining. Increasing depth to 5
Time remaining. Increasing depth to 6

Examined 100172/248709 game states in 10.001 s (timed out).

Player moves: g6

  a b c d e f g h
1 . . . O . . . .
2 . . O O * . . .
3 @ @ @ O @ O . .
4 * * @ @ O O . .
5 . * * @ @ O . .
6 . . * * @ @ @ .
7 . . . * * * . *
8 . . . . . . . .
Score: 11-8

Valid moves: e2  a4  b4  b5  c5  c6  d6  d7  e7  f7  h7  
Time remaining. Increasing depth to 2
Time remaining. Increasing depth to 3
Time remaining. Increasing depth to 4
Time remaining. Increasing depth to 5
Time remaining. Increasing depth to 6

Examined 87897/211883 game states in 10.019 s (timed out).

Opponent moves: f7

  a b c d e f g h
1 . * * O * . . .
2 . . O O * . * .
3 @ @ @ O @ O * .
4 . . @ @ O O * .
5 . . . @ @ O * .
6 . . . . @ O @ .
7 . . . . . O * .
8 . . . . * . * .
Score: 10-10

Valid moves: b1  c1  e1  e2  g2  g3  g4  g5  g7  e8  g8  
Time remaining. Increasing depth to 2
Time remaining. Increasing depth to 3
Time remaining. Increasing depth to 4
Time remaining. Increasing depth to 5
Time remaining. Increasing depth to 6

Examined 64040/165341 game states in 10.001 s (timed out).

Player moves: g5

  a b c d e f g h
1 . . . O . . . .
2 * * O O * . . .
3 @ @ @ O @ O . .
4 * * @ @ O @ * *
5 . * * @ @ @ @ *
6 . . * * @ O @ *
7 . . . . * O . *
8 . . . . . . . .
Score: 13-8

Valid moves: a2  b2  e2  a4  b4  g4  h4  b5  c5  h5  c6  d6  h6  e7  h7  
Time remaining. Increasing depth to 2
Time remaining. Increasing depth to 3
Time remaining. Increasing depth to 4
Time remaining. Increasing depth to 5
Time remaining. Increasing depth to 6

Examined 81851/252530 game states in 10.001 s (timed out).

Opponent moves: c5

  a b c d e f g h
1 . * * O . . . .
2 . * O O . * * .
3 @ @ O O @ O * .
4 . * O @ O @ . .
5 . * O @ @ @ @ .
6 . * . . @ O @ .
7 . . . . * O * .
8 . . . . * * * .
Score: 11-11

Valid moves: b1  c1  b2  f2  g2  g3  b4  b5  b6  e7  g7  e8  f8  g8  
Time remaining. Increasing depth to 2
Time remaining. Increasing depth to 3
Time remaining. Increasing depth to 4
Time remaining. Increasing depth to 5
Time remaining. Increasing depth to 6

Examined 88824/254438 game states in 10.002 s (timed out).

Player moves: f8

  a b c d e f g h
1 . . . O . . . .
2 * . O O * * . .
3 @ @ O O @ O . .
4 * . O @ O @ * .
5 . . O @ @ @ @ *
6 . . * * @ @ @ *
7 . . . . * @ * *
8 . . . . . @ * .
Score: 14-9

Valid moves: a2  e2  f2  a4  g4  h5  c6  d6  h6  e7  g7  h7  g8  
Time remaining. Increasing depth to 2
Time remaining. Increasing depth to 3
Time remaining. Increasing depth to 4
Time remaining. Increasing depth to 5
Time remaining. Increasing depth to 6

Examined 84478/208179 game states in 10.001 s (timed out).

Opponent moves: c6

  a b c d e f g h
1 . * * O . . . .
2 . * O O . * . .
3 @ @ O O @ O * .
4 . * O @ O @ . .
5 . * O O @ @ @ .
6 . * O * @ @ @ .
7 . . . . . @ . .
8 . . . . . @ . .
Score: 13-11

Valid moves: b1  c1  b2  f2  g3  b4  b5  b6  d6  
Time remaining. Increasing depth to 2
Time remaining. Increasing depth to 3
Time remaining. Increasing depth to 4
Time remaining. Increasing depth to 5
Time remaining. Increasing depth to 6

Examined 82898/206309 game states in 10.001 s (timed out).

Player moves: b1

  a b c d e f g h
1 . @ * O . . . .
2 * * @ O * * . .
3 @ @ O @ @ O . .
4 * . O @ @ @ * .
5 . . O O @ @ @ *
6 . . O . @ @ @ *
7 . . . . . @ * .
8 . . . . . @ * .
Score: 17-8

Valid moves: c1  a2  b2  e2  f2  a4  g4  h5  h6  g7  g8  
Time remaining. Increasing depth to 2
Time remaining. Increasing depth to 3
Time remaining. Increasing depth to 4
Time remaining. Increasing depth to 5
Time remaining. Increasing depth to 6

Examined 71202/200059 game states in 10.002 s (timed out).

Opponent moves: e2

  a b c d e f g h
1 . @ * O * . . .
2 . * @ O O * * .
3 @ @ O O @ O * .
4 . * O @ @ @ . .
5 . * O O @ @ @ .
6 . * O * @ @ @ .
7 . * * . . @ . .
8 . . . . . @ . .
Score: 16-10

Valid moves: c1  e1  b2  f2  g2  g3  b4  b5  b6  d6  b7  c7  
Time remaining. Increasing depth to 2
Time remaining. Increasing depth to 3
Time remaining. Increasing depth to 4
Time remaining. Increasing depth to 5
Time remaining. Increasing depth to 6

Examined 40961/144070 game states in 10.002 s (timed out).

Player moves: c7

  a b c d e f g h
1 . @ . O . . . .
2 * * @ O O . . .
3 @ @ @ O @ O . .
4 * * @ @ @ @ . .
5 . * @ O @ @ @ *
6 . . @ . @ @ @ *
7 . * @ . * @ . *
8 . . . . . @ * .
Score: 21-6

Valid moves: a2  b2  a4  b4  b5  h5  h6  b7  e7  h7  g8  
Time remaining. Increasing depth to 2
Time remaining. Increasing depth to 3
Time remaining. Increasing depth to 4
Time remaining. Increasing depth to 5
Time remaining. Increasing depth to 6

Examined 61931/147507 game states in 10.002 s (timed out).

Opponent moves: b5

  a b c d e f g h
1 . @ * O * . . .
2 . . @ O O * * .
3 @ @ @ O @ O * .
4 * * O @ @ @ . .
5 * O O O @ @ @ .
6 . * @ * @ @ @ .
7 . . @ . . @ . .
8 . . . . . @ . .
Score: 19-9

Valid moves: c1  e1  f2  g2  g3  a4  b4  a5  b6  d6  
Time remaining. Increasing depth to 2
Time remaining. Increasing depth to 3
Time remaining. Increasing depth to 4
Time remaining. Increasing depth to 5
Time remaining. Increasing depth to 6

Examined 55808/171084 game states in 10.001 s (timed out).

Player moves: a4

  a b c d e f g h
1 . @ * O . . . .
2 * * @ O O * . .
3 @ @ @ O @ O . .
4 @ * O @ @ @ * .
5 * @ O O @ @ @ *
6 * . @ . @ @ @ *
7 . * @ . * @ . *
8 . . * . . @ * .
Score: 21-8

Valid moves: c1  a2  b2  f2  b4  g4  a5  h5  a6  h6  b7  e7  h7  c8  g8  
Time remaining. Increasing depth to 2
Time remaining. Increasing depth to 3
Time remaining. Increasing depth to 4
Time remaining. Increasing depth to 5
Time remaining. Increasing depth to 6

Examined 68465/163766 game states in 10.001 s (timed out).

Opponent moves: a6

  a b c d e f g h
1 . @ * O * . . .
2 . . @ O O * * .
3 @ @ @ O @ O * .
4 @ * O @ @ @ . .
5 * O O O @ @ @ .
6 O * @ * @ @ @ .
7 . . @ . . @ . .
8 . . . . . @ . .
Score: 20-10

Valid moves: c1  e1  f2  g2  g3  b4  a5  b6  d6  
Time remaining. Increasing depth to 2
Time remaining. Increasing depth to 3
Time remaining. Increasing depth to 4
Time remaining. Increasing depth to 5
Time remaining. Increasing depth to 6

Examined 71544/219677 game states in 10.001 s (timed out).

Player moves: b4

  a b c d e f g h
1 . @ * O . . . .
2 * * @ O O * . .
3 @ @ @ O @ O . .
4 @ @ @ @ @ @ . .
5 * O O O @ @ @ *
6 O . @ . @ @ @ *
7 . * @ * * @ . *
8 . . * . . @ * .
Score: 22-9

Valid moves: c1  a2  b2  f2  a5  h5  h6  b7  d7  e7  h7  c8  g8  
Time remaining. Increasing depth to 2
Time remaining. Increasing depth to 3
Time remaining. Increasing depth to 4
Time remaining. Increasing depth to 5
Time remaining. Increasing depth to 6

Examined 102881/241436 game states in 10.001 s (timed out).

Opponent moves: h6

  a b c d e f g h
1 . @ . O * * . .
2 . . @ O O * * .
3 @ @ @ O O O * .
4 @ @ @ @ @ O * *
5 * O O O @ @ O *
6 O * @ * @ @ @ O
7 . . @ . . @ . .
8 . . . . . @ . .
Score: 19-13

Valid moves: e1  f1  f2  g2  g3  g4  h4  a5  h5  b6  d6  
Time remaining. Increasing depth to 2
Time remaining. Increasing depth to 3
Time remaining. Increasing depth to 4
Time remaining. Increasing depth to 5
Time remaining. Increasing depth to 6
Time remaining. Increasing depth to 7

Examined 109694/288284 game states in 10.002 s (timed out).

Player moves: f1

  a b c d e f g h
1 . @ * O * @ . .
2 * * @ O @ * . .
3 @ @ @ @ O O . .
4 @ @ @ @ @ O . .
5 * O O O @ @ O .
6 O . @ * @ @ @ O
7 . * @ * * @ * .
8 . . * . . @ * .
Score: 22-11

Valid moves: c1  e1  a2  b2  f2  a5  d6  b7  d7  e7  g7  c8  g8  
Time remaining. Increasing depth to 2
Time remaining. Increasing depth to 3
Time remaining. Increasing depth to 4
Time remaining. Increasing depth to 5
Time remaining. Increasing depth to 6

Examined 121996/277626 game states in 10.001 s (timed out).

Opponent moves: d6

  a b c d e f g h
1 . @ . O * @ . .
2 . . @ O @ * * .
3 @ @ @ @ O O * .
4 @ @ @ @ @ O * .
5 * O O O O @ O *
6 O * @ O O O O O
7 . . @ * * @ * *
8 . . . . . @ . .
Score: 18-16

Valid moves: e1  f2  g2  g3  g4  a5  h5  b6  d7  e7  g7  h7  
Time remaining. Increasing depth to 2
Time remaining. Increasing depth to 3
Time remaining. Increasing depth to 4
Time remaining. Increasing depth to 5
Time remaining. Increasing depth to 6

Examined 105333/299173 game states in 10.001 s (timed out).

Player moves: b6

  a b c d e f g h
1 . @ . O * @ . .
2 * * @ O @ * . .
3 @ @ @ @ O O . .
4 @ @ @ @ @ O * .
5 * @ @ O O @ O .
6 O @ @ O O O O O
7 * * @ . . @ . .
8 . * . . * @ * .
Score: 21-14

Valid moves: e1  a2  b2  f2  g4  a5  a7  b7  b8  e8  g8  
Time remaining. Increasing depth to 2
Time remaining. Increasing depth to 3
Time remaining. Increasing depth to 4
Time remaining. Increasing depth to 5
Time remaining. Increasing depth to 6

Examined 130097/291970 game states in 10.001 s (timed out).

Opponent moves: a7

  a b c d e f g h
1 . @ . O * @ . .
2 . . @ O @ * * .
3 @ @ @ @ O O * .
4 @ @ @ O @ O * .
5 * @ O O O @ O *
6 O O @ O O O O O
7 O * @ * * @ * *
8 . . . . . @ . .
Score: 18-18

Valid moves: e1  f2  g2  g3  g4  a5  h5  b7  d7  e7  g7  h7  
Time remaining. Increasing depth to 2
Time remaining. Increasing depth to 3
Time remaining. Increasing depth to 4
Time remaining. Increasing depth to 5
Time remaining. Increasing depth to 6

Examined 109860/299357 game states in 10.001 s (timed out).

Player moves: e7

  a b c d e f g h
1 . @ . O * @ . .
2 * * @ O @ * . .
3 @ @ @ @ O O . .
4 @ @ @ O @ O . .
5 * @ @ O @ @ O .
6 O O @ @ @ O O O
7 O * @ * @ @ . .
8 . * . * * @ * .
Score: 23-14

Valid moves: e1  a2  b2  f2  a5  b7  d7  b8  d8  e8  g8  
Time remaining. Increasing depth to 2
Time remaining. Increasing depth to 3
Time remaining. Increasing depth to 4
Time remaining. Increasing depth to 5
Time remaining. Increasing depth to 6

Examined 129647/311946 game states in 10.001 s (timed out).

Opponent moves: d8

  a b c d e f g h
1 . @ . O * @ . .
2 . . @ O @ * * .
3 @ @ @ @ O O * .
4 @ @ @ O @ O * .
5 . @ @ O @ @ O *
6 O O @ @ @ O O O
7 O * O * O @ * *
8 . * * O * @ . .
Score: 21-17

Valid moves: e1  f2  g2  g3  g4  h5  b7  d7  g7  h7  b8  c8  e8  
Time remaining. Increasing depth to 2
Time remaining. Increasing depth to 3
Time remaining. Increasing depth to 4
Time remaining. Increasing depth to 5
Time remaining. Increasing depth to 6
Time remaining. Increasing depth to 7

Examined 133410/311393 game states in 10.001 s (timed out).

Player moves: d7

  a b c d e f g h
1 . @ * O * @ . .
2 * * @ O @ * . .
3 @ @ @ @ O O . .
4 @ @ @ O @ O . .
5 * @ @ O @ @ O .
6 O O @ @ @ O O O
7 O * O @ @ @ * .
8 . . . O * @ * .
Score: 23-16

Valid moves: c1  e1  a2  b2  f2  a5  b7  g7  e8  g8  
Time remaining. Increasing depth to 2
Time remaining. Increasing depth to 3
Time remaining. Increasing depth to 4
Time remaining. Increasing depth to 5
Time remaining. Increasing depth to 6
Time remaining. Increasing depth to 7

Examined 138350/320570 game states in 10.002 s (timed out).

Opponent moves: g8

  a b c d e f g h
1 . @ . O * @ . .
2 . . @ O @ * * .
3 @ @ @ @ O O * .
4 @ @ @ O @ O * *
5 . @ @ O @ @ O *
6 O O @ @ O O O O
7 O * O @ @ O * *
8 . * * O . @ O *
Score: 21-19

Valid moves: e1  f2  g2  g3  g4  h4  h5  b7  g7  h7  b8  c8  h8  
Time remaining. Increasing depth to 2
Time remaining. Increasing depth to 3
Time remaining. Increasing depth to 4
Time remaining. Increasing depth to 5
Time remaining. Increasing depth to 6
Time remaining. Increasing depth to 7

Examined 152168/331543 game states in 10.001 s (timed out).

Player moves: h8

  a b c d e f g h
1 . @ * O * @ . .
2 * * @ O @ * . .
3 @ @ @ @ O O . .
4 @ @ @ O @ O * .
5 * @ @ O @ @ O .
6 O O @ @ O O O O
7 O * O @ @ O . .
8 . . * O * @ @ @
Score: 23-18

Valid moves: c1  e1  a2  b2  f2  g4  a5  b7  c8  e8  
Time remaining. Increasing depth to 2
Time remaining. Increasing depth to 3
Time remaining. Increasing depth to 4
Time remaining. Increasing depth to 5
Time remaining. Increasing depth to 6
Time remaining. Increasing depth to 7

Examined 137424/335801 game states in 10.001 s (timed out).

Opponent moves: g4

  a b c d e f g h
1 . @ . O * @ . .
2 . . @ O @ * * .
3 @ @ @ @ O O * *
4 @ @ @ O @ O O *
5 . @ @ O @ O O *
6 O O @ @ O O O O
7 O * O @ @ O * *
8 . * * O . @ @ @
Score: 22-20

Valid moves: e1  f2  g2  g3  h3  h4  h5  b7  g7  h7  b8  c8  
Time remaining. Increasing depth to 2
Time remaining. Increasing depth to 3
Time remaining. Increasing depth to 4
Time remaining. Increasing depth to 5
Time remaining. Increasing depth to 6

Examined 106030/246220 game states in 10.009 s (timed out).

Player moves: h7

  a b c d e f g h
1 . @ * O * @ . .
2 * * @ O @ * . .
3 @ @ @ @ O O . .
4 @ @ @ O @ O O .
5 * @ @ O @ @ O *
6 O O @ @ O O @ O
7 O * O @ @ O * @
8 . . * O * @ @ @
Score: 25-18

Valid moves: c1  e1  a2  b2  f2  a5  h5  b7  g7  c8  e8  
Time remaining. Increasing depth to 2
Time remaining. Increasing depth to 3
Time remaining. Increasing depth to 4
Time remaining. Increasing depth to 5
Time remaining. Increasing depth to 6

Examined 108989/266949 game states in 10.001 s (timed out).

Opponent moves: g7

  a b c d e f g h
1 . @ . O * @ . .
2 . . @ O @ * * .
3 @ @ @ @ O O * *
4 @ @ @ O @ O O *
5 . @ @ O @ @ O *
6 O O @ @ O O O O
7 O * O @ @ O O @
8 . * * O . @ @ @
Score: 24-20

Valid moves: e1  f2  g2  g3  h3  h4  h5  b7  b8  c8  
Time remaining. Increasing depth to 2
Time remaining. Increasing depth to 3
Time remaining. Increasing depth to 4
Time remaining. Increasing depth to 5
Time remaining. Increasing depth to 6
Time remaining. Increasing depth to 7

Examined 151653/346417 game states in 10.001 s (timed out).

Player moves: b8

  a b c d e f g h
1 . @ . O * @ . .
2 * * @ O @ * . .
3 @ @ @ @ O O . .
4 @ @ @ O @ O O .
5 * @ @ O @ @ O .
6 O O @ @ O O O O
7 O * @ @ @ O O @
8 . @ * O * @ @ @
Score: 26-19

Valid moves: e1  a2  b2  f2  a5  b7  c8  e8  
Time remaining. Increasing depth to 2
Time remaining. Increasing depth to 3
Time remaining. Increasing depth to 4
Time remaining. Increasing depth to 5
Time remaining. Increasing depth to 6
Time remaining. Increasing depth to 7

Examined 196345/369839 game states in 10.001 s (timed out).

Opponent moves: b2

  a b c d e f g h
1 * @ * O . @ . .
2 * O O O @ * * .
3 @ O O @ O O * *
4 @ O @ O @ O O *
5 * O @ O @ @ O *
6 O O @ @ O O O O
7 O * @ @ @ O O @
8 . @ . O . @ @ @
Score: 21-25

Valid moves: a1  c1  a2  f2  g2  g3  h3  h4  a5  h5  b7  
Time remaining. Increasing depth to 2
Time remaining. Increasing depth to 3
Time remaining. Increasing depth to 4
Time remaining. Increasing depth to 5
Time remaining. Increasing depth to 6
Time remaining. Increasing depth to 7
Time remaining. Increasing depth to 8

Examined 137854/383658 game states in 10.001 s (timed out).

Player moves: a5

  a b c d e f g h
1 . @ . O * @ . .
2 * O O O @ * . .
3 @ O O @ O O . .
4 @ O @ O @ O O .
5 @ @ @ O @ @ O .
6 O @ @ @ O O O O
7 O * @ @ @ O O @
8 . @ * O * @ @ @
Score: 24-23

Valid moves: e1  a2  f2  b7  c8  e8  
Time remaining. Increasing depth to 2
Time remaining. Increasing depth to 3
Time remaining. Increasing depth to 4
Time remaining. Increasing depth to 5
Time remaining. Increasing depth to 6
Time remaining. Increasing depth to 7
Time remaining. Increasing depth to 8

Examined 218261/372517 game states in 10.002 s (timed out).

Opponent moves: e1

  a b c d e f g h
1 * @ * O O @ . .
2 * O O O O * * .
3 @ O O @ O O * *
4 @ O @ O @ O O *
5 @ @ @ O @ @ O *
6 O @ @ @ O O O O
7 O . @ @ @ O O @
8 * @ . O . @ @ @
Score: 23-25

Valid moves: a1  c1  a2  f2  g2  g3  h3  h4  h5  a8  
Time remaining. Increasing depth to 2
Time remaining. Increasing depth to 3
Time remaining. Increasing depth to 4
Time remaining. Increasing depth to 5
Time remaining. Increasing depth to 6
Time remaining. Increasing depth to 7
Time remaining. Increasing depth to 8

Examined 207758/386613 game states in 10.001 s (timed out).

Player moves: a8

  a b c d e f g h
1 . @ . O O @ * .
2 . O O O O . . .
3 @ O O @ O O . .
4 @ O @ O @ O O .
5 @ @ @ O @ @ O .
6 @ @ @ @ O O O O
7 @ * @ @ @ O O @
8 @ @ * O * @ @ @
Score: 26-23

Valid moves: g1  b7  c8  e8  
Time remaining. Increasing depth to 2
Time remaining. Increasing depth to 3
Time remaining. Increasing depth to 4
Time remaining. Increasing depth to 5
Time remaining. Increasing depth to 6
Time remaining. Increasing depth to 7
Time remaining. Increasing depth to 8
Time remaining. Increasing depth to 9

Examined 237063/394556 game states in 10.001 s (timed out).

Opponent moves: g1

  a b c d e f g h
1 * @ * O O O O .
2 * O O O O * * .
3 @ O O @ O O * *
4 @ O @ O @ O O *
5 @ @ @ O @ @ O *
6 @ @ @ @ O O O O
7 @ . @ @ @ O O @
8 @ @ . O . @ @ @
Score: 25-25

Valid moves: a1  c1  a2  f2  g2  g3  h3  h4  h5  
Time remaining. Increasing depth to 2
Time remaining. Increasing depth to 3
Time remaining. Increasing depth to 4
Time remaining. Increasing depth to 5
Time remaining. Increasing depth to 6
Time remaining. Increasing depth to 7
Time remaining. Increasing depth to 8

Examined 248615/382076 game states in 10.001 s (timed out).

Player moves: a1

  a b c d e f g h
1 @ @ . O O O O .
2 * @ O O O . . .
3 @ O @ @ O O . .
4 @ O @ @ @ O O .
5 @ @ @ O @ @ O .
6 @ @ @ @ O O O O
7 @ * @ @ @ O O @
8 @ @ * O * @ @ @
Score: 29-22

Valid moves: a2  b7  c8  e8  
Time remaining. Increasing depth to 2
Time remaining. Increasing depth to 3
Time remaining. Increasing depth to 4
Time remaining. Increasing depth to 5
Time remaining. Increasing depth to 6
Time remaining. Increasing depth to 7
Time remaining. Increasing depth to 8
Time remaining. Increasing depth to 9

Examined 191162/341274 game states in 10.002 s (timed out).

Opponent moves: a2

  a b c d e f g h
1 @ @ * O O O O .
2 O O O O O * * .
3 @ O @ @ O O * *
4 @ O @ @ @ O O *
5 @ @ @ O @ @ O *
6 @ @ @ @ O O O O
7 @ . @ @ @ O O @
8 @ @ . O . @ @ @
Score: 28-24

Valid moves: c1  f2  g2  g3  h3  h4  h5  
Time remaining. Increasing depth to 2
Time remaining. Increasing depth to 3
Time remaining. Increasing depth to 4
Time remaining. Increasing depth to 5
Time remaining. Increasing depth to 6
Time remaining. Increasing depth to 7
Time remaining. Increasing depth to 8
Time remaining. Increasing depth to 9

Examined 230998/339477 game states in 10.002 s (timed out).

Player moves: c1

  a b c d e f g h
1 @ @ @ O O O O .
2 O @ @ O O . . .
3 @ O @ @ O O . .
4 @ O @ @ @ O O .
5 @ @ @ O @ @ O .
6 @ @ @ @ O O O O
7 @ * @ @ @ O O @
8 @ @ * O * @ @ @
Score: 31-22

Valid moves: b7  c8  e8  
Time remaining. Increasing depth to 2
Time remaining. Increasing depth to 3
Time remaining. Increasing depth to 4
Time remaining. Increasing depth to 5
Time remaining. Increasing depth to 6
Time remaining. Increasing depth to 7
Time remaining. Increasing depth to 8
Time remaining. Increasing depth to 9

Examined 212899/318799 game states in 10.002 s (timed out).

Opponent moves: b7

  a b c d e f g h
1 @ @ @ O O O O *
2 O @ @ O O * * .
3 @ O @ @ O O * *
4 @ O @ @ @ O O *
5 @ O @ O @ @ O *
6 @ O O @ O O O O
7 @ O O O O O O @
8 @ @ * O * @ @ @
Score: 25-29

Valid moves: h1  f2  g2  g3  h3  h4  h5  c8  e8  
Time remaining. Increasing depth to 2
Time remaining. Increasing depth to 3
Time remaining. Increasing depth to 4
Time remaining. Increasing depth to 5
Time remaining. Increasing depth to 6
Time remaining. Increasing depth to 7
Time remaining. Increasing depth to 8
Time remaining. Increasing depth to 9

Examined 175697/213216 game states in 10.002 s (timed out).

Player moves: h5

  a b c d e f g h
1 @ @ @ O O O O .
2 O @ @ O O . . .
3 @ O @ @ O O . .
4 @ O @ @ @ O O *
5 @ O @ O @ @ @ @
6 @ O O @ O O O @
7 @ O O O O O O @
8 @ @ . O . @ @ @
Score: 28-27

Valid moves: h4  
Time remaining. Increasing depth to 2
Time remaining. Increasing depth to 3
Time remaining. Increasing depth to 4
Time remaining. Increasing depth to 5
Time remaining. Increasing depth to 6
Time remaining. Increasing depth to 7
Time remaining. Increasing depth to 8
Time remaining. Increasing depth to 9
Time remaining. Increasing depth to 10

Examined 241490/241643 game states in 10.001 s (timed out).

Opponent moves: h4

  a b c d e f g h
1 @ @ @ O O O O *
2 O @ @ O O * * .
3 @ O @ @ O O * *
4 @ O @ @ @ O O O
5 @ O @ O @ @ O @
6 @ O O @ O O O @
7 @ O O O O O O @
8 @ @ * O * @ @ @
Score: 27-29

Valid moves: h1  f2  g2  g3  h3  c8  e8  
Time remaining. Increasing depth to 2
Time remaining. Increasing depth to 3
Time remaining. Increasing depth to 4
Time remaining. Increasing depth to 5
Time remaining. Increasing depth to 6
Time remaining. Increasing depth to 7
Time remaining. Increasing depth to 8
Time remaining. Increasing depth to 9
Time remaining. Increasing depth to 10

Examined 344787/325088 game states in 10.001 s (timed out).

Player moves: g3

  a b c d e f g h
1 @ @ @ O O O O .
2 O @ @ O O * * *
3 @ O @ @ @ @ @ *
4 @ O @ @ @ @ @ O
5 @ O @ O @ @ @ @
6 @ O O @ O O @ @
7 @ O O O O O @ @
8 @ @ . O . @ @ @
Score: 35-22

Valid moves: f2  g2  h2  h3  
Time remaining. Increasing depth to 2
Time remaining. Increasing depth to 3
Time remaining. Increasing depth to 4
Time remaining. Increasing depth to 5
Time remaining. Increasing depth to 6
Time remaining. Increasing depth to 7
Time remaining. Increasing depth to 8
Time remaining. Increasing depth to 9
Time remaining. Increasing depth to 10
Time remaining. Increasing depth to 11
Time remaining. Increasing depth to 12

Examined 727612/588408 game states in 10.002 s (timed out).

Opponent moves: f2

  a b c d e f g h
1 @ @ @ O O O O *
2 O @ @ O O O * *
3 @ O @ @ O O O *
4 @ O @ O @ O @ O
5 @ O O O @ O @ @
6 @ O O @ O O @ @
7 @ O O O O O @ @
8 @ @ * O * @ @ @
Score: 28-30

Valid moves: h1  g2  h2  h3  c8  e8  
Time remaining. Increasing depth to 2
Time remaining. Increasing depth to 3
Time remaining. Increasing depth to 4
Time remaining. Increasing depth to 5
Time remaining. Increasing depth to 6
Time remaining. Increasing depth to 7
Time remaining. Increasing depth to 8
Time remaining. Increasing depth to 9
Time remaining. Increasing depth to 10
Time remaining. Increasing depth to 11
Time remaining. Increasing depth to 12
Time remaining. Increasing depth to 13

Examined 1179339/904684 game states in 10.001 s (timed out).

Player moves: h1

  a b c d e f g h
1 @ @ @ @ @ @ @ @
2 O @ @ O O O . .
3 @ O @ @ O O O *
4 @ O @ O @ O @ O
5 @ O O O @ O @ @
6 @ O O @ O O @ @
7 @ O O O O O @ @
8 @ @ . O . @ @ @
Score: 33-26

Valid moves: h3  
Time remaining. Increasing depth to 2
Time remaining. Increasing depth to 3
Time remaining. Increasing depth to 4
Time remaining. Increasing depth to 5
Time remaining. Increasing depth to 6
Time remaining. Increasing depth to 7
Time remaining. Increasing depth to 8
Time remaining. Increasing depth to 9
Time remaining. Increasing depth to 10
Time remaining. Increasing depth to 11
Time remaining. Increasing depth to 12
Time remaining. Increasing depth to 13
Time remaining. Increasing depth to 14
Time remaining. Increasing depth to 15
Time remaining. Increasing depth to 16

Examined 1773521/1356285 game states in 10.001 s (timed out).

Opponent moves: h3

  a b c d e f g h
1 @ @ @ @ @ @ @ @
2 O @ @ O O O * *
3 @ O @ @ O O O O
4 @ O @ O @ O O O
5 @ O O O @ O @ @
6 @ O O @ O O @ @
7 @ O O O O O @ @
8 @ @ * O * @ @ @
Score: 32-28

Valid moves: g2  h2  c8  e8  
Time remaining. Increasing depth to 2
Time remaining. Increasing depth to 3
Time remaining. Increasing depth to 4
Time remaining. Increasing depth to 5
Time remaining. Increasing depth to 6
Time remaining. Increasing depth to 7
Time remaining. Increasing depth to 8
Time remaining. Increasing depth to 9
Time remaining. Increasing depth to 10
Time remaining. Increasing depth to 11
Time remaining. Increasing depth to 12
Time remaining. Increasing depth to 13
Time remaining. Increasing depth to 14
Time remaining. Increasing depth to 15
Time remaining. Increasing depth to 16

Examined 2044904/1557309 game states in 10.001 s (timed out).

Player moves: c8

  a b c d e f g h
1 @ @ @ @ @ @ @ @
2 O @ @ O O O . .
3 @ O @ @ O O O O
4 @ O @ O @ O O O
5 @ O @ O @ O @ @
6 @ O @ @ O O @ @
7 @ @ @ O O O @ @
8 @ @ @ O . @ @ @
Score: 37-24

  a b c d e f g h
1 @ @ @ @ @ @ @ @
2 O @ @ O O O * *
3 @ O @ @ O O O O
4 @ O @ O @ O O O
5 @ O @ O @ O @ @
6 @ O @ @ O O @ @
7 @ @ @ O O O @ @
8 @ @ @ O * @ @ @
Score: 37-24

Valid moves: g2  h2  e8  
Time remaining. Increasing depth to 2
Time remaining. Increasing depth to 3
Time remaining. Increasing depth to 4
Time remaining. Increasing depth to 5
Time remaining. Increasing depth to 6
Time remaining. Increasing depth to 7
Time remaining. Increasing depth to 8
Time remaining. Increasing depth to 9
Time remaining. Increasing depth to 10
Time remaining. Increasing depth to 11
Time remaining. Increasing depth to 12
Time remaining. Increasing depth to 13
Time remaining. Increasing depth to 14
Time remaining. Increasing depth to 15
Time remaining. Increasing depth to 16
Time remaining. Increasing depth to 17

Examined 1959489/1508438 game states in 10.001 s (timed out).

Player moves: h2

  a b c d e f g h
1 @ @ @ @ @ @ @ @
2 O @ @ O O O * @
3 @ O @ @ O O @ @
4 @ O @ O @ @ O @
5 @ O @ O @ O @ @
6 @ O @ @ O O @ @
7 @ @ @ O O O @ @
8 @ @ @ O . @ @ @
Score: 42-20

Valid moves: g2  
Time remaining. Increasing depth to 2
Time remaining. Increasing depth to 3
Time remaining. Increasing depth to 4
Time remaining. Increasing depth to 5
Time remaining. Increasing depth to 6
Time remaining. Increasing depth to 7
Time remaining. Increasing depth to 8
Time remaining. Increasing depth to 9
Time remaining. Increasing depth to 10
Time remaining. Increasing depth to 11
Time remaining. Increasing depth to 12
Time remaining. Increasing depth to 13
Time remaining. Increasing depth to 14
Time remaining. Increasing depth to 15
Time remaining. Increasing depth to 16
Time remaining. Increasing depth to 17
Time remaining. Increasing depth to 18

Examined 2025878/1550766 game states in 10.001 s (timed out).

Opponent moves: g2

  a b c d e f g h
1 @ @ @ @ @ @ @ @
2 O @ @ O O O O @
3 @ O @ @ O O O @
4 @ O @ O @ @ O @
5 @ O @ O @ O @ @
6 @ O @ @ O O @ @
7 @ @ @ O O O @ @
8 @ @ @ O * @ @ @
Score: 41-22

Valid moves: e8  
Time remaining. Increasing depth to 2
Time remaining. Increasing depth to 3
Time remaining. Increasing depth to 4
Time remaining. Increasing depth to 5
Time remaining. Increasing depth to 6
Time remaining. Increasing depth to 7
Time remaining. Increasing depth to 8
Time remaining. Increasing depth to 9
Time remaining. Increasing depth to 10
Time remaining. Increasing depth to 11
Time remaining. Increasing depth to 12
Time remaining. Increasing depth to 13
Time remaining. Increasing depth to 14
Time remaining. Increasing depth to 15
Time remaining. Increasing depth to 16
Time remaining. Increasing depth to 17
Time remaining. Increasing depth to 18

Examined 1874819/1433273 game states in 10.001 s (timed out).

Player moves: e8

  a b c d e f g h
1 @ @ @ @ @ @ @ @
2 O @ @ O O O O @
3 @ O @ @ O O O @
4 @ O @ O @ @ O @
5 @ O @ O @ O @ @
6 @ O @ @ @ O @ @
7 @ @ @ @ @ @ @ @
8 @ @ @ @ @ @ @ @
Score: 47-17
YOU WIN. EXCELLENT.
Game over.

Game took 612.126 s.
